2026-04-29 19:42:42,568 INFO train: GPU l40s
2026-04-29 19:42:46,075 INFO train: Vocab size: 8,192
2026-04-29 19:42:46,077 INFO train: Model config: {'sequence_len': 2048, 'vocab_size': 8192, 'n_layer': 4, 'n_head': 2, 'n_kv_head': 2, 'n_embd': 256, 'window_pattern': 'L'}
2026-04-29 19:42:46,458 INFO train: Parameter counts:
2026-04-29 19:42:46,460 INFO train:   wte                     : 2,097,152
2026-04-29 19:42:46,461 INFO train:   value_embeds            : 4,194,304
2026-04-29 19:42:46,461 INFO train:   lm_head                 : 2,097,152
2026-04-29 19:42:46,461 INFO train:   transformer_matrices    : 3,145,856
2026-04-29 19:42:46,461 INFO train:   scalars                 : 8
2026-04-29 19:42:46,462 INFO train:   total                   : 11,534,472
2026-04-29 19:42:46,462 INFO train: Estimated FLOPs per token: 5.662387e+07
2026-04-29 19:42:46,462 INFO train: Scaling AdamW LRs by 1/sqrt(256/768) = 1.732051
2026-04-29 19:42:47,985 INFO train: Time budget: 300s
2026-04-29 19:42:47,986 INFO train: Gradient accumulation steps: 1
2026-04-29 19:43:14,126 INFO train: step 00000 (0.0%) | loss: 9.010218 | lrm: 1.00 | mfu: 0.0% | epoch: 1 | remaining: 300s
2026-04-29 19:43:21,209 INFO train: step 00050 (1.7%) | loss: 2.888518 | lrm: 1.00 | mfu: 5.6% | epoch: 1 | remaining: 295s
2026-04-29 19:43:27,918 INFO train: step 00100 (3.9%) | loss: 2.303376 | lrm: 1.00 | mfu: 5.6% | epoch: 1 | remaining: 288s
2026-04-29 19:43:34,675 INFO train: step 00150 (6.2%) | loss: 2.123473 | lrm: 1.00 | mfu: 5.9% | epoch: 1 | remaining: 281s
2026-04-29 19:43:41,491 INFO train: step 00200 (8.4%) | loss: 2.032453 | lrm: 1.00 | mfu: 5.6% | epoch: 1 | remaining: 275s
2026-04-29 19:43:48,191 INFO train: step 00250 (10.6%) | loss: 1.967394 | lrm: 1.00 | mfu: 5.6% | epoch: 1 | remaining: 268s
2026-04-29 19:43:54,954 INFO train: step 00300 (12.9%) | loss: 1.927770 | lrm: 1.00 | mfu: 6.0% | epoch: 1 | remaining: 261s
2026-04-29 19:44:01,780 INFO train: step 00350 (15.1%) | loss: 1.896224 | lrm: 1.00 | mfu: 6.0% | epoch: 1 | remaining: 255s
2026-04-29 19:44:08,538 INFO train: step 00400 (17.3%) | loss: 1.858058 | lrm: 1.00 | mfu: 6.0% | epoch: 1 | remaining: 248s
2026-04-29 19:44:15,320 INFO train: step 00450 (19.6%) | loss: 1.844528 | lrm: 1.00 | mfu: 5.9% | epoch: 1 | remaining: 241s
2026-04-29 19:44:22,080 INFO train: step 00500 (21.8%) | loss: 1.824407 | lrm: 1.00 | mfu: 5.9% | epoch: 1 | remaining: 235s
2026-04-29 19:44:28,885 INFO train: step 00550 (24.0%) | loss: 1.828485 | lrm: 1.00 | mfu: 5.7% | epoch: 1 | remaining: 228s
2026-04-29 19:44:35,714 INFO train: step 00600 (26.3%) | loss: 1.798547 | lrm: 1.00 | mfu: 5.8% | epoch: 1 | remaining: 221s
2026-04-29 19:44:42,543 INFO train: step 00650 (28.5%) | loss: 1.790299 | lrm: 1.00 | mfu: 5.9% | epoch: 1 | remaining: 214s
2026-04-29 19:44:49,305 INFO train: step 00700 (30.8%) | loss: 1.777670 | lrm: 0.99 | mfu: 5.5% | epoch: 1 | remaining: 208s
2026-04-29 19:44:56,084 INFO train: step 00750 (33.0%) | loss: 1.770018 | lrm: 0.96 | mfu: 5.8% | epoch: 1 | remaining: 201s
2026-04-29 19:45:02,812 INFO train: step 00800 (35.2%) | loss: 1.768897 | lrm: 0.93 | mfu: 4.5% | epoch: 1 | remaining: 194s
2026-04-29 19:45:09,561 INFO train: step 00850 (37.4%) | loss: 1.750372 | lrm: 0.89 | mfu: 6.1% | epoch: 1 | remaining: 188s
2026-04-29 19:45:16,301 INFO train: step 00900 (39.6%) | loss: 1.741640 | lrm: 0.86 | mfu: 6.0% | epoch: 1 | remaining: 181s
2026-04-29 19:45:23,123 INFO train: step 00950 (41.9%) | loss: 1.730388 | lrm: 0.83 | mfu: 5.3% | epoch: 1 | remaining: 174s
2026-04-29 19:45:29,940 INFO train: step 01000 (44.1%) | loss: 1.716381 | lrm: 0.80 | mfu: 5.8% | epoch: 1 | remaining: 167s
2026-04-29 19:45:36,427 INFO train: step 01050 (46.3%) | loss: 1.716379 | lrm: 0.77 | mfu: 6.2% | epoch: 1 | remaining: 161s
2026-04-29 19:45:42,660 INFO train: step 01100 (48.3%) | loss: 1.713037 | lrm: 0.74 | mfu: 6.6% | epoch: 1 | remaining: 155s
2026-04-29 19:45:48,906 INFO train: step 01150 (50.4%) | loss: 1.700049 | lrm: 0.71 | mfu: 6.6% | epoch: 1 | remaining: 149s
2026-04-29 19:45:55,154 INFO train: step 01200 (52.4%) | loss: 1.706888 | lrm: 0.68 | mfu: 6.5% | epoch: 1 | remaining: 143s
2026-04-29 19:46:01,419 INFO train: step 01250 (54.5%) | loss: 1.696166 | lrm: 0.65 | mfu: 6.6% | epoch: 1 | remaining: 136s
2026-04-29 19:46:07,643 INFO train: step 01300 (56.5%) | loss: 1.673664 | lrm: 0.62 | mfu: 4.3% | epoch: 1 | remaining: 130s
2026-04-29 19:46:13,877 INFO train: step 01350 (58.6%) | loss: 1.668113 | lrm: 0.59 | mfu: 6.7% | epoch: 1 | remaining: 124s
2026-04-29 19:46:20,048 INFO train: step 01400 (60.6%) | loss: 1.658373 | lrm: 0.56 | mfu: 6.2% | epoch: 1 | remaining: 118s
2026-04-29 19:46:26,208 INFO train: step 01450 (62.7%) | loss: 1.656607 | lrm: 0.53 | mfu: 6.4% | epoch: 1 | remaining: 112s
2026-04-29 19:46:32,468 INFO train: step 01500 (64.7%) | loss: 1.650283 | lrm: 0.50 | mfu: 5.8% | epoch: 1 | remaining: 106s
2026-04-29 19:46:38,713 INFO train: step 01550 (66.8%) | loss: 1.648730 | lrm: 0.47 | mfu: 6.2% | epoch: 1 | remaining: 99s
2026-04-29 19:46:44,901 INFO train: step 01600 (68.9%) | loss: 1.648438 | lrm: 0.44 | mfu: 6.6% | epoch: 1 | remaining: 93s
2026-04-29 19:46:51,184 INFO train: step 01650 (70.9%) | loss: 1.636633 | lrm: 0.42 | mfu: 6.1% | epoch: 1 | remaining: 87s
2026-04-29 19:46:57,418 INFO train: step 01700 (73.0%) | loss: 1.621343 | lrm: 0.39 | mfu: 6.7% | epoch: 1 | remaining: 81s
2026-04-29 19:47:03,637 INFO train: step 01750 (75.1%) | loss: 1.631115 | lrm: 0.36 | mfu: 6.6% | epoch: 1 | remaining: 75s
2026-04-29 19:47:09,907 INFO train: step 01800 (77.1%) | loss: 1.624790 | lrm: 0.33 | mfu: 6.6% | epoch: 1 | remaining: 68s
2026-04-29 19:47:16,174 INFO train: step 01850 (79.2%) | loss: 1.615870 | lrm: 0.30 | mfu: 6.6% | epoch: 1 | remaining: 62s
2026-04-29 19:47:22,408 INFO train: step 01900 (81.3%) | loss: 1.609033 | lrm: 0.27 | mfu: 6.2% | epoch: 1 | remaining: 56s
2026-04-29 19:47:28,743 INFO train: step 01950 (83.4%) | loss: 1.593168 | lrm: 0.24 | mfu: 4.0% | epoch: 1 | remaining: 50s
2026-04-29 19:47:34,960 INFO train: step 02000 (85.4%) | loss: 1.600075 | lrm: 0.21 | mfu: 6.6% | epoch: 1 | remaining: 44s
2026-04-29 19:47:41,133 INFO train: step 02050 (87.5%) | loss: 1.589004 | lrm: 0.18 | mfu: 5.9% | epoch: 1 | remaining: 37s
2026-04-29 19:47:47,288 INFO train: step 02100 (89.5%) | loss: 1.579731 | lrm: 0.15 | mfu: 6.5% | epoch: 1 | remaining: 31s
2026-04-29 19:47:53,490 INFO train: step 02150 (91.6%) | loss: 1.573173 | lrm: 0.12 | mfu: 6.2% | epoch: 1 | remaining: 25s
2026-04-29 19:47:59,712 INFO train: step 02200 (93.7%) | loss: 1.568688 | lrm: 0.09 | mfu: 6.6% | epoch: 1 | remaining: 19s
2026-04-29 19:48:05,923 INFO train: step 02250 (95.7%) | loss: 1.569090 | lrm: 0.06 | mfu: 5.9% | epoch: 1 | remaining: 13s
2026-04-29 19:48:12,074 INFO train: step 02300 (97.8%) | loss: 1.561943 | lrm: 0.03 | mfu: 6.0% | epoch: 1 | remaining: 6s
2026-04-29 19:48:18,309 INFO train: step 02350 (99.9%) | loss: 1.563446 | lrm: 0.00 | mfu: 6.4% | epoch: 1 | remaining: 0s
2026-04-29 19:48:25,633 INFO train: --- Final Results ---
2026-04-29 19:48:25,633 INFO train: val_bpb:          0.587312
2026-04-29 19:48:25,633 INFO train: training_seconds: 300.1
2026-04-29 19:48:25,633 INFO train: total_seconds:    339.6
2026-04-29 19:48:25,633 INFO train: peak_vram_mb:     7243.3
2026-04-29 19:48:25,633 INFO train: mfu_percent:      5.86
2026-04-29 19:48:25,633 INFO train: total_tokens_M:   308.5
2026-04-29 19:48:25,633 INFO train: num_steps:        2354
2026-04-29 19:48:25,633 INFO train: num_params_M:     11.5
2026-04-29 19:48:25,633 INFO train: depth:            4
