2026-05-04 14:47:42,525 INFO train: Vocab size: 8,192
2026-05-04 14:47:42,529 INFO train: Model config: {'sequence_len': 2048, 'vocab_size': 8192, 'n_layer': 4, 'n_head': 2, 'n_kv_head': 2, 'n_embd': 256, 'window_pattern': 'L'}
2026-05-04 14:47:42,832 INFO train: Parameter counts:
2026-05-04 14:47:42,832 INFO train:   wte                     : 2,097,152
2026-05-04 14:47:42,834 INFO train:   value_embeds            : 4,194,304
2026-05-04 14:47:42,835 INFO train:   lm_head                 : 2,097,152
2026-05-04 14:47:42,835 INFO train:   transformer_matrices    : 3,145,856
2026-05-04 14:47:42,836 INFO train:   scalars                 : 8
2026-05-04 14:47:42,836 INFO train:   total                   : 11,534,472
2026-05-04 14:47:42,836 INFO train: Estimated FLOPs per token: 5.662387e+07
2026-05-04 14:47:42,836 INFO train: Scaling AdamW LRs by 1/sqrt(256/768) = 1.732051
2026-05-04 14:47:44,789 INFO train: Time budget: 300s
2026-05-04 14:47:44,789 INFO train: Gradient accumulation steps: 1
2026-05-04 14:48:15,602 INFO train: step 00000 (0.0%) | loss: 9.010333 | lrm: 1.00 | mfu: 0.0% | epoch: 1 | remaining: 300s
2026-05-04 14:48:30,526 INFO train: step 00050 (3.8%) | loss: 2.744297 | lrm: 1.00 | mfu: 2.5% | epoch: 1 | remaining: 288s
2026-05-04 14:48:45,404 INFO train: step 00100 (8.7%) | loss: 2.225105 | lrm: 1.00 | mfu: 2.4% | epoch: 1 | remaining: 273s
2026-05-04 14:49:00,176 INFO train: step 00150 (13.7%) | loss: 2.057053 | lrm: 1.00 | mfu: 2.7% | epoch: 1 | remaining: 259s
2026-05-04 14:49:14,816 INFO train: step 00200 (18.5%) | loss: 1.977105 | lrm: 1.00 | mfu: 2.4% | epoch: 1 | remaining: 244s
2026-05-04 14:49:29,395 INFO train: step 00250 (23.4%) | loss: 1.918435 | lrm: 1.00 | mfu: 2.6% | epoch: 1 | remaining: 230s
2026-05-04 14:49:44,074 INFO train: step 00300 (28.3%) | loss: 1.882540 | lrm: 1.00 | mfu: 2.7% | epoch: 1 | remaining: 215s
2026-05-04 14:49:58,865 INFO train: step 00350 (33.2%) | loss: 1.853611 | lrm: 0.95 | mfu: 2.7% | epoch: 1 | remaining: 200s
2026-05-04 14:50:13,662 INFO train: step 00400 (38.1%) | loss: 1.813642 | lrm: 0.88 | mfu: 2.4% | epoch: 1 | remaining: 185s
2026-05-04 14:50:28,136 INFO train: step 00450 (43.0%) | loss: 1.793926 | lrm: 0.81 | mfu: 2.7% | epoch: 1 | remaining: 171s
2026-05-04 14:50:42,970 INFO train: step 00500 (47.9%) | loss: 1.768035 | lrm: 0.74 | mfu: 2.5% | epoch: 1 | remaining: 156s
2026-05-04 14:50:57,780 INFO train: step 00550 (52.8%) | loss: 1.765214 | lrm: 0.67 | mfu: 2.5% | epoch: 1 | remaining: 141s
2026-05-04 14:51:12,466 INFO train: step 00600 (57.7%) | loss: 1.729533 | lrm: 0.60 | mfu: 2.5% | epoch: 1 | remaining: 127s
2026-05-04 14:51:27,278 INFO train: step 00650 (62.7%) | loss: 1.715031 | lrm: 0.53 | mfu: 2.7% | epoch: 1 | remaining: 112s
2026-05-04 14:51:42,056 INFO train: step 00700 (67.6%) | loss: 1.698150 | lrm: 0.46 | mfu: 2.4% | epoch: 1 | remaining: 97s
2026-05-04 14:51:57,412 INFO train: step 00750 (72.7%) | loss: 1.685613 | lrm: 0.39 | mfu: 2.7% | epoch: 1 | remaining: 82s
2026-05-04 14:52:12,203 INFO train: step 00800 (77.6%) | loss: 1.681241 | lrm: 0.32 | mfu: 2.1% | epoch: 1 | remaining: 67s
2026-05-04 14:52:26,940 INFO train: step 00850 (82.5%) | loss: 1.659942 | lrm: 0.25 | mfu: 2.7% | epoch: 1 | remaining: 52s
2026-05-04 14:52:41,636 INFO train: step 00900 (87.4%) | loss: 1.649381 | lrm: 0.18 | mfu: 2.8% | epoch: 1 | remaining: 37s
2026-05-04 14:52:56,323 INFO train: step 00950 (92.3%) | loss: 1.636739 | lrm: 0.11 | mfu: 2.5% | epoch: 1 | remaining: 23s
2026-05-04 14:53:10,981 INFO train: step 01000 (97.2%) | loss: 1.623368 | lrm: 0.04 | mfu: 2.6% | epoch: 1 | remaining: 8s
2026-05-04 14:53:29,897 INFO train: --- Final Results ---
2026-05-04 14:53:29,898 INFO train: val_bpb:          0.609974
2026-05-04 14:53:29,898 INFO train: training_seconds: 300.0
2026-05-04 14:53:29,898 INFO train: total_seconds:    347.4
2026-05-04 14:53:29,898 INFO train: peak_vram_mb:     7243.3
2026-05-04 14:53:29,898 INFO train: mfu_percent:      2.55
2026-05-04 14:53:29,898 INFO train: total_tokens_M:   134.9
2026-05-04 14:53:29,898 INFO train: num_steps:        1029
2026-05-04 14:53:29,898 INFO train: num_params_M:     11.5
2026-05-04 14:53:29,898 INFO train: depth:            4
