2026-05-01 17:48:33,593 INFO train: Vocab size: 8,192
2026-05-01 17:48:33,594 INFO train: Model config: {'sequence_len': 2048, 'vocab_size': 8192, 'n_layer': 4, 'n_head': 2, 'n_kv_head': 2, 'n_embd': 256, 'window_pattern': 'L'}
2026-05-01 17:48:33,828 INFO train: Parameter counts:
2026-05-01 17:48:33,828 INFO train:   wte                     : 2,097,152
2026-05-01 17:48:33,830 INFO train:   value_embeds            : 4,194,304
2026-05-01 17:48:33,831 INFO train:   lm_head                 : 2,097,152
2026-05-01 17:48:33,831 INFO train:   transformer_matrices    : 2,621,568
2026-05-01 17:48:33,831 INFO train:   scalars                 : 8
2026-05-01 17:48:33,831 INFO train:   total                   : 11,010,184
2026-05-01 17:48:33,831 INFO train: Estimated FLOPs per token: 5.347814e+07
2026-05-01 17:48:33,832 INFO train: Scaling AdamW LRs by 1/sqrt(256/768) = 1.732051
2026-05-01 17:48:35,228 INFO train: Time budget: 300s
2026-05-01 17:48:35,229 INFO train: Gradient accumulation steps: 1
2026-05-01 17:49:06,557 INFO train: step 00000 (0.0%) | loss: 9.010333 | lrm: 1.00 | mfu: 0.0% | epoch: 1 | remaining: 300s
2026-05-01 17:49:21,441 INFO train: step 00050 (3.8%) | loss: 2.796313 | lrm: 1.00 | mfu: 2.4% | epoch: 1 | remaining: 288s
2026-05-01 17:49:35,893 INFO train: step 00100 (8.6%) | loss: 2.238392 | lrm: 1.00 | mfu: 2.6% | epoch: 1 | remaining: 274s
2026-05-01 17:49:50,508 INFO train: step 00150 (13.5%) | loss: 2.063104 | lrm: 1.00 | mfu: 2.5% | epoch: 1 | remaining: 259s
2026-05-01 17:50:05,201 INFO train: step 00200 (18.4%) | loss: 1.985394 | lrm: 1.00 | mfu: 2.5% | epoch: 1 | remaining: 245s
2026-05-01 17:50:19,877 INFO train: step 00250 (23.2%) | loss: 1.928782 | lrm: 1.00 | mfu: 2.4% | epoch: 1 | remaining: 230s
2026-05-01 17:50:34,350 INFO train: step 00300 (28.1%) | loss: 1.895025 | lrm: 1.00 | mfu: 2.6% | epoch: 1 | remaining: 216s
2026-05-01 17:50:48,919 INFO train: step 00350 (32.9%) | loss: 1.868993 | lrm: 0.96 | mfu: 2.6% | epoch: 1 | remaining: 201s
2026-05-01 17:51:03,540 INFO train: step 00400 (37.8%) | loss: 1.830539 | lrm: 0.89 | mfu: 2.6% | epoch: 1 | remaining: 186s
2026-05-01 17:51:17,938 INFO train: step 00450 (42.6%) | loss: 1.812084 | lrm: 0.82 | mfu: 2.3% | epoch: 1 | remaining: 172s
2026-05-01 17:51:32,546 INFO train: step 00500 (47.4%) | loss: 1.787041 | lrm: 0.75 | mfu: 2.3% | epoch: 1 | remaining: 157s
2026-05-01 17:51:47,252 INFO train: step 00550 (52.3%) | loss: 1.784960 | lrm: 0.68 | mfu: 2.3% | epoch: 1 | remaining: 143s
2026-05-01 17:52:02,099 INFO train: step 00600 (57.3%) | loss: 1.749448 | lrm: 0.61 | mfu: 2.6% | epoch: 1 | remaining: 128s
2026-05-01 17:52:16,652 INFO train: step 00650 (62.1%) | loss: 1.735475 | lrm: 0.54 | mfu: 2.6% | epoch: 1 | remaining: 113s
2026-05-01 17:52:31,415 INFO train: step 00700 (67.0%) | loss: 1.716457 | lrm: 0.47 | mfu: 2.3% | epoch: 1 | remaining: 99s
2026-05-01 17:52:46,049 INFO train: step 00750 (71.9%) | loss: 1.704639 | lrm: 0.40 | mfu: 2.6% | epoch: 1 | remaining: 84s
2026-05-01 17:53:00,746 INFO train: step 00800 (76.8%) | loss: 1.700654 | lrm: 0.33 | mfu: 2.1% | epoch: 1 | remaining: 69s
2026-05-01 17:53:15,316 INFO train: step 00850 (81.7%) | loss: 1.678436 | lrm: 0.26 | mfu: 2.3% | epoch: 1 | remaining: 55s
2026-05-01 17:53:29,907 INFO train: step 00900 (86.5%) | loss: 1.668347 | lrm: 0.19 | mfu: 2.3% | epoch: 1 | remaining: 40s
2026-05-01 17:53:44,446 INFO train: step 00950 (91.4%) | loss: 1.654974 | lrm: 0.12 | mfu: 2.4% | epoch: 1 | remaining: 26s
2026-05-01 17:53:59,244 INFO train: step 01000 (96.3%) | loss: 1.640882 | lrm: 0.05 | mfu: 2.4% | epoch: 1 | remaining: 11s
2026-05-01 17:54:20,783 INFO train: --- Final Results ---
2026-05-01 17:54:20,784 INFO train: val_bpb:          0.617058
2026-05-01 17:54:20,784 INFO train: training_seconds: 300.0
2026-05-01 17:54:20,784 INFO train: total_seconds:    347.2
2026-05-01 17:54:20,784 INFO train: peak_vram_mb:     6727.2
2026-05-01 17:54:20,784 INFO train: mfu_percent:      2.43
2026-05-01 17:54:20,784 INFO train: total_tokens_M:   136.2
2026-05-01 17:54:20,784 INFO train: num_steps:        1039
2026-05-01 17:54:20,784 INFO train: num_params_M:     11.0
2026-05-01 17:54:20,784 INFO train: depth:            4
