2026-04-28 23:00:50,564 INFO train: Vocab size: 8,192
2026-04-28 23:00:50,565 INFO train: Model config: {'sequence_len': 2048, 'vocab_size': 8192, 'n_layer': 4, 'n_head': 2, 'n_kv_head': 2, 'n_embd': 256, 'window_pattern': 'L'}
2026-04-28 23:00:50,775 INFO train: Parameter counts:
2026-04-28 23:00:50,775 INFO train:   wte                     : 2,097,152
2026-04-28 23:00:50,776 INFO train:   value_embeds            : 4,194,304
2026-04-28 23:00:50,777 INFO train:   lm_head                 : 2,097,152
2026-04-28 23:00:50,777 INFO train:   transformer_matrices    : 3,145,856
2026-04-28 23:00:50,777 INFO train:   scalars                 : 8
2026-04-28 23:00:50,777 INFO train:   total                   : 11,534,472
2026-04-28 23:00:50,777 INFO train: Estimated FLOPs per token: 5.662387e+07
2026-04-28 23:00:50,778 INFO train: Scaling AdamW LRs by 1/sqrt(256/768) = 1.732051
2026-04-28 23:00:52,118 INFO train: Time budget: 300s
2026-04-28 23:00:52,119 INFO train: Gradient accumulation steps: 1
2026-04-28 23:01:14,250 INFO train: step 00000 (0.0%) | loss: 9.010333 | lrm: 1.00 | mfu: 0.0% | epoch: 1 | remaining: 300s
2026-04-28 23:01:22,989 INFO train: step 00050 (2.2%) | loss: 2.796944 | lrm: 1.00 | mfu: 4.6% | epoch: 1 | remaining: 293s
2026-04-28 23:01:31,458 INFO train: step 00100 (5.0%) | loss: 2.248770 | lrm: 1.00 | mfu: 4.7% | epoch: 1 | remaining: 285s
2026-04-28 23:01:40,018 INFO train: step 00150 (7.9%) | loss: 2.075294 | lrm: 1.00 | mfu: 4.8% | epoch: 1 | remaining: 276s
2026-04-28 23:01:48,626 INFO train: step 00200 (10.8%) | loss: 1.997623 | lrm: 1.00 | mfu: 4.6% | epoch: 1 | remaining: 268s
2026-04-28 23:01:57,142 INFO train: step 00250 (13.6%) | loss: 1.940358 | lrm: 1.00 | mfu: 4.4% | epoch: 1 | remaining: 259s
2026-04-28 23:02:05,626 INFO train: step 00300 (16.4%) | loss: 1.908118 | lrm: 1.00 | mfu: 4.6% | epoch: 1 | remaining: 251s
2026-04-28 23:02:14,266 INFO train: step 00350 (19.3%) | loss: 1.880215 | lrm: 1.00 | mfu: 4.6% | epoch: 1 | remaining: 242s
2026-04-28 23:02:22,812 INFO train: step 00400 (22.2%) | loss: 1.843585 | lrm: 1.00 | mfu: 4.6% | epoch: 1 | remaining: 233s
2026-04-28 23:02:31,396 INFO train: step 00450 (25.0%) | loss: 1.830294 | lrm: 1.00 | mfu: 4.5% | epoch: 1 | remaining: 225s
2026-04-28 23:02:40,073 INFO train: step 00500 (27.9%) | loss: 1.811287 | lrm: 1.00 | mfu: 4.3% | epoch: 1 | remaining: 216s
2026-04-28 23:02:48,727 INFO train: step 00550 (30.8%) | loss: 1.815382 | lrm: 0.99 | mfu: 4.1% | epoch: 1 | remaining: 207s
2026-04-28 23:02:57,331 INFO train: step 00600 (33.7%) | loss: 1.782703 | lrm: 0.95 | mfu: 4.4% | epoch: 1 | remaining: 199s
2026-04-28 23:03:05,993 INFO train: step 00650 (36.5%) | loss: 1.769861 | lrm: 0.91 | mfu: 4.6% | epoch: 1 | remaining: 190s
2026-04-28 23:03:14,620 INFO train: step 00700 (39.4%) | loss: 1.753207 | lrm: 0.87 | mfu: 4.2% | epoch: 1 | remaining: 182s
2026-04-28 23:03:23,239 INFO train: step 00750 (42.3%) | loss: 1.744659 | lrm: 0.82 | mfu: 4.5% | epoch: 1 | remaining: 173s
2026-04-28 23:03:31,968 INFO train: step 00800 (45.2%) | loss: 1.742566 | lrm: 0.78 | mfu: 3.1% | epoch: 1 | remaining: 164s
2026-04-28 23:03:40,579 INFO train: step 00850 (48.1%) | loss: 1.723162 | lrm: 0.74 | mfu: 4.5% | epoch: 1 | remaining: 156s
2026-04-28 23:03:49,262 INFO train: step 00900 (51.0%) | loss: 1.714201 | lrm: 0.70 | mfu: 4.4% | epoch: 1 | remaining: 147s
2026-04-28 23:03:57,968 INFO train: step 00950 (53.8%) | loss: 1.701495 | lrm: 0.66 | mfu: 4.1% | epoch: 1 | remaining: 138s
2026-04-28 23:04:06,699 INFO train: step 01000 (56.8%) | loss: 1.686642 | lrm: 0.62 | mfu: 4.5% | epoch: 1 | remaining: 130s
2026-04-28 23:04:15,320 INFO train: step 01050 (59.6%) | loss: 1.685134 | lrm: 0.58 | mfu: 4.4% | epoch: 1 | remaining: 121s
2026-04-28 23:04:23,985 INFO train: step 01100 (62.5%) | loss: 1.679679 | lrm: 0.54 | mfu: 4.4% | epoch: 1 | remaining: 112s
2026-04-28 23:04:32,726 INFO train: step 01150 (65.4%) | loss: 1.666585 | lrm: 0.49 | mfu: 4.5% | epoch: 1 | remaining: 104s
2026-04-28 23:04:41,398 INFO train: step 01200 (68.3%) | loss: 1.671116 | lrm: 0.45 | mfu: 4.2% | epoch: 1 | remaining: 95s
2026-04-28 23:04:50,093 INFO train: step 01250 (71.2%) | loss: 1.659086 | lrm: 0.41 | mfu: 4.2% | epoch: 1 | remaining: 86s
2026-04-28 23:04:58,818 INFO train: step 01300 (74.1%) | loss: 1.634221 | lrm: 0.37 | mfu: 3.3% | epoch: 1 | remaining: 77s
2026-04-28 23:05:07,454 INFO train: step 01350 (77.0%) | loss: 1.628439 | lrm: 0.33 | mfu: 4.4% | epoch: 1 | remaining: 69s
2026-04-28 23:05:16,121 INFO train: step 01400 (79.9%) | loss: 1.616493 | lrm: 0.29 | mfu: 4.4% | epoch: 1 | remaining: 60s
2026-04-28 23:05:24,805 INFO train: step 01450 (82.8%) | loss: 1.613034 | lrm: 0.25 | mfu: 4.4% | epoch: 1 | remaining: 51s
2026-04-28 23:05:33,498 INFO train: step 01500 (85.7%) | loss: 1.606060 | lrm: 0.20 | mfu: 4.4% | epoch: 1 | remaining: 43s
2026-04-28 23:05:42,234 INFO train: step 01550 (88.6%) | loss: 1.602872 | lrm: 0.16 | mfu: 4.4% | epoch: 1 | remaining: 34s
2026-04-28 23:05:50,956 INFO train: step 01600 (91.5%) | loss: 1.601771 | lrm: 0.12 | mfu: 4.4% | epoch: 1 | remaining: 25s
2026-04-28 23:05:59,664 INFO train: step 01650 (94.4%) | loss: 1.590478 | lrm: 0.08 | mfu: 4.4% | epoch: 1 | remaining: 17s
2026-04-28 23:06:08,377 INFO train: step 01700 (97.3%) | loss: 1.576176 | lrm: 0.04 | mfu: 4.4% | epoch: 1 | remaining: 8s
2026-04-28 23:06:23,785 INFO train: --- Final Results ---
2026-04-28 23:06:23,785 INFO train: val_bpb:          0.593670
2026-04-28 23:06:23,785 INFO train: training_seconds: 300.1
2026-04-28 23:06:23,785 INFO train: total_seconds:    333.2
2026-04-28 23:06:23,785 INFO train: peak_vram_mb:     7243.3
2026-04-28 23:06:23,785 INFO train: mfu_percent:      4.34
2026-04-28 23:06:23,785 INFO train: total_tokens_M:   229.0
2026-04-28 23:06:23,785 INFO train: num_steps:        1747
2026-04-28 23:06:23,785 INFO train: num_params_M:     11.5
2026-04-28 23:06:23,785 INFO train: depth:            4
