2026-05-01 17:08:37,130 INFO train: Vocab size: 8,192
2026-05-01 17:08:37,131 INFO train: Model config: {'sequence_len': 2048, 'vocab_size': 8192, 'n_layer': 4, 'n_head': 2, 'n_kv_head': 2, 'n_embd': 256, 'window_pattern': 'L'}
2026-05-01 17:08:37,356 INFO train: Parameter counts:
2026-05-01 17:08:37,356 INFO train:   wte                     : 2,097,152
2026-05-01 17:08:37,358 INFO train:   value_embeds            : 4,194,304
2026-05-01 17:08:37,359 INFO train:   lm_head                 : 2,097,152
2026-05-01 17:08:37,359 INFO train:   transformer_matrices    : 3,145,856
2026-05-01 17:08:37,359 INFO train:   scalars                 : 8
2026-05-01 17:08:37,359 INFO train:   total                   : 11,534,472
2026-05-01 17:08:37,360 INFO train: Estimated FLOPs per token: 5.662387e+07
2026-05-01 17:08:37,360 INFO train: Scaling AdamW LRs by 1/sqrt(256/768) = 1.732051
2026-05-01 17:08:38,890 INFO train: Time budget: 300s
2026-05-01 17:08:38,891 INFO train: Gradient accumulation steps: 1
2026-05-01 17:09:09,180 INFO train: step 00000 (0.0%) | loss: 9.010333 | lrm: 1.00 | mfu: 0.0% | epoch: 1 | remaining: 300s
2026-05-01 17:09:24,161 INFO train: step 00050 (3.9%) | loss: 2.782826 | lrm: 1.00 | mfu: 2.6% | epoch: 1 | remaining: 288s
2026-05-01 17:09:38,704 INFO train: step 00100 (8.7%) | loss: 2.251986 | lrm: 1.00 | mfu: 2.8% | epoch: 1 | remaining: 274s
2026-05-01 17:09:53,316 INFO train: step 00150 (13.6%) | loss: 2.089549 | lrm: 1.00 | mfu: 2.8% | epoch: 1 | remaining: 259s
2026-05-01 17:10:08,071 INFO train: step 00200 (18.5%) | loss: 2.014571 | lrm: 1.00 | mfu: 2.7% | epoch: 1 | remaining: 244s
2026-05-01 17:10:22,771 INFO train: step 00250 (23.4%) | loss: 1.958891 | lrm: 1.00 | mfu: 2.6% | epoch: 1 | remaining: 230s
2026-05-01 17:10:37,416 INFO train: step 00300 (28.3%) | loss: 1.923346 | lrm: 1.00 | mfu: 2.8% | epoch: 1 | remaining: 215s
2026-05-01 17:10:52,174 INFO train: step 00350 (33.2%) | loss: 1.889682 | lrm: 0.95 | mfu: 2.6% | epoch: 1 | remaining: 200s
2026-05-01 17:11:06,670 INFO train: step 00400 (38.0%) | loss: 1.846739 | lrm: 0.89 | mfu: 2.5% | epoch: 1 | remaining: 186s
2026-05-01 17:11:21,305 INFO train: step 00450 (42.9%) | loss: 1.826871 | lrm: 0.82 | mfu: 2.5% | epoch: 1 | remaining: 171s
2026-05-01 17:11:35,838 INFO train: step 00500 (47.7%) | loss: 1.799560 | lrm: 0.75 | mfu: 2.5% | epoch: 1 | remaining: 157s
2026-05-01 17:11:50,395 INFO train: step 00550 (52.6%) | loss: 1.796235 | lrm: 0.68 | mfu: 2.7% | epoch: 1 | remaining: 142s
2026-05-01 17:12:05,076 INFO train: step 00600 (57.5%) | loss: 1.758549 | lrm: 0.61 | mfu: 2.5% | epoch: 1 | remaining: 127s
2026-05-01 17:12:19,582 INFO train: step 00650 (62.3%) | loss: 1.742270 | lrm: 0.54 | mfu: 2.7% | epoch: 1 | remaining: 113s
2026-05-01 17:12:34,095 INFO train: step 00700 (67.1%) | loss: 1.721116 | lrm: 0.47 | mfu: 2.5% | epoch: 1 | remaining: 98s
2026-05-01 17:12:48,697 INFO train: step 00750 (72.0%) | loss: 1.707274 | lrm: 0.40 | mfu: 2.8% | epoch: 1 | remaining: 84s
2026-05-01 17:13:03,432 INFO train: step 00800 (76.9%) | loss: 1.700582 | lrm: 0.33 | mfu: 2.1% | epoch: 1 | remaining: 69s
2026-05-01 17:13:18,088 INFO train: step 00850 (81.8%) | loss: 1.676254 | lrm: 0.26 | mfu: 2.5% | epoch: 1 | remaining: 54s
2026-05-01 17:13:32,630 INFO train: step 00900 (86.6%) | loss: 1.662806 | lrm: 0.19 | mfu: 2.8% | epoch: 1 | remaining: 40s
2026-05-01 17:13:47,066 INFO train: step 00950 (91.4%) | loss: 1.646317 | lrm: 0.12 | mfu: 2.4% | epoch: 1 | remaining: 25s
2026-05-01 17:14:01,792 INFO train: step 01000 (96.4%) | loss: 1.630776 | lrm: 0.05 | mfu: 2.6% | epoch: 1 | remaining: 11s
2026-05-01 17:14:23,328 INFO train: --- Final Results ---
2026-05-01 17:14:23,329 INFO train: val_bpb:          0.612558
2026-05-01 17:14:23,329 INFO train: training_seconds: 300.1
2026-05-01 17:14:23,329 INFO train: total_seconds:    346.2
2026-05-01 17:14:23,329 INFO train: peak_vram_mb:     7243.3
2026-05-01 17:14:23,329 INFO train: mfu_percent:      2.57
2026-05-01 17:14:23,329 INFO train: total_tokens_M:   136.2
2026-05-01 17:14:23,329 INFO train: num_steps:        1039
2026-05-01 17:14:23,329 INFO train: num_params_M:     11.5
2026-05-01 17:14:23,329 INFO train: depth:            4
