2026-05-01 17:56:34,637 INFO train: Vocab size: 8,192
2026-05-01 17:56:34,637 INFO train: Model config: {'sequence_len': 2048, 'vocab_size': 8192, 'n_layer': 4, 'n_head': 2, 'n_kv_head': 2, 'n_embd': 256, 'window_pattern': 'L'}
2026-05-01 17:56:34,858 INFO train: Parameter counts:
2026-05-01 17:56:34,858 INFO train:   wte                     : 2,097,152
2026-05-01 17:56:34,860 INFO train:   value_embeds            : 4,194,304
2026-05-01 17:56:34,861 INFO train:   lm_head                 : 2,097,152
2026-05-01 17:56:34,861 INFO train:   transformer_matrices    : 3,145,856
2026-05-01 17:56:34,861 INFO train:   scalars                 : 8
2026-05-01 17:56:34,861 INFO train:   total                   : 11,534,472
2026-05-01 17:56:34,861 INFO train: Estimated FLOPs per token: 5.662387e+07
2026-05-01 17:56:34,861 INFO train: Scaling AdamW LRs by 1/sqrt(256/768) = 1.732051
2026-05-01 17:56:36,247 INFO train: Time budget: 300s
2026-05-01 17:56:36,248 INFO train: Gradient accumulation steps: 1
2026-05-01 17:57:08,255 INFO train: step 00000 (0.0%) | loss: 9.010333 | lrm: 1.00 | mfu: 0.0% | epoch: 1 | remaining: 300s
2026-05-01 17:57:23,102 INFO train: step 00050 (3.8%) | loss: 2.792557 | lrm: 1.00 | mfu: 2.6% | epoch: 1 | remaining: 288s
2026-05-01 17:57:37,656 INFO train: step 00100 (8.6%) | loss: 2.233309 | lrm: 1.00 | mfu: 2.4% | epoch: 1 | remaining: 274s
2026-05-01 17:57:52,361 INFO train: step 00150 (13.5%) | loss: 2.055041 | lrm: 1.00 | mfu: 2.5% | epoch: 1 | remaining: 259s
2026-05-01 17:58:06,888 INFO train: step 00200 (18.4%) | loss: 1.976523 | lrm: 1.00 | mfu: 2.4% | epoch: 1 | remaining: 245s
2026-05-01 17:58:21,541 INFO train: step 00250 (23.3%) | loss: 1.918721 | lrm: 1.00 | mfu: 2.6% | epoch: 1 | remaining: 230s
2026-05-01 17:58:36,047 INFO train: step 00300 (28.1%) | loss: 1.884630 | lrm: 1.00 | mfu: 2.7% | epoch: 1 | remaining: 215s
2026-05-01 17:58:50,762 INFO train: step 00350 (33.0%) | loss: 1.858379 | lrm: 0.96 | mfu: 2.7% | epoch: 1 | remaining: 201s
2026-05-01 17:59:05,261 INFO train: step 00400 (37.8%) | loss: 1.819861 | lrm: 0.89 | mfu: 2.4% | epoch: 1 | remaining: 186s
2026-05-01 17:59:19,773 INFO train: step 00450 (42.7%) | loss: 1.801030 | lrm: 0.82 | mfu: 2.4% | epoch: 1 | remaining: 172s
2026-05-01 17:59:34,594 INFO train: step 00500 (47.6%) | loss: 1.776586 | lrm: 0.75 | mfu: 2.8% | epoch: 1 | remaining: 157s
2026-05-01 17:59:49,268 INFO train: step 00550 (52.5%) | loss: 1.773348 | lrm: 0.68 | mfu: 2.4% | epoch: 1 | remaining: 142s
2026-05-01 18:00:03,872 INFO train: step 00600 (57.4%) | loss: 1.737750 | lrm: 0.61 | mfu: 2.7% | epoch: 1 | remaining: 128s
2026-05-01 18:00:18,562 INFO train: step 00650 (62.3%) | loss: 1.722816 | lrm: 0.54 | mfu: 2.7% | epoch: 1 | remaining: 113s
2026-05-01 18:00:33,037 INFO train: step 00700 (67.1%) | loss: 1.705124 | lrm: 0.47 | mfu: 2.3% | epoch: 1 | remaining: 98s
2026-05-01 18:00:47,698 INFO train: step 00750 (72.0%) | loss: 1.692505 | lrm: 0.40 | mfu: 2.8% | epoch: 1 | remaining: 84s
2026-05-01 18:01:02,561 INFO train: step 00800 (76.9%) | loss: 1.688595 | lrm: 0.33 | mfu: 1.9% | epoch: 1 | remaining: 69s
2026-05-01 18:01:17,153 INFO train: step 00850 (81.8%) | loss: 1.666700 | lrm: 0.26 | mfu: 2.7% | epoch: 1 | remaining: 54s
2026-05-01 18:01:31,641 INFO train: step 00900 (86.6%) | loss: 1.655504 | lrm: 0.19 | mfu: 2.7% | epoch: 1 | remaining: 40s
2026-05-01 18:01:46,183 INFO train: step 00950 (91.4%) | loss: 1.641270 | lrm: 0.12 | mfu: 2.6% | epoch: 1 | remaining: 25s
2026-05-01 18:02:00,888 INFO train: step 01000 (96.3%) | loss: 1.626938 | lrm: 0.05 | mfu: 2.6% | epoch: 1 | remaining: 11s
2026-05-01 18:02:22,505 INFO train: --- Final Results ---
2026-05-01 18:02:22,505 INFO train: val_bpb:          0.612435
2026-05-01 18:02:22,506 INFO train: training_seconds: 300.2
2026-05-01 18:02:22,506 INFO train: total_seconds:    347.9
2026-05-01 18:02:22,506 INFO train: peak_vram_mb:     7243.3
2026-05-01 18:02:22,506 INFO train: mfu_percent:      2.57
2026-05-01 18:02:22,506 INFO train: total_tokens_M:   136.3
2026-05-01 18:02:22,506 INFO train: num_steps:        1040
2026-05-01 18:02:22,506 INFO train: num_params_M:     11.5
2026-05-01 18:02:22,506 INFO train: depth:            4
