2026-04-30 11:46:12,027 INFO train: Vocab size: 8,192
2026-04-30 11:46:12,027 INFO train: Model config: {'sequence_len': 2048, 'vocab_size': 8192, 'n_layer': 4, 'n_head': 2, 'n_kv_head': 2, 'n_embd': 256, 'window_pattern': 'L'}
2026-04-30 11:46:12,235 INFO train: Parameter counts:
2026-04-30 11:46:12,235 INFO train:   wte                     : 2,097,152
2026-04-30 11:46:12,237 INFO train:   value_embeds            : 4,194,304
2026-04-30 11:46:12,238 INFO train:   lm_head                 : 2,097,152
2026-04-30 11:46:12,238 INFO train:   transformer_matrices    : 3,145,856
2026-04-30 11:46:12,238 INFO train:   scalars                 : 8
2026-04-30 11:46:12,238 INFO train:   total                   : 11,534,472
2026-04-30 11:46:12,238 INFO train: Estimated FLOPs per token: 5.662387e+07
2026-04-30 11:46:12,238 INFO train: Scaling AdamW LRs by 1/sqrt(256/768) = 1.732051
2026-04-30 11:46:14,406 INFO train: Time budget: 300s
2026-04-30 11:46:14,406 INFO train: Gradient accumulation steps: 1
2026-04-30 11:46:47,165 INFO train: step 00000 (0.0%) | loss: 9.010333 | lrm: 1.00 | mfu: 0.0% | epoch: 1 | remaining: 300s
2026-04-30 11:46:56,016 INFO train: step 00050 (2.2%) | loss: 2.793064 | lrm: 1.00 | mfu: 4.2% | epoch: 1 | remaining: 293s
2026-04-30 11:47:04,447 INFO train: step 00100 (5.0%) | loss: 2.245018 | lrm: 1.00 | mfu: 4.6% | epoch: 1 | remaining: 285s
2026-04-30 11:47:12,991 INFO train: step 00150 (7.9%) | loss: 2.074688 | lrm: 1.00 | mfu: 4.7% | epoch: 1 | remaining: 276s
2026-04-30 11:47:21,495 INFO train: step 00200 (10.7%) | loss: 1.998716 | lrm: 1.00 | mfu: 4.6% | epoch: 1 | remaining: 268s
2026-04-30 11:47:30,094 INFO train: step 00250 (13.6%) | loss: 1.941447 | lrm: 1.00 | mfu: 4.3% | epoch: 1 | remaining: 259s
2026-04-30 11:47:38,626 INFO train: step 00300 (16.4%) | loss: 1.909418 | lrm: 1.00 | mfu: 4.6% | epoch: 1 | remaining: 251s
2026-04-30 11:47:47,311 INFO train: step 00350 (19.3%) | loss: 1.880930 | lrm: 1.00 | mfu: 4.5% | epoch: 1 | remaining: 242s
2026-04-30 11:47:55,965 INFO train: step 00400 (22.2%) | loss: 1.843876 | lrm: 1.00 | mfu: 4.5% | epoch: 1 | remaining: 233s
2026-04-30 11:48:04,663 INFO train: step 00450 (25.1%) | loss: 1.831539 | lrm: 1.00 | mfu: 4.4% | epoch: 1 | remaining: 225s
2026-04-30 11:48:13,475 INFO train: step 00500 (28.0%) | loss: 1.811727 | lrm: 1.00 | mfu: 4.3% | epoch: 1 | remaining: 216s
2026-04-30 11:48:22,271 INFO train: step 00550 (30.9%) | loss: 1.815620 | lrm: 0.99 | mfu: 4.1% | epoch: 1 | remaining: 207s
2026-04-30 11:48:31,019 INFO train: step 00600 (33.9%) | loss: 1.781859 | lrm: 0.94 | mfu: 4.3% | epoch: 1 | remaining: 198s
2026-04-30 11:48:39,784 INFO train: step 00650 (36.8%) | loss: 1.769251 | lrm: 0.90 | mfu: 4.6% | epoch: 1 | remaining: 190s
2026-04-30 11:48:48,522 INFO train: step 00700 (39.7%) | loss: 1.752991 | lrm: 0.86 | mfu: 4.2% | epoch: 1 | remaining: 181s
2026-04-30 11:48:57,282 INFO train: step 00750 (42.6%) | loss: 1.743322 | lrm: 0.82 | mfu: 4.5% | epoch: 1 | remaining: 172s
2026-04-30 11:49:06,182 INFO train: step 00800 (45.5%) | loss: 1.741035 | lrm: 0.78 | mfu: 3.3% | epoch: 1 | remaining: 163s
2026-04-30 11:49:14,948 INFO train: step 00850 (48.5%) | loss: 1.721365 | lrm: 0.74 | mfu: 4.3% | epoch: 1 | remaining: 154s
2026-04-30 11:49:23,889 INFO train: step 00900 (51.5%) | loss: 1.712995 | lrm: 0.69 | mfu: 4.4% | epoch: 1 | remaining: 145s
2026-04-30 11:49:32,814 INFO train: step 00950 (54.4%) | loss: 1.699611 | lrm: 0.65 | mfu: 4.0% | epoch: 1 | remaining: 137s
2026-04-30 11:49:41,748 INFO train: step 01000 (57.4%) | loss: 1.684616 | lrm: 0.61 | mfu: 4.3% | epoch: 1 | remaining: 128s
2026-04-30 11:49:50,587 INFO train: step 01050 (60.4%) | loss: 1.683248 | lrm: 0.57 | mfu: 4.4% | epoch: 1 | remaining: 119s
2026-04-30 11:49:59,417 INFO train: step 01100 (63.3%) | loss: 1.677745 | lrm: 0.52 | mfu: 4.4% | epoch: 1 | remaining: 110s
2026-04-30 11:50:08,294 INFO train: step 01150 (66.3%) | loss: 1.664126 | lrm: 0.48 | mfu: 4.4% | epoch: 1 | remaining: 101s
2026-04-30 11:50:17,171 INFO train: step 01200 (69.2%) | loss: 1.669182 | lrm: 0.44 | mfu: 4.2% | epoch: 1 | remaining: 92s
2026-04-30 11:50:26,051 INFO train: step 01250 (72.2%) | loss: 1.656882 | lrm: 0.40 | mfu: 4.1% | epoch: 1 | remaining: 83s
2026-04-30 11:50:34,928 INFO train: step 01300 (75.1%) | loss: 1.632631 | lrm: 0.36 | mfu: 3.3% | epoch: 1 | remaining: 74s
2026-04-30 11:50:43,718 INFO train: step 01350 (78.1%) | loss: 1.626654 | lrm: 0.31 | mfu: 4.3% | epoch: 1 | remaining: 66s
2026-04-30 11:50:52,567 INFO train: step 01400 (81.0%) | loss: 1.614320 | lrm: 0.27 | mfu: 4.4% | epoch: 1 | remaining: 57s
2026-04-30 11:51:01,430 INFO train: step 01450 (84.0%) | loss: 1.611055 | lrm: 0.23 | mfu: 4.3% | epoch: 1 | remaining: 48s
2026-04-30 11:51:10,289 INFO train: step 01500 (86.9%) | loss: 1.604586 | lrm: 0.19 | mfu: 4.3% | epoch: 1 | remaining: 39s
2026-04-30 11:51:19,229 INFO train: step 01550 (89.9%) | loss: 1.601173 | lrm: 0.14 | mfu: 4.4% | epoch: 1 | remaining: 30s
2026-04-30 11:51:28,120 INFO train: step 01600 (92.8%) | loss: 1.600601 | lrm: 0.10 | mfu: 4.3% | epoch: 1 | remaining: 21s
2026-04-30 11:51:36,948 INFO train: step 01650 (95.8%) | loss: 1.589736 | lrm: 0.06 | mfu: 4.3% | epoch: 1 | remaining: 12s
2026-04-30 11:51:45,825 INFO train: step 01700 (98.7%) | loss: 1.576188 | lrm: 0.02 | mfu: 4.4% | epoch: 1 | remaining: 4s
2026-04-30 11:51:56,886 INFO train: --- Final Results ---
2026-04-30 11:51:56,886 INFO train: val_bpb:          0.594460
2026-04-30 11:51:56,886 INFO train: training_seconds: 300.1
2026-04-30 11:51:56,886 INFO train: total_seconds:    345.0
2026-04-30 11:51:56,886 INFO train: peak_vram_mb:     7243.3
2026-04-30 11:51:56,886 INFO train: mfu_percent:      4.28
2026-04-30 11:51:56,886 INFO train: total_tokens_M:   225.7
2026-04-30 11:51:56,886 INFO train: num_steps:        1722
2026-04-30 11:51:56,886 INFO train: num_params_M:     11.5
2026-04-30 11:51:56,886 INFO train: depth:            4
