2026-05-04 14:54:33,303 INFO train: Vocab size: 8,192
2026-05-04 14:54:33,303 INFO train: Model config: {'sequence_len': 2048, 'vocab_size': 8192, 'n_layer': 4, 'n_head': 2, 'n_kv_head': 2, 'n_embd': 256, 'window_pattern': 'L'}
2026-05-04 14:54:33,545 INFO train: Parameter counts:
2026-05-04 14:54:33,545 INFO train:   wte                     : 2,097,152
2026-05-04 14:54:33,547 INFO train:   value_embeds            : 4,194,304
2026-05-04 14:54:33,548 INFO train:   lm_head                 : 2,097,152
2026-05-04 14:54:33,548 INFO train:   transformer_matrices    : 3,145,856
2026-05-04 14:54:33,548 INFO train:   scalars                 : 8
2026-05-04 14:54:33,548 INFO train:   total                   : 11,534,472
2026-05-04 14:54:33,548 INFO train: Estimated FLOPs per token: 5.662387e+07
2026-05-04 14:54:33,549 INFO train: Scaling AdamW LRs by 1/sqrt(256/768) = 1.732051
2026-05-04 14:54:34,928 INFO train: Time budget: 300s
2026-05-04 14:54:34,929 INFO train: Gradient accumulation steps: 1
2026-05-04 14:55:06,220 INFO train: step 00000 (0.0%) | loss: 9.010333 | lrm: 1.00 | mfu: 0.0% | epoch: 1 | remaining: 300s
2026-05-04 14:55:20,996 INFO train: step 00050 (3.8%) | loss: 2.748460 | lrm: 1.00 | mfu: 2.6% | epoch: 1 | remaining: 288s
2026-05-04 14:55:35,462 INFO train: step 00100 (8.6%) | loss: 2.227811 | lrm: 1.00 | mfu: 2.7% | epoch: 1 | remaining: 274s
2026-05-04 14:55:50,197 INFO train: step 00150 (13.5%) | loss: 2.061839 | lrm: 1.00 | mfu: 2.7% | epoch: 1 | remaining: 259s
2026-05-04 14:56:04,797 INFO train: step 00200 (18.4%) | loss: 1.983762 | lrm: 1.00 | mfu: 2.6% | epoch: 1 | remaining: 245s
2026-05-04 14:56:19,320 INFO train: step 00250 (23.2%) | loss: 1.927078 | lrm: 1.00 | mfu: 2.6% | epoch: 1 | remaining: 230s
2026-05-04 14:56:34,025 INFO train: step 00300 (28.1%) | loss: 1.893748 | lrm: 1.00 | mfu: 2.6% | epoch: 1 | remaining: 215s
2026-05-04 14:56:48,719 INFO train: step 00350 (33.0%) | loss: 1.865220 | lrm: 0.96 | mfu: 2.7% | epoch: 1 | remaining: 201s
2026-05-04 14:57:03,402 INFO train: step 00400 (37.9%) | loss: 1.824723 | lrm: 0.89 | mfu: 2.7% | epoch: 1 | remaining: 186s
2026-05-04 14:57:18,065 INFO train: step 00450 (42.8%) | loss: 1.804546 | lrm: 0.82 | mfu: 2.7% | epoch: 1 | remaining: 171s
2026-05-04 14:57:33,020 INFO train: step 00500 (47.8%) | loss: 1.777602 | lrm: 0.75 | mfu: 2.6% | epoch: 1 | remaining: 156s
2026-05-04 14:57:47,753 INFO train: step 00550 (52.7%) | loss: 1.774785 | lrm: 0.68 | mfu: 2.4% | epoch: 1 | remaining: 142s
2026-05-04 14:58:02,512 INFO train: step 00600 (57.6%) | loss: 1.737697 | lrm: 0.61 | mfu: 2.8% | epoch: 1 | remaining: 127s
2026-05-04 14:58:17,371 INFO train: step 00650 (62.5%) | loss: 1.721929 | lrm: 0.54 | mfu: 2.5% | epoch: 1 | remaining: 112s
2026-05-04 14:58:32,160 INFO train: step 00700 (67.5%) | loss: 1.703945 | lrm: 0.46 | mfu: 2.4% | epoch: 1 | remaining: 97s
2026-05-04 14:58:46,919 INFO train: step 00750 (72.4%) | loss: 1.689903 | lrm: 0.39 | mfu: 2.7% | epoch: 1 | remaining: 83s
2026-05-04 14:59:01,675 INFO train: step 00800 (77.3%) | loss: 1.684937 | lrm: 0.32 | mfu: 2.1% | epoch: 1 | remaining: 68s
2026-05-04 14:59:16,479 INFO train: step 00850 (82.2%) | loss: 1.662181 | lrm: 0.25 | mfu: 2.4% | epoch: 1 | remaining: 53s
2026-05-04 14:59:31,313 INFO train: step 00900 (87.2%) | loss: 1.650766 | lrm: 0.18 | mfu: 2.7% | epoch: 1 | remaining: 38s
2026-05-04 14:59:45,933 INFO train: step 00950 (92.0%) | loss: 1.635531 | lrm: 0.11 | mfu: 2.4% | epoch: 1 | remaining: 24s
2026-05-04 15:00:00,790 INFO train: step 01000 (97.0%) | loss: 1.621414 | lrm: 0.04 | mfu: 2.4% | epoch: 1 | remaining: 9s
2026-05-04 15:00:20,381 INFO train: --- Final Results ---
2026-05-04 15:00:20,381 INFO train: val_bpb:          0.609109
2026-05-04 15:00:20,382 INFO train: training_seconds: 300.1
2026-05-04 15:00:20,382 INFO train: total_seconds:    347.1
2026-05-04 15:00:20,382 INFO train: peak_vram_mb:     7243.3
2026-05-04 15:00:20,382 INFO train: mfu_percent:      2.55
2026-05-04 15:00:20,382 INFO train: total_tokens_M:   135.3
2026-05-04 15:00:20,382 INFO train: num_steps:        1032
2026-05-04 15:00:20,382 INFO train: num_params_M:     11.5
2026-05-04 15:00:20,382 INFO train: depth:            4
