2026-05-01 18:44:32,453 INFO train: Vocab size: 8,192
2026-05-01 18:44:32,453 INFO train: Model config: {'sequence_len': 2048, 'vocab_size': 8192, 'n_layer': 4, 'n_head': 2, 'n_kv_head': 2, 'n_embd': 256, 'window_pattern': 'L'}
2026-05-01 18:44:32,650 INFO train: Parameter counts:
2026-05-01 18:44:32,650 INFO train:   wte                     : 2,097,152
2026-05-01 18:44:32,651 INFO train:   value_embeds            : 4,194,304
2026-05-01 18:44:32,652 INFO train:   lm_head                 : 2,097,152
2026-05-01 18:44:32,652 INFO train:   transformer_matrices    : 3,145,856
2026-05-01 18:44:32,653 INFO train:   scalars                 : 8
2026-05-01 18:44:32,653 INFO train:   total                   : 11,534,472
2026-05-01 18:44:32,653 INFO train: Estimated FLOPs per token: 5.662387e+07
2026-05-01 18:44:32,653 INFO train: Scaling AdamW LRs by 1/sqrt(256/768) = 1.732051
2026-05-01 18:44:34,054 INFO train: Time budget: 300s
2026-05-01 18:44:34,054 INFO train: Gradient accumulation steps: 1
2026-05-01 18:45:04,769 INFO train: step 00000 (0.0%) | loss: 9.010333 | lrm: 1.00 | mfu: 0.0% | epoch: 1 | remaining: 300s
2026-05-01 18:45:19,828 INFO train: step 00050 (3.8%) | loss: 2.728702 | lrm: 1.00 | mfu: 2.6% | epoch: 1 | remaining: 288s
2026-05-01 18:45:34,387 INFO train: step 00100 (8.7%) | loss: 2.221353 | lrm: 1.00 | mfu: 2.4% | epoch: 1 | remaining: 274s
2026-05-01 18:45:49,176 INFO train: step 00150 (13.6%) | loss: 2.063615 | lrm: 1.00 | mfu: 2.4% | epoch: 1 | remaining: 259s
2026-05-01 18:46:03,897 INFO train: step 00200 (18.5%) | loss: 1.983411 | lrm: 1.00 | mfu: 2.5% | epoch: 1 | remaining: 244s
2026-05-01 18:46:18,452 INFO train: step 00250 (23.4%) | loss: 1.925576 | lrm: 1.00 | mfu: 2.6% | epoch: 1 | remaining: 230s
2026-05-01 18:46:33,254 INFO train: step 00300 (28.3%) | loss: 1.890867 | lrm: 1.00 | mfu: 2.6% | epoch: 1 | remaining: 215s
2026-05-01 18:46:47,925 INFO train: step 00350 (33.2%) | loss: 1.863494 | lrm: 0.95 | mfu: 2.7% | epoch: 1 | remaining: 200s
2026-05-01 18:47:02,743 INFO train: step 00400 (38.1%) | loss: 1.822756 | lrm: 0.88 | mfu: 2.7% | epoch: 1 | remaining: 185s
2026-05-01 18:47:17,163 INFO train: step 00450 (42.9%) | loss: 1.803961 | lrm: 0.82 | mfu: 2.4% | epoch: 1 | remaining: 171s
2026-05-01 18:47:32,044 INFO train: step 00500 (47.9%) | loss: 1.777929 | lrm: 0.74 | mfu: 2.7% | epoch: 1 | remaining: 156s
2026-05-01 18:47:46,727 INFO train: step 00550 (52.8%) | loss: 1.775531 | lrm: 0.67 | mfu: 2.4% | epoch: 1 | remaining: 141s
2026-05-01 18:48:01,368 INFO train: step 00600 (57.6%) | loss: 1.738521 | lrm: 0.61 | mfu: 2.7% | epoch: 1 | remaining: 127s
2026-05-01 18:48:16,155 INFO train: step 00650 (62.6%) | loss: 1.723466 | lrm: 0.53 | mfu: 2.7% | epoch: 1 | remaining: 112s
2026-05-01 18:48:30,697 INFO train: step 00700 (67.4%) | loss: 1.704399 | lrm: 0.47 | mfu: 2.5% | epoch: 1 | remaining: 97s
2026-05-01 18:48:45,349 INFO train: step 00750 (72.3%) | loss: 1.691284 | lrm: 0.40 | mfu: 2.6% | epoch: 1 | remaining: 83s
2026-05-01 18:48:59,944 INFO train: step 00800 (77.1%) | loss: 1.686716 | lrm: 0.33 | mfu: 2.1% | epoch: 1 | remaining: 68s
2026-05-01 18:49:14,560 INFO train: step 00850 (82.0%) | loss: 1.664413 | lrm: 0.26 | mfu: 2.5% | epoch: 1 | remaining: 54s
2026-05-01 18:49:29,330 INFO train: step 00900 (87.0%) | loss: 1.652100 | lrm: 0.19 | mfu: 2.7% | epoch: 1 | remaining: 39s
2026-05-01 18:49:43,829 INFO train: step 00950 (91.8%) | loss: 1.637912 | lrm: 0.12 | mfu: 2.4% | epoch: 1 | remaining: 24s
2026-05-01 18:49:58,706 INFO train: step 01000 (96.7%) | loss: 1.622530 | lrm: 0.05 | mfu: 2.6% | epoch: 1 | remaining: 10s
2026-05-01 18:50:19,048 INFO train: --- Final Results ---
2026-05-01 18:50:19,048 INFO train: val_bpb:          0.610436
2026-05-01 18:50:19,048 INFO train: training_seconds: 300.1
2026-05-01 18:50:19,048 INFO train: total_seconds:    346.6
2026-05-01 18:50:19,048 INFO train: peak_vram_mb:     7243.3
2026-05-01 18:50:19,048 INFO train: mfu_percent:      2.56
2026-05-01 18:50:19,048 INFO train: total_tokens_M:   135.7
2026-05-01 18:50:19,048 INFO train: num_steps:        1035
2026-05-01 18:50:19,049 INFO train: num_params_M:     11.5
2026-05-01 18:50:19,049 INFO train: depth:            4
