2026-05-04 15:30:06,428 INFO train: Vocab size: 8,192
2026-05-04 15:30:06,428 INFO train: Model config: {'sequence_len': 2048, 'vocab_size': 8192, 'n_layer': 4, 'n_head': 2, 'n_kv_head': 2, 'n_embd': 256, 'window_pattern': 'L'}
2026-05-04 15:30:06,682 INFO train: Parameter counts:
2026-05-04 15:30:06,682 INFO train:   wte                     : 2,097,152
2026-05-04 15:30:06,684 INFO train:   value_embeds            : 4,194,304
2026-05-04 15:30:06,685 INFO train:   lm_head                 : 2,097,152
2026-05-04 15:30:06,685 INFO train:   transformer_matrices    : 3,145,856
2026-05-04 15:30:06,685 INFO train:   scalars                 : 8
2026-05-04 15:30:06,685 INFO train:   total                   : 11,534,472
2026-05-04 15:30:06,686 INFO train: Estimated FLOPs per token: 5.662387e+07
2026-05-04 15:30:06,686 INFO train: Scaling AdamW LRs by 1/sqrt(256/768) = 1.732051
2026-05-04 15:30:08,111 INFO train: Time budget: 300s
2026-05-04 15:30:08,111 INFO train: Gradient accumulation steps: 1
2026-05-04 15:30:39,175 INFO train: step 00000 (0.0%) | loss: 9.010333 | lrm: 1.00 | mfu: 0.0% | epoch: 1 | remaining: 300s
2026-05-04 15:30:54,088 INFO train: step 00050 (3.8%) | loss: 2.757110 | lrm: 1.00 | mfu: 2.5% | epoch: 1 | remaining: 288s
2026-05-04 15:31:08,544 INFO train: step 00100 (8.6%) | loss: 2.230098 | lrm: 1.00 | mfu: 2.6% | epoch: 1 | remaining: 274s
2026-05-04 15:31:23,288 INFO train: step 00150 (13.5%) | loss: 2.065384 | lrm: 1.00 | mfu: 2.4% | epoch: 1 | remaining: 259s
2026-05-04 15:31:37,849 INFO train: step 00200 (18.4%) | loss: 1.982982 | lrm: 1.00 | mfu: 2.5% | epoch: 1 | remaining: 245s
2026-05-04 15:31:52,509 INFO train: step 00250 (23.3%) | loss: 1.924392 | lrm: 1.00 | mfu: 2.6% | epoch: 1 | remaining: 230s
2026-05-04 15:32:07,061 INFO train: step 00300 (28.1%) | loss: 1.890830 | lrm: 1.00 | mfu: 2.7% | epoch: 1 | remaining: 215s
2026-05-04 15:32:21,849 INFO train: step 00350 (33.0%) | loss: 1.864232 | lrm: 0.96 | mfu: 2.7% | epoch: 1 | remaining: 201s
2026-05-04 15:32:36,401 INFO train: step 00400 (37.9%) | loss: 1.823730 | lrm: 0.89 | mfu: 2.4% | epoch: 1 | remaining: 186s
2026-05-04 15:32:50,928 INFO train: step 00450 (42.7%) | loss: 1.803551 | lrm: 0.82 | mfu: 2.7% | epoch: 1 | remaining: 172s
2026-05-04 15:33:05,711 INFO train: step 00500 (47.6%) | loss: 1.777831 | lrm: 0.75 | mfu: 2.4% | epoch: 1 | remaining: 157s
2026-05-04 15:33:20,258 INFO train: step 00550 (52.5%) | loss: 1.774994 | lrm: 0.68 | mfu: 2.6% | epoch: 1 | remaining: 142s
2026-05-04 15:33:34,745 INFO train: step 00600 (57.3%) | loss: 1.738796 | lrm: 0.61 | mfu: 2.7% | epoch: 1 | remaining: 128s
2026-05-04 15:33:49,349 INFO train: step 00650 (62.2%) | loss: 1.723491 | lrm: 0.54 | mfu: 2.7% | epoch: 1 | remaining: 113s
2026-05-04 15:34:03,943 INFO train: step 00700 (67.1%) | loss: 1.704647 | lrm: 0.47 | mfu: 2.5% | epoch: 1 | remaining: 99s
2026-05-04 15:34:18,676 INFO train: step 00750 (72.0%) | loss: 1.691364 | lrm: 0.40 | mfu: 2.7% | epoch: 1 | remaining: 84s
2026-05-04 15:34:33,368 INFO train: step 00800 (76.8%) | loss: 1.687013 | lrm: 0.33 | mfu: 2.3% | epoch: 1 | remaining: 69s
2026-05-04 15:34:47,983 INFO train: step 00850 (81.7%) | loss: 1.664099 | lrm: 0.26 | mfu: 2.6% | epoch: 1 | remaining: 55s
2026-05-04 15:35:02,701 INFO train: step 00900 (86.6%) | loss: 1.652281 | lrm: 0.19 | mfu: 2.6% | epoch: 1 | remaining: 40s
2026-05-04 15:35:17,235 INFO train: step 00950 (91.5%) | loss: 1.637226 | lrm: 0.12 | mfu: 2.5% | epoch: 1 | remaining: 25s
2026-05-04 15:35:32,010 INFO train: step 01000 (96.4%) | loss: 1.622473 | lrm: 0.05 | mfu: 2.6% | epoch: 1 | remaining: 11s
2026-05-04 15:35:53,470 INFO train: --- Final Results ---
2026-05-04 15:35:53,471 INFO train: val_bpb:          0.610241
2026-05-04 15:35:53,471 INFO train: training_seconds: 300.2
2026-05-04 15:35:53,471 INFO train: total_seconds:    347.1
2026-05-04 15:35:53,471 INFO train: peak_vram_mb:     7243.3
2026-05-04 15:35:53,471 INFO train: mfu_percent:      2.57
2026-05-04 15:35:53,471 INFO train: total_tokens_M:   136.2
2026-05-04 15:35:53,471 INFO train: num_steps:        1039
2026-05-04 15:35:53,471 INFO train: num_params_M:     11.5
2026-05-04 15:35:53,471 INFO train: depth:            4
