2026-04-21 13:07:58,681 INFO train_baseline: TIME_BUDGET overridden to 1800s via TRAIN_TIME_BUDGET env var
2026-04-21 13:08:09,102 INFO train_baseline: Vocab size: 8,192
2026-04-21 13:08:09,102 INFO train_baseline: Model config: {'sequence_len': 2048, 'vocab_size': 8192, 'n_layer': 4, 'n_head': 2, 'n_kv_head': 2, 'n_embd': 256, 'window_pattern': 'SSSL'}
2026-04-21 13:08:09,846 INFO train_baseline: Parameter counts:
2026-04-21 13:08:09,847 INFO train_baseline:   wte                     : 2,097,152
2026-04-21 13:08:09,847 INFO train_baseline:   value_embeds            : 4,194,304
2026-04-21 13:08:09,847 INFO train_baseline:   lm_head                 : 2,097,152
2026-04-21 13:08:09,847 INFO train_baseline:   transformer_matrices    : 3,145,856
2026-04-21 13:08:09,847 INFO train_baseline:   scalars                 : 8
2026-04-21 13:08:09,847 INFO train_baseline:   total                   : 11,534,472
2026-04-21 13:08:09,847 INFO train_baseline: Estimated FLOPs per token: 4.718669e+07
2026-04-21 13:08:09,847 INFO train_baseline: Scaling AdamW LRs by 1/sqrt(256/768) = 1.732051
2026-04-21 13:08:12,207 INFO train_baseline: Time budget: 1800s
2026-04-21 13:08:12,207 INFO train_baseline: Gradient accumulation steps: 1
2026-04-21 13:08:51,822 INFO train_baseline: step 00000 (0.0%) | loss: 9.010271 | lrm: 1.00 | mfu: 0.0% | epoch: 1 | remaining: 1800s
2026-04-21 13:08:59,141 INFO train_baseline: step 00050 (0.3%) | loss: 2.896691 | lrm: 1.00 | mfu: 4.6% | epoch: 1 | remaining: 1794s
2026-04-21 13:09:06,246 INFO train_baseline: step 00100 (0.7%) | loss: 2.294843 | lrm: 1.00 | mfu: 4.6% | epoch: 1 | remaining: 1787s
2026-04-21 13:09:13,324 INFO train_baseline: step 00150 (1.1%) | loss: 2.100738 | lrm: 1.00 | mfu: 4.6% | epoch: 1 | remaining: 1780s
2026-04-21 13:09:20,645 INFO train_baseline: step 00200 (1.5%) | loss: 2.013608 | lrm: 1.00 | mfu: 4.3% | epoch: 1 | remaining: 1773s
2026-04-21 13:09:27,941 INFO train_baseline: step 00250 (1.9%) | loss: 1.953017 | lrm: 1.00 | mfu: 4.0% | epoch: 1 | remaining: 1765s
2026-04-21 13:09:35,338 INFO train_baseline: step 00300 (2.3%) | loss: 1.917533 | lrm: 1.00 | mfu: 4.3% | epoch: 1 | remaining: 1758s
2026-04-21 13:09:42,838 INFO train_baseline: step 00350 (2.7%) | loss: 1.888199 | lrm: 1.00 | mfu: 4.6% | epoch: 1 | remaining: 1751s
2026-04-21 13:09:50,228 INFO train_baseline: step 00400 (3.1%) | loss: 1.852934 | lrm: 1.00 | mfu: 4.6% | epoch: 1 | remaining: 1743s
2026-04-21 13:09:57,545 INFO train_baseline: step 00450 (3.6%) | loss: 1.839326 | lrm: 1.00 | mfu: 4.4% | epoch: 1 | remaining: 1736s
2026-04-21 13:10:05,014 INFO train_baseline: step 00500 (4.0%) | loss: 1.822264 | lrm: 1.00 | mfu: 4.2% | epoch: 1 | remaining: 1728s
2026-04-21 13:10:12,488 INFO train_baseline: step 00550 (4.4%) | loss: 1.827125 | lrm: 1.00 | mfu: 4.4% | epoch: 1 | remaining: 1721s
2026-04-21 13:10:19,906 INFO train_baseline: step 00600 (4.8%) | loss: 1.799013 | lrm: 1.00 | mfu: 4.7% | epoch: 1 | remaining: 1714s
2026-04-21 13:10:27,389 INFO train_baseline: step 00650 (5.2%) | loss: 1.792663 | lrm: 1.00 | mfu: 4.3% | epoch: 1 | remaining: 1706s
2026-04-21 13:10:34,815 INFO train_baseline: step 00700 (5.6%) | loss: 1.782609 | lrm: 1.00 | mfu: 4.2% | epoch: 1 | remaining: 1699s
2026-04-21 13:10:42,147 INFO train_baseline: step 00750 (6.0%) | loss: 1.777706 | lrm: 1.00 | mfu: 4.6% | epoch: 1 | remaining: 1691s
2026-04-21 13:10:49,547 INFO train_baseline: step 00800 (6.4%) | loss: 1.782362 | lrm: 1.00 | mfu: 2.9% | epoch: 1 | remaining: 1684s
2026-04-21 13:10:56,795 INFO train_baseline: step 00850 (6.8%) | loss: 1.768492 | lrm: 1.00 | mfu: 4.6% | epoch: 1 | remaining: 1677s
2026-04-21 13:11:04,204 INFO train_baseline: step 00900 (7.3%) | loss: 1.764411 | lrm: 1.00 | mfu: 4.4% | epoch: 1 | remaining: 1669s
2026-04-21 13:11:11,530 INFO train_baseline: step 00950 (7.7%) | loss: 1.757376 | lrm: 1.00 | mfu: 4.1% | epoch: 1 | remaining: 1662s
2026-04-21 13:11:18,989 INFO train_baseline: step 01000 (8.1%) | loss: 1.747793 | lrm: 1.00 | mfu: 4.0% | epoch: 1 | remaining: 1654s
2026-04-21 13:11:26,064 INFO train_baseline: step 01050 (8.5%) | loss: 1.752408 | lrm: 1.00 | mfu: 4.4% | epoch: 1 | remaining: 1647s
2026-04-21 13:11:33,026 INFO train_baseline: step 01100 (8.9%) | loss: 1.752721 | lrm: 1.00 | mfu: 4.7% | epoch: 1 | remaining: 1640s
2026-04-21 13:11:40,089 INFO train_baseline: step 01150 (9.2%) | loss: 1.745200 | lrm: 1.00 | mfu: 5.0% | epoch: 1 | remaining: 1633s
2026-04-21 13:11:47,018 INFO train_baseline: step 01200 (9.6%) | loss: 1.755711 | lrm: 1.00 | mfu: 4.8% | epoch: 1 | remaining: 1626s
2026-04-21 13:11:53,909 INFO train_baseline: step 01250 (10.0%) | loss: 1.749066 | lrm: 1.00 | mfu: 4.7% | epoch: 1 | remaining: 1620s
2026-04-21 13:12:00,940 INFO train_baseline: step 01300 (10.4%) | loss: 1.729618 | lrm: 1.00 | mfu: 2.9% | epoch: 1 | remaining: 1613s
2026-04-21 13:12:07,895 INFO train_baseline: step 01350 (10.8%) | loss: 1.729555 | lrm: 1.00 | mfu: 5.1% | epoch: 1 | remaining: 1606s
2026-04-21 13:12:14,817 INFO train_baseline: step 01400 (11.2%) | loss: 1.722857 | lrm: 1.00 | mfu: 4.5% | epoch: 1 | remaining: 1599s
2026-04-21 13:12:21,791 INFO train_baseline: step 01450 (11.6%) | loss: 1.724981 | lrm: 1.00 | mfu: 5.2% | epoch: 1 | remaining: 1592s
2026-04-21 13:12:28,825 INFO train_baseline: step 01500 (12.0%) | loss: 1.722775 | lrm: 1.00 | mfu: 4.6% | epoch: 1 | remaining: 1585s
2026-04-21 13:12:35,889 INFO train_baseline: step 01550 (12.3%) | loss: 1.726420 | lrm: 1.00 | mfu: 4.2% | epoch: 1 | remaining: 1578s
2026-04-21 13:12:42,817 INFO train_baseline: step 01600 (12.7%) | loss: 1.730859 | lrm: 1.00 | mfu: 4.3% | epoch: 1 | remaining: 1571s
2026-04-21 13:12:49,933 INFO train_baseline: step 01650 (13.1%) | loss: 1.722730 | lrm: 1.00 | mfu: 4.7% | epoch: 1 | remaining: 1564s
2026-04-21 13:12:56,926 INFO train_baseline: step 01700 (13.5%) | loss: 1.711712 | lrm: 1.00 | mfu: 5.0% | epoch: 1 | remaining: 1557s
2026-04-21 13:13:03,926 INFO train_baseline: step 01750 (13.9%) | loss: 1.726962 | lrm: 1.00 | mfu: 4.9% | epoch: 1 | remaining: 1550s
2026-04-21 13:13:10,990 INFO train_baseline: step 01800 (14.3%) | loss: 1.723788 | lrm: 1.00 | mfu: 4.6% | epoch: 1 | remaining: 1543s
2026-04-21 13:13:17,939 INFO train_baseline: step 01850 (14.7%) | loss: 1.720384 | lrm: 1.00 | mfu: 4.8% | epoch: 1 | remaining: 1536s
2026-04-21 13:13:24,943 INFO train_baseline: step 01900 (15.1%) | loss: 1.717275 | lrm: 1.00 | mfu: 4.7% | epoch: 1 | remaining: 1529s
2026-04-21 13:13:32,111 INFO train_baseline: step 01950 (15.5%) | loss: 1.703689 | lrm: 1.00 | mfu: 2.9% | epoch: 1 | remaining: 1521s
2026-04-21 13:13:39,257 INFO train_baseline: step 02000 (15.9%) | loss: 1.716309 | lrm: 1.00 | mfu: 4.8% | epoch: 1 | remaining: 1514s
2026-04-21 13:13:46,153 INFO train_baseline: step 02050 (16.2%) | loss: 1.708298 | lrm: 1.00 | mfu: 5.1% | epoch: 1 | remaining: 1507s
2026-04-21 13:13:53,104 INFO train_baseline: step 02100 (16.6%) | loss: 1.703897 | lrm: 1.00 | mfu: 4.4% | epoch: 1 | remaining: 1500s
2026-04-21 13:14:00,149 INFO train_baseline: step 02150 (17.0%) | loss: 1.700795 | lrm: 1.00 | mfu: 4.1% | epoch: 1 | remaining: 1493s
2026-04-21 13:14:07,173 INFO train_baseline: step 02200 (17.4%) | loss: 1.699262 | lrm: 1.00 | mfu: 4.6% | epoch: 1 | remaining: 1486s
2026-04-21 13:14:14,159 INFO train_baseline: step 02250 (17.8%) | loss: 1.704069 | lrm: 1.00 | mfu: 5.3% | epoch: 1 | remaining: 1479s
2026-04-21 13:14:21,164 INFO train_baseline: step 02300 (18.2%) | loss: 1.698605 | lrm: 1.00 | mfu: 4.7% | epoch: 1 | remaining: 1472s
2026-04-21 13:14:28,100 INFO train_baseline: step 02350 (18.6%) | loss: 1.700850 | lrm: 1.00 | mfu: 4.6% | epoch: 1 | remaining: 1466s
2026-04-21 13:14:34,980 INFO train_baseline: step 02400 (19.0%) | loss: 1.696528 | lrm: 1.00 | mfu: 4.6% | epoch: 1 | remaining: 1459s
2026-04-21 13:14:41,918 INFO train_baseline: step 02450 (19.3%) | loss: 1.701928 | lrm: 1.00 | mfu: 4.7% | epoch: 1 | remaining: 1452s
2026-04-21 13:14:48,815 INFO train_baseline: step 02500 (19.7%) | loss: 1.687050 | lrm: 1.00 | mfu: 4.4% | epoch: 1 | remaining: 1445s
2026-04-21 13:14:55,562 INFO train_baseline: step 02550 (20.1%) | loss: 1.699476 | lrm: 1.00 | mfu: 4.8% | epoch: 1 | remaining: 1438s
2026-04-21 13:15:02,522 INFO train_baseline: step 02600 (20.5%) | loss: 1.705497 | lrm: 1.00 | mfu: 4.6% | epoch: 1 | remaining: 1431s
2026-04-21 13:15:09,509 INFO train_baseline: step 02650 (20.9%) | loss: 1.694775 | lrm: 1.00 | mfu: 4.6% | epoch: 1 | remaining: 1424s
2026-04-21 13:15:16,349 INFO train_baseline: step 02700 (21.3%) | loss: 1.690453 | lrm: 1.00 | mfu: 5.0% | epoch: 1 | remaining: 1417s
2026-04-21 13:15:23,324 INFO train_baseline: step 02750 (21.6%) | loss: 1.685351 | lrm: 1.00 | mfu: 4.4% | epoch: 1 | remaining: 1410s
2026-04-21 13:15:30,353 INFO train_baseline: step 02800 (22.0%) | loss: 1.684030 | lrm: 1.00 | mfu: 4.7% | epoch: 1 | remaining: 1403s
2026-04-21 13:15:37,180 INFO train_baseline: step 02850 (22.4%) | loss: 1.679936 | lrm: 1.00 | mfu: 4.7% | epoch: 1 | remaining: 1396s
2026-04-21 13:15:44,050 INFO train_baseline: step 02900 (22.8%) | loss: 1.694489 | lrm: 1.00 | mfu: 4.5% | epoch: 1 | remaining: 1390s
2026-04-21 13:15:51,070 INFO train_baseline: step 02950 (23.2%) | loss: 1.700139 | lrm: 1.00 | mfu: 4.5% | epoch: 1 | remaining: 1383s
2026-04-21 13:15:57,962 INFO train_baseline: step 03000 (23.6%) | loss: 1.687578 | lrm: 1.00 | mfu: 4.3% | epoch: 1 | remaining: 1376s
2026-04-21 13:16:04,892 INFO train_baseline: step 03050 (23.9%) | loss: 1.686436 | lrm: 1.00 | mfu: 4.6% | epoch: 1 | remaining: 1369s
2026-04-21 13:16:11,938 INFO train_baseline: step 03100 (24.3%) | loss: 1.678376 | lrm: 1.00 | mfu: 3.0% | epoch: 1 | remaining: 1362s
2026-04-21 13:16:18,896 INFO train_baseline: step 03150 (24.7%) | loss: 1.685520 | lrm: 1.00 | mfu: 4.5% | epoch: 1 | remaining: 1355s
2026-04-21 13:16:25,826 INFO train_baseline: step 03200 (25.1%) | loss: 1.694833 | lrm: 1.00 | mfu: 4.8% | epoch: 1 | remaining: 1348s
2026-04-21 13:16:32,673 INFO train_baseline: step 03250 (25.5%) | loss: 1.686929 | lrm: 1.00 | mfu: 4.6% | epoch: 1 | remaining: 1341s
2026-04-21 13:16:39,774 INFO train_baseline: step 03300 (25.9%) | loss: 1.690924 | lrm: 1.00 | mfu: 4.8% | epoch: 1 | remaining: 1334s
2026-04-21 13:16:46,753 INFO train_baseline: step 03350 (26.3%) | loss: 1.675612 | lrm: 1.00 | mfu: 4.8% | epoch: 1 | remaining: 1327s
2026-04-21 13:16:53,669 INFO train_baseline: step 03400 (26.7%) | loss: 1.687146 | lrm: 1.00 | mfu: 4.9% | epoch: 2 | remaining: 1320s
2026-04-21 13:17:00,784 INFO train_baseline: step 03450 (27.1%) | loss: 1.678134 | lrm: 1.00 | mfu: 4.7% | epoch: 2 | remaining: 1313s
2026-04-21 13:17:07,778 INFO train_baseline: step 03500 (27.4%) | loss: 1.688748 | lrm: 1.00 | mfu: 4.9% | epoch: 2 | remaining: 1306s
2026-04-21 13:17:14,812 INFO train_baseline: step 03550 (27.8%) | loss: 1.678789 | lrm: 1.00 | mfu: 4.5% | epoch: 2 | remaining: 1299s
2026-04-21 13:17:21,906 INFO train_baseline: step 03600 (28.2%) | loss: 1.690135 | lrm: 1.00 | mfu: 2.7% | epoch: 2 | remaining: 1292s
2026-04-21 13:17:28,999 INFO train_baseline: step 03650 (28.6%) | loss: 1.679867 | lrm: 1.00 | mfu: 4.9% | epoch: 2 | remaining: 1285s
2026-04-21 13:17:35,959 INFO train_baseline: step 03700 (29.0%) | loss: 1.679207 | lrm: 1.00 | mfu: 5.0% | epoch: 2 | remaining: 1278s
2026-04-21 13:17:42,900 INFO train_baseline: step 03750 (29.4%) | loss: 1.670770 | lrm: 1.00 | mfu: 4.8% | epoch: 2 | remaining: 1271s
2026-04-21 13:17:49,966 INFO train_baseline: step 03800 (29.8%) | loss: 1.680027 | lrm: 1.00 | mfu: 4.9% | epoch: 2 | remaining: 1264s
2026-04-21 13:17:57,109 INFO train_baseline: step 03850 (30.2%) | loss: 1.678249 | lrm: 1.00 | mfu: 4.5% | epoch: 2 | remaining: 1257s
2026-04-21 13:18:04,144 INFO train_baseline: step 03900 (30.6%) | loss: 1.668130 | lrm: 1.00 | mfu: 4.9% | epoch: 2 | remaining: 1250s
2026-04-21 13:18:11,190 INFO train_baseline: step 03950 (31.0%) | loss: 1.677279 | lrm: 1.00 | mfu: 4.5% | epoch: 2 | remaining: 1243s
2026-04-21 13:18:18,186 INFO train_baseline: step 04000 (31.4%) | loss: 1.666303 | lrm: 1.00 | mfu: 4.9% | epoch: 2 | remaining: 1236s
2026-04-21 13:18:25,074 INFO train_baseline: step 04050 (31.7%) | loss: 1.661948 | lrm: 1.00 | mfu: 4.5% | epoch: 2 | remaining: 1229s
2026-04-21 13:18:32,079 INFO train_baseline: step 04100 (32.1%) | loss: 1.667363 | lrm: 1.00 | mfu: 4.9% | epoch: 2 | remaining: 1222s
2026-04-21 13:18:39,006 INFO train_baseline: step 04150 (32.5%) | loss: 1.672235 | lrm: 1.00 | mfu: 4.3% | epoch: 2 | remaining: 1215s
2026-04-21 13:18:45,943 INFO train_baseline: step 04200 (32.9%) | loss: 1.667470 | lrm: 1.00 | mfu: 4.6% | epoch: 2 | remaining: 1208s
2026-04-21 13:18:52,946 INFO train_baseline: step 04250 (33.3%) | loss: 1.664384 | lrm: 1.00 | mfu: 3.0% | epoch: 2 | remaining: 1201s
2026-04-21 13:18:59,938 INFO train_baseline: step 04300 (33.7%) | loss: 1.665411 | lrm: 1.00 | mfu: 4.7% | epoch: 2 | remaining: 1194s
2026-04-21 13:19:06,919 INFO train_baseline: step 04350 (34.1%) | loss: 1.658428 | lrm: 1.00 | mfu: 4.2% | epoch: 2 | remaining: 1187s
2026-04-21 13:19:13,821 INFO train_baseline: step 04400 (34.4%) | loss: 1.666555 | lrm: 1.00 | mfu: 4.4% | epoch: 2 | remaining: 1180s
2026-04-21 13:19:20,898 INFO train_baseline: step 04450 (34.8%) | loss: 1.660338 | lrm: 1.00 | mfu: 4.8% | epoch: 2 | remaining: 1173s
2026-04-21 13:19:27,836 INFO train_baseline: step 04500 (35.2%) | loss: 1.663368 | lrm: 1.00 | mfu: 4.6% | epoch: 2 | remaining: 1166s
2026-04-21 13:19:34,741 INFO train_baseline: step 04550 (35.6%) | loss: 1.662054 | lrm: 1.00 | mfu: 5.0% | epoch: 2 | remaining: 1159s
2026-04-21 13:19:41,845 INFO train_baseline: step 04600 (36.0%) | loss: 1.663407 | lrm: 1.00 | mfu: 4.0% | epoch: 2 | remaining: 1152s
2026-04-21 13:19:48,729 INFO train_baseline: step 04650 (36.4%) | loss: 1.658106 | lrm: 1.00 | mfu: 5.1% | epoch: 2 | remaining: 1145s
2026-04-21 13:19:55,633 INFO train_baseline: step 04700 (36.8%) | loss: 1.659003 | lrm: 1.00 | mfu: 4.5% | epoch: 2 | remaining: 1138s
2026-04-21 13:20:02,600 INFO train_baseline: step 04750 (37.1%) | loss: 1.666013 | lrm: 1.00 | mfu: 3.1% | epoch: 2 | remaining: 1131s
2026-04-21 13:20:09,544 INFO train_baseline: step 04800 (37.5%) | loss: 1.650937 | lrm: 1.00 | mfu: 4.5% | epoch: 2 | remaining: 1124s
2026-04-21 13:20:16,493 INFO train_baseline: step 04850 (37.9%) | loss: 1.655099 | lrm: 1.00 | mfu: 5.3% | epoch: 2 | remaining: 1117s
2026-04-21 13:20:23,464 INFO train_baseline: step 04900 (38.3%) | loss: 1.652013 | lrm: 1.00 | mfu: 4.3% | epoch: 2 | remaining: 1110s
2026-04-21 13:20:30,638 INFO train_baseline: step 04950 (38.7%) | loss: 1.659337 | lrm: 1.00 | mfu: 5.0% | epoch: 2 | remaining: 1103s
2026-04-21 13:20:37,671 INFO train_baseline: step 05000 (39.1%) | loss: 1.652269 | lrm: 1.00 | mfu: 4.5% | epoch: 2 | remaining: 1096s
2026-04-21 13:20:44,551 INFO train_baseline: step 05050 (39.5%) | loss: 1.650484 | lrm: 1.00 | mfu: 4.5% | epoch: 2 | remaining: 1089s
2026-04-21 13:20:51,633 INFO train_baseline: step 05100 (39.9%) | loss: 1.656767 | lrm: 1.00 | mfu: 4.7% | epoch: 2 | remaining: 1082s
2026-04-21 13:20:58,573 INFO train_baseline: step 05150 (40.3%) | loss: 1.663947 | lrm: 1.00 | mfu: 4.4% | epoch: 2 | remaining: 1075s
2026-04-21 13:21:05,586 INFO train_baseline: step 05200 (40.6%) | loss: 1.656114 | lrm: 1.00 | mfu: 4.4% | epoch: 2 | remaining: 1068s
2026-04-21 13:21:12,600 INFO train_baseline: step 05250 (41.0%) | loss: 1.661052 | lrm: 1.00 | mfu: 4.7% | epoch: 2 | remaining: 1061s
2026-04-21 13:21:19,585 INFO train_baseline: step 05300 (41.4%) | loss: 1.658535 | lrm: 1.00 | mfu: 4.6% | epoch: 2 | remaining: 1054s
2026-04-21 13:21:26,638 INFO train_baseline: step 05350 (41.8%) | loss: 1.640661 | lrm: 1.00 | mfu: 4.8% | epoch: 2 | remaining: 1047s
2026-04-21 13:21:33,312 INFO train_baseline: step 05400 (42.2%) | loss: 1.658064 | lrm: 1.00 | mfu: 3.1% | epoch: 2 | remaining: 1041s
2026-04-21 13:21:39,650 INFO train_baseline: step 05450 (42.5%) | loss: 1.659284 | lrm: 1.00 | mfu: 5.1% | epoch: 2 | remaining: 1034s
2026-04-21 13:21:45,728 INFO train_baseline: step 05500 (42.9%) | loss: 1.652275 | lrm: 1.00 | mfu: 5.5% | epoch: 2 | remaining: 1028s
2026-04-21 13:21:51,913 INFO train_baseline: step 05550 (43.2%) | loss: 1.648790 | lrm: 1.00 | mfu: 5.2% | epoch: 2 | remaining: 1022s
2026-04-21 13:21:58,743 INFO train_baseline: step 05600 (43.6%) | loss: 1.651552 | lrm: 1.00 | mfu: 5.1% | epoch: 2 | remaining: 1015s
2026-04-21 13:22:05,516 INFO train_baseline: step 05650 (44.0%) | loss: 1.650467 | lrm: 1.00 | mfu: 5.4% | epoch: 2 | remaining: 1008s
2026-04-21 13:22:12,148 INFO train_baseline: step 05700 (44.3%) | loss: 1.650026 | lrm: 1.00 | mfu: 4.8% | epoch: 2 | remaining: 1002s
2026-04-21 13:22:19,000 INFO train_baseline: step 05750 (44.7%) | loss: 1.651593 | lrm: 1.00 | mfu: 4.3% | epoch: 2 | remaining: 995s
2026-04-21 13:22:25,728 INFO train_baseline: step 05800 (45.1%) | loss: 1.640625 | lrm: 1.00 | mfu: 5.0% | epoch: 2 | remaining: 988s
2026-04-21 13:22:32,598 INFO train_baseline: step 05850 (45.5%) | loss: 1.643987 | lrm: 1.00 | mfu: 4.7% | epoch: 2 | remaining: 981s
2026-04-21 13:22:39,677 INFO train_baseline: step 05900 (45.9%) | loss: 1.657142 | lrm: 1.00 | mfu: 4.9% | epoch: 2 | remaining: 974s
2026-04-21 13:22:46,674 INFO train_baseline: step 05950 (46.3%) | loss: 1.647593 | lrm: 1.00 | mfu: 5.1% | epoch: 2 | remaining: 967s
2026-04-21 13:22:53,679 INFO train_baseline: step 06000 (46.6%) | loss: 1.643408 | lrm: 1.00 | mfu: 4.5% | epoch: 2 | remaining: 960s
2026-04-21 13:23:00,504 INFO train_baseline: step 06050 (47.0%) | loss: 1.632519 | lrm: 1.00 | mfu: 4.5% | epoch: 2 | remaining: 953s
2026-04-21 13:23:07,426 INFO train_baseline: step 06100 (47.4%) | loss: 1.657725 | lrm: 1.00 | mfu: 4.9% | epoch: 2 | remaining: 947s
2026-04-21 13:23:14,217 INFO train_baseline: step 06150 (47.8%) | loss: 1.642005 | lrm: 1.00 | mfu: 5.0% | epoch: 2 | remaining: 940s
2026-04-21 13:23:21,111 INFO train_baseline: step 06200 (48.2%) | loss: 1.637476 | lrm: 1.00 | mfu: 4.8% | epoch: 2 | remaining: 933s
2026-04-21 13:23:28,036 INFO train_baseline: step 06250 (48.6%) | loss: 1.630482 | lrm: 1.00 | mfu: 5.0% | epoch: 2 | remaining: 926s
2026-04-21 13:23:34,833 INFO train_baseline: step 06300 (48.9%) | loss: 1.639780 | lrm: 1.00 | mfu: 5.1% | epoch: 2 | remaining: 919s
2026-04-21 13:23:41,617 INFO train_baseline: step 06350 (49.3%) | loss: 1.650211 | lrm: 1.00 | mfu: 4.5% | epoch: 2 | remaining: 912s
2026-04-21 13:23:48,512 INFO train_baseline: step 06400 (49.7%) | loss: 1.638812 | lrm: 1.00 | mfu: 4.3% | epoch: 2 | remaining: 906s
2026-04-21 13:23:55,394 INFO train_baseline: step 06450 (50.1%) | loss: 1.641104 | lrm: 1.00 | mfu: 4.5% | epoch: 2 | remaining: 899s
2026-04-21 13:24:02,303 INFO train_baseline: step 06500 (50.5%) | loss: 1.640334 | lrm: 0.99 | mfu: 4.6% | epoch: 2 | remaining: 892s
2026-04-21 13:24:09,313 INFO train_baseline: step 06550 (50.8%) | loss: 1.635372 | lrm: 0.98 | mfu: 3.0% | epoch: 2 | remaining: 885s
2026-04-21 13:24:16,268 INFO train_baseline: step 06600 (51.2%) | loss: 1.648299 | lrm: 0.98 | mfu: 5.2% | epoch: 2 | remaining: 878s
2026-04-21 13:24:23,208 INFO train_baseline: step 06650 (51.6%) | loss: 1.633915 | lrm: 0.97 | mfu: 4.9% | epoch: 2 | remaining: 871s
2026-04-21 13:24:30,143 INFO train_baseline: step 06700 (52.0%) | loss: 1.636752 | lrm: 0.96 | mfu: 4.4% | epoch: 2 | remaining: 864s
2026-04-21 13:24:37,066 INFO train_baseline: step 06750 (52.4%) | loss: 1.629135 | lrm: 0.95 | mfu: 4.9% | epoch: 3 | remaining: 857s
2026-04-21 13:24:43,947 INFO train_baseline: step 06800 (52.8%) | loss: 1.637099 | lrm: 0.94 | mfu: 4.6% | epoch: 3 | remaining: 850s
2026-04-21 13:24:50,966 INFO train_baseline: step 06850 (53.2%) | loss: 1.627367 | lrm: 0.94 | mfu: 4.1% | epoch: 3 | remaining: 843s
2026-04-21 13:24:57,916 INFO train_baseline: step 06900 (53.5%) | loss: 1.627719 | lrm: 0.93 | mfu: 5.0% | epoch: 3 | remaining: 836s
2026-04-21 13:25:04,798 INFO train_baseline: step 06950 (53.9%) | loss: 1.626127 | lrm: 0.92 | mfu: 5.0% | epoch: 3 | remaining: 829s
2026-04-21 13:25:11,660 INFO train_baseline: step 07000 (54.3%) | loss: 1.621894 | lrm: 0.91 | mfu: 4.5% | epoch: 3 | remaining: 822s
2026-04-21 13:25:18,607 INFO train_baseline: step 07050 (54.7%) | loss: 1.624576 | lrm: 0.91 | mfu: 3.0% | epoch: 3 | remaining: 815s
2026-04-21 13:25:25,326 INFO train_baseline: step 07100 (55.1%) | loss: 1.622490 | lrm: 0.90 | mfu: 4.9% | epoch: 3 | remaining: 809s
2026-04-21 13:25:32,266 INFO train_baseline: step 07150 (55.4%) | loss: 1.611940 | lrm: 0.89 | mfu: 4.7% | epoch: 3 | remaining: 802s
2026-04-21 13:25:39,118 INFO train_baseline: step 07200 (55.8%) | loss: 1.616089 | lrm: 0.88 | mfu: 4.2% | epoch: 3 | remaining: 795s
2026-04-21 13:25:46,034 INFO train_baseline: step 07250 (56.2%) | loss: 1.617574 | lrm: 0.88 | mfu: 4.8% | epoch: 3 | remaining: 788s
2026-04-21 13:25:52,848 INFO train_baseline: step 07300 (56.6%) | loss: 1.630871 | lrm: 0.87 | mfu: 4.9% | epoch: 3 | remaining: 781s
2026-04-21 13:25:59,712 INFO train_baseline: step 07350 (57.0%) | loss: 1.615095 | lrm: 0.86 | mfu: 4.6% | epoch: 3 | remaining: 774s
2026-04-21 13:26:06,638 INFO train_baseline: step 07400 (57.4%) | loss: 1.609604 | lrm: 0.85 | mfu: 4.6% | epoch: 3 | remaining: 767s
2026-04-21 13:26:13,531 INFO train_baseline: step 07450 (57.7%) | loss: 1.611211 | lrm: 0.85 | mfu: 4.7% | epoch: 3 | remaining: 761s
2026-04-21 13:26:20,376 INFO train_baseline: step 07500 (58.1%) | loss: 1.614251 | lrm: 0.84 | mfu: 4.7% | epoch: 3 | remaining: 754s
2026-04-21 13:26:27,299 INFO train_baseline: step 07550 (58.5%) | loss: 1.619552 | lrm: 0.83 | mfu: 4.5% | epoch: 3 | remaining: 747s
2026-04-21 13:26:34,151 INFO train_baseline: step 07600 (58.9%) | loss: 1.612382 | lrm: 0.82 | mfu: 4.7% | epoch: 3 | remaining: 740s
2026-04-21 13:26:40,967 INFO train_baseline: step 07650 (59.3%) | loss: 1.612518 | lrm: 0.81 | mfu: 4.7% | epoch: 3 | remaining: 733s
2026-04-21 13:26:47,867 INFO train_baseline: step 07700 (59.6%) | loss: 1.606115 | lrm: 0.81 | mfu: 3.1% | epoch: 3 | remaining: 726s
2026-04-21 13:26:54,767 INFO train_baseline: step 07750 (60.0%) | loss: 1.601576 | lrm: 0.80 | mfu: 4.6% | epoch: 3 | remaining: 719s
2026-04-21 13:27:01,312 INFO train_baseline: step 07800 (60.4%) | loss: 1.603198 | lrm: 0.79 | mfu: 5.0% | epoch: 3 | remaining: 713s
2026-04-21 13:27:07,460 INFO train_baseline: step 07850 (60.7%) | loss: 1.607170 | lrm: 0.79 | mfu: 5.6% | epoch: 3 | remaining: 707s
2026-04-21 13:27:13,459 INFO train_baseline: step 07900 (61.1%) | loss: 1.606870 | lrm: 0.78 | mfu: 5.3% | epoch: 3 | remaining: 701s
2026-04-21 13:27:19,632 INFO train_baseline: step 07950 (61.4%) | loss: 1.613766 | lrm: 0.77 | mfu: 4.9% | epoch: 3 | remaining: 695s
2026-04-21 13:27:26,161 INFO train_baseline: step 08000 (61.8%) | loss: 1.609270 | lrm: 0.76 | mfu: 4.5% | epoch: 3 | remaining: 688s
2026-04-21 13:27:33,061 INFO train_baseline: step 08050 (62.2%) | loss: 1.594917 | lrm: 0.76 | mfu: 4.5% | epoch: 3 | remaining: 681s
2026-04-21 13:27:40,011 INFO train_baseline: step 08100 (62.5%) | loss: 1.595495 | lrm: 0.75 | mfu: 4.9% | epoch: 3 | remaining: 674s
2026-04-21 13:27:46,991 INFO train_baseline: step 08150 (62.9%) | loss: 1.593582 | lrm: 0.74 | mfu: 4.5% | epoch: 3 | remaining: 667s
2026-04-21 13:27:53,895 INFO train_baseline: step 08200 (63.3%) | loss: 1.598042 | lrm: 0.73 | mfu: 3.2% | epoch: 3 | remaining: 660s
2026-04-21 13:28:00,818 INFO train_baseline: step 08250 (63.7%) | loss: 1.592030 | lrm: 0.73 | mfu: 4.3% | epoch: 3 | remaining: 653s
2026-04-21 13:28:07,745 INFO train_baseline: step 08300 (64.1%) | loss: 1.594155 | lrm: 0.72 | mfu: 4.5% | epoch: 3 | remaining: 646s
2026-04-21 13:28:14,626 INFO train_baseline: step 08350 (64.5%) | loss: 1.601692 | lrm: 0.71 | mfu: 5.0% | epoch: 3 | remaining: 640s
2026-04-21 13:28:21,457 INFO train_baseline: step 08400 (64.8%) | loss: 1.589335 | lrm: 0.70 | mfu: 4.9% | epoch: 3 | remaining: 633s
2026-04-21 13:28:28,452 INFO train_baseline: step 08450 (65.2%) | loss: 1.586414 | lrm: 0.70 | mfu: 4.7% | epoch: 3 | remaining: 626s
2026-04-21 13:28:35,362 INFO train_baseline: step 08500 (65.6%) | loss: 1.592635 | lrm: 0.69 | mfu: 4.7% | epoch: 3 | remaining: 619s
2026-04-21 13:28:42,364 INFO train_baseline: step 08550 (66.0%) | loss: 1.597065 | lrm: 0.68 | mfu: 4.5% | epoch: 3 | remaining: 612s
2026-04-21 13:28:49,210 INFO train_baseline: step 08600 (66.4%) | loss: 1.591657 | lrm: 0.67 | mfu: 5.0% | epoch: 3 | remaining: 605s
2026-04-21 13:28:56,092 INFO train_baseline: step 08650 (66.8%) | loss: 1.587670 | lrm: 0.66 | mfu: 5.0% | epoch: 3 | remaining: 598s
2026-04-21 13:29:03,269 INFO train_baseline: step 08700 (67.2%) | loss: 1.583490 | lrm: 0.66 | mfu: 4.8% | epoch: 3 | remaining: 591s
2026-04-21 13:29:10,230 INFO train_baseline: step 08750 (67.5%) | loss: 1.587138 | lrm: 0.65 | mfu: 4.8% | epoch: 3 | remaining: 584s
2026-04-21 13:29:17,130 INFO train_baseline: step 08800 (67.9%) | loss: 1.580797 | lrm: 0.64 | mfu: 5.2% | epoch: 3 | remaining: 577s
2026-04-21 13:29:23,980 INFO train_baseline: step 08850 (68.3%) | loss: 1.578993 | lrm: 0.63 | mfu: 4.2% | epoch: 3 | remaining: 570s
2026-04-21 13:29:30,863 INFO train_baseline: step 08900 (68.7%) | loss: 1.578203 | lrm: 0.63 | mfu: 4.7% | epoch: 3 | remaining: 563s
2026-04-21 13:29:37,713 INFO train_baseline: step 08950 (69.1%) | loss: 1.575886 | lrm: 0.62 | mfu: 4.6% | epoch: 3 | remaining: 557s
2026-04-21 13:29:44,537 INFO train_baseline: step 09000 (69.5%) | loss: 1.579533 | lrm: 0.61 | mfu: 4.9% | epoch: 3 | remaining: 550s
2026-04-21 13:29:51,411 INFO train_baseline: step 09050 (69.8%) | loss: 1.571518 | lrm: 0.60 | mfu: 5.3% | epoch: 3 | remaining: 543s
2026-04-21 13:29:57,804 INFO train_baseline: step 09100 (70.2%) | loss: 1.574075 | lrm: 0.60 | mfu: 5.0% | epoch: 3 | remaining: 537s
2026-04-21 13:30:03,889 INFO train_baseline: step 09150 (70.5%) | loss: 1.572624 | lrm: 0.59 | mfu: 5.1% | epoch: 3 | remaining: 530s
2026-04-21 13:30:10,012 INFO train_baseline: step 09200 (70.9%) | loss: 1.574547 | lrm: 0.58 | mfu: 4.7% | epoch: 3 | remaining: 524s
2026-04-21 13:30:16,314 INFO train_baseline: step 09250 (71.2%) | loss: 1.564104 | lrm: 0.58 | mfu: 4.9% | epoch: 3 | remaining: 518s
2026-04-21 13:30:23,059 INFO train_baseline: step 09300 (71.6%) | loss: 1.575096 | lrm: 0.57 | mfu: 4.5% | epoch: 3 | remaining: 511s
2026-04-21 13:30:29,980 INFO train_baseline: step 09350 (72.0%) | loss: 1.581587 | lrm: 0.56 | mfu: 3.1% | epoch: 3 | remaining: 504s
2026-04-21 13:30:36,881 INFO train_baseline: step 09400 (72.4%) | loss: 1.568740 | lrm: 0.55 | mfu: 4.4% | epoch: 3 | remaining: 497s
2026-04-21 13:30:43,738 INFO train_baseline: step 09450 (72.7%) | loss: 1.565827 | lrm: 0.55 | mfu: 5.0% | epoch: 3 | remaining: 491s
2026-04-21 13:30:50,624 INFO train_baseline: step 09500 (73.1%) | loss: 1.560241 | lrm: 0.54 | mfu: 4.6% | epoch: 3 | remaining: 484s
2026-04-21 13:30:57,523 INFO train_baseline: step 09550 (73.5%) | loss: 1.559462 | lrm: 0.53 | mfu: 4.7% | epoch: 3 | remaining: 477s
2026-04-21 13:31:04,490 INFO train_baseline: step 09600 (73.9%) | loss: 1.552335 | lrm: 0.52 | mfu: 4.5% | epoch: 3 | remaining: 470s
2026-04-21 13:31:11,410 INFO train_baseline: step 09650 (74.3%) | loss: 1.566784 | lrm: 0.51 | mfu: 4.4% | epoch: 3 | remaining: 463s
2026-04-21 13:31:18,298 INFO train_baseline: step 09700 (74.7%) | loss: 1.569635 | lrm: 0.51 | mfu: 4.9% | epoch: 3 | remaining: 456s
2026-04-21 13:31:25,235 INFO train_baseline: step 09750 (75.0%) | loss: 1.561945 | lrm: 0.50 | mfu: 4.7% | epoch: 3 | remaining: 449s
2026-04-21 13:31:31,997 INFO train_baseline: step 09800 (75.4%) | loss: 1.561641 | lrm: 0.49 | mfu: 4.9% | epoch: 3 | remaining: 442s
2026-04-21 13:31:38,984 INFO train_baseline: step 09850 (75.8%) | loss: 1.553447 | lrm: 0.48 | mfu: 4.7% | epoch: 3 | remaining: 435s
2026-04-21 13:31:45,848 INFO train_baseline: step 09900 (76.2%) | loss: 1.556655 | lrm: 0.48 | mfu: 4.9% | epoch: 3 | remaining: 429s
2026-04-21 13:31:52,700 INFO train_baseline: step 09950 (76.6%) | loss: 1.564482 | lrm: 0.47 | mfu: 4.6% | epoch: 3 | remaining: 422s
2026-04-21 13:31:59,697 INFO train_baseline: step 10000 (77.0%) | loss: 1.556002 | lrm: 0.46 | mfu: 4.4% | epoch: 3 | remaining: 415s
2026-04-21 13:32:06,722 INFO train_baseline: step 10050 (77.3%) | loss: 1.559242 | lrm: 0.45 | mfu: 4.5% | epoch: 3 | remaining: 408s
2026-04-21 13:32:13,552 INFO train_baseline: step 10100 (77.7%) | loss: 1.544439 | lrm: 0.45 | mfu: 4.2% | epoch: 3 | remaining: 401s
2026-04-21 13:32:20,410 INFO train_baseline: step 10150 (78.1%) | loss: 1.559710 | lrm: 0.44 | mfu: 5.0% | epoch: 4 | remaining: 394s
2026-04-21 13:32:27,451 INFO train_baseline: step 10200 (78.5%) | loss: 1.545792 | lrm: 0.43 | mfu: 4.7% | epoch: 4 | remaining: 387s
2026-04-21 13:32:34,413 INFO train_baseline: step 10250 (78.9%) | loss: 1.556589 | lrm: 0.42 | mfu: 4.8% | epoch: 4 | remaining: 380s
2026-04-21 13:32:41,331 INFO train_baseline: step 10300 (79.3%) | loss: 1.547691 | lrm: 0.41 | mfu: 4.6% | epoch: 4 | remaining: 373s
2026-04-21 13:32:48,140 INFO train_baseline: step 10350 (79.6%) | loss: 1.558128 | lrm: 0.41 | mfu: 4.9% | epoch: 4 | remaining: 366s
2026-04-21 13:32:54,975 INFO train_baseline: step 10400 (80.0%) | loss: 1.546651 | lrm: 0.40 | mfu: 4.0% | epoch: 4 | remaining: 360s
2026-04-21 13:33:01,895 INFO train_baseline: step 10450 (80.4%) | loss: 1.543577 | lrm: 0.39 | mfu: 5.0% | epoch: 4 | remaining: 353s
2026-04-21 13:33:08,830 INFO train_baseline: step 10500 (80.8%) | loss: 1.532805 | lrm: 0.38 | mfu: 4.7% | epoch: 4 | remaining: 346s
2026-04-21 13:33:15,807 INFO train_baseline: step 10550 (81.2%) | loss: 1.544389 | lrm: 0.38 | mfu: 4.9% | epoch: 4 | remaining: 339s
2026-04-21 13:33:22,643 INFO train_baseline: step 10600 (81.6%) | loss: 1.541522 | lrm: 0.37 | mfu: 4.7% | epoch: 4 | remaining: 332s
2026-04-21 13:33:29,612 INFO train_baseline: step 10650 (81.9%) | loss: 1.528823 | lrm: 0.36 | mfu: 4.7% | epoch: 4 | remaining: 325s
2026-04-21 13:33:36,511 INFO train_baseline: step 10700 (82.3%) | loss: 1.537985 | lrm: 0.35 | mfu: 4.4% | epoch: 4 | remaining: 318s
2026-04-21 13:33:43,383 INFO train_baseline: step 10750 (82.7%) | loss: 1.528481 | lrm: 0.35 | mfu: 4.9% | epoch: 4 | remaining: 311s
2026-04-21 13:33:50,254 INFO train_baseline: step 10800 (83.1%) | loss: 1.526192 | lrm: 0.34 | mfu: 4.7% | epoch: 4 | remaining: 304s
2026-04-21 13:33:57,215 INFO train_baseline: step 10850 (83.5%) | loss: 1.531730 | lrm: 0.33 | mfu: 4.5% | epoch: 4 | remaining: 297s
2026-04-21 13:34:03,659 INFO train_baseline: step 10900 (83.8%) | loss: 1.536203 | lrm: 0.32 | mfu: 5.3% | epoch: 4 | remaining: 291s
2026-04-21 13:34:09,843 INFO train_baseline: step 10950 (84.2%) | loss: 1.527015 | lrm: 0.32 | mfu: 5.3% | epoch: 4 | remaining: 285s
2026-04-21 13:34:15,978 INFO train_baseline: step 11000 (84.5%) | loss: 1.522478 | lrm: 0.31 | mfu: 3.3% | epoch: 4 | remaining: 279s
2026-04-21 13:34:22,179 INFO train_baseline: step 11050 (84.9%) | loss: 1.523653 | lrm: 0.30 | mfu: 4.6% | epoch: 4 | remaining: 272s
2026-04-21 13:34:28,785 INFO train_baseline: step 11100 (85.2%) | loss: 1.521112 | lrm: 0.30 | mfu: 4.9% | epoch: 4 | remaining: 266s
2026-04-21 13:34:35,551 INFO train_baseline: step 11150 (85.6%) | loss: 1.524454 | lrm: 0.29 | mfu: 5.0% | epoch: 4 | remaining: 259s
2026-04-21 13:34:42,351 INFO train_baseline: step 11200 (86.0%) | loss: 1.523133 | lrm: 0.28 | mfu: 4.2% | epoch: 4 | remaining: 252s
2026-04-21 13:34:49,322 INFO train_baseline: step 11250 (86.4%) | loss: 1.522502 | lrm: 0.27 | mfu: 4.2% | epoch: 4 | remaining: 245s
2026-04-21 13:34:56,222 INFO train_baseline: step 11300 (86.7%) | loss: 1.519694 | lrm: 0.27 | mfu: 4.9% | epoch: 4 | remaining: 238s
2026-04-21 13:35:03,168 INFO train_baseline: step 11350 (87.1%) | loss: 1.519697 | lrm: 0.26 | mfu: 4.5% | epoch: 4 | remaining: 231s
2026-04-21 13:35:10,063 INFO train_baseline: step 11400 (87.5%) | loss: 1.512412 | lrm: 0.25 | mfu: 4.2% | epoch: 4 | remaining: 225s
2026-04-21 13:35:17,038 INFO train_baseline: step 11450 (87.9%) | loss: 1.514306 | lrm: 0.24 | mfu: 4.7% | epoch: 4 | remaining: 218s
2026-04-21 13:35:24,013 INFO train_baseline: step 11500 (88.3%) | loss: 1.519093 | lrm: 0.23 | mfu: 4.7% | epoch: 4 | remaining: 211s
2026-04-21 13:35:30,922 INFO train_baseline: step 11550 (88.7%) | loss: 1.506547 | lrm: 0.23 | mfu: 5.0% | epoch: 4 | remaining: 204s
2026-04-21 13:35:37,901 INFO train_baseline: step 11600 (89.1%) | loss: 1.510718 | lrm: 0.22 | mfu: 4.7% | epoch: 4 | remaining: 197s
2026-04-21 13:35:44,985 INFO train_baseline: step 11650 (89.5%) | loss: 1.503747 | lrm: 0.21 | mfu: 2.9% | epoch: 4 | remaining: 190s
2026-04-21 13:35:51,993 INFO train_baseline: step 11700 (89.8%) | loss: 1.509496 | lrm: 0.20 | mfu: 4.9% | epoch: 4 | remaining: 183s
2026-04-21 13:35:58,809 INFO train_baseline: step 11750 (90.2%) | loss: 1.501590 | lrm: 0.20 | mfu: 4.3% | epoch: 4 | remaining: 176s
2026-04-21 13:36:05,748 INFO train_baseline: step 11800 (90.6%) | loss: 1.496874 | lrm: 0.19 | mfu: 4.3% | epoch: 4 | remaining: 169s
2026-04-21 13:36:12,524 INFO train_baseline: step 11850 (91.0%) | loss: 1.507005 | lrm: 0.18 | mfu: 4.8% | epoch: 4 | remaining: 162s
2026-04-21 13:36:19,492 INFO train_baseline: step 11900 (91.4%) | loss: 1.513739 | lrm: 0.17 | mfu: 4.6% | epoch: 4 | remaining: 155s
2026-04-21 13:36:26,308 INFO train_baseline: step 11950 (91.8%) | loss: 1.502759 | lrm: 0.16 | mfu: 4.6% | epoch: 4 | remaining: 148s
2026-04-21 13:36:33,429 INFO train_baseline: step 12000 (92.1%) | loss: 1.508132 | lrm: 0.16 | mfu: 4.5% | epoch: 4 | remaining: 141s
2026-04-21 13:36:40,525 INFO train_baseline: step 12050 (92.5%) | loss: 1.504348 | lrm: 0.15 | mfu: 4.0% | epoch: 4 | remaining: 134s
2026-04-21 13:36:47,427 INFO train_baseline: step 12100 (92.9%) | loss: 1.489829 | lrm: 0.14 | mfu: 4.4% | epoch: 4 | remaining: 127s
2026-04-21 13:36:54,442 INFO train_baseline: step 12150 (93.3%) | loss: 1.502239 | lrm: 0.13 | mfu: 4.7% | epoch: 4 | remaining: 120s
2026-04-21 13:37:01,489 INFO train_baseline: step 12200 (93.7%) | loss: 1.505175 | lrm: 0.13 | mfu: 4.5% | epoch: 4 | remaining: 113s
2026-04-21 13:37:08,375 INFO train_baseline: step 12250 (94.1%) | loss: 1.494829 | lrm: 0.12 | mfu: 4.4% | epoch: 4 | remaining: 106s
2026-04-21 13:37:15,322 INFO train_baseline: step 12300 (94.5%) | loss: 1.492305 | lrm: 0.11 | mfu: 4.5% | epoch: 4 | remaining: 99s
2026-04-21 13:37:22,218 INFO train_baseline: step 12350 (94.9%) | loss: 1.491870 | lrm: 0.10 | mfu: 4.9% | epoch: 4 | remaining: 93s
2026-04-21 13:37:29,243 INFO train_baseline: step 12400 (95.2%) | loss: 1.492771 | lrm: 0.10 | mfu: 4.4% | epoch: 4 | remaining: 85s
2026-04-21 13:37:36,155 INFO train_baseline: step 12450 (95.6%) | loss: 1.488881 | lrm: 0.09 | mfu: 4.8% | epoch: 4 | remaining: 79s
2026-04-21 13:37:42,939 INFO train_baseline: step 12500 (96.0%) | loss: 1.490164 | lrm: 0.08 | mfu: 4.3% | epoch: 4 | remaining: 72s
2026-04-21 13:37:49,866 INFO train_baseline: step 12550 (96.4%) | loss: 1.480190 | lrm: 0.07 | mfu: 4.5% | epoch: 4 | remaining: 65s
2026-04-21 13:37:56,677 INFO train_baseline: step 12600 (96.8%) | loss: 1.483368 | lrm: 0.06 | mfu: 4.6% | epoch: 4 | remaining: 58s
2026-04-21 13:38:03,701 INFO train_baseline: step 12650 (97.2%) | loss: 1.493339 | lrm: 0.06 | mfu: 4.7% | epoch: 4 | remaining: 51s
2026-04-21 13:38:10,614 INFO train_baseline: step 12700 (97.5%) | loss: 1.488023 | lrm: 0.05 | mfu: 5.1% | epoch: 4 | remaining: 44s
2026-04-21 13:38:17,524 INFO train_baseline: step 12750 (97.9%) | loss: 1.478464 | lrm: 0.04 | mfu: 4.9% | epoch: 4 | remaining: 37s
2026-04-21 13:38:24,496 INFO train_baseline: step 12800 (98.3%) | loss: 1.472642 | lrm: 0.03 | mfu: 3.1% | epoch: 4 | remaining: 30s
2026-04-21 13:38:31,387 INFO train_baseline: step 12850 (98.7%) | loss: 1.494672 | lrm: 0.03 | mfu: 4.6% | epoch: 4 | remaining: 23s
2026-04-21 13:38:38,261 INFO train_baseline: step 12900 (99.1%) | loss: 1.480904 | lrm: 0.02 | mfu: 4.6% | epoch: 4 | remaining: 17s
2026-04-21 13:38:45,099 INFO train_baseline: step 12950 (99.5%) | loss: 1.471461 | lrm: 0.01 | mfu: 4.9% | epoch: 4 | remaining: 10s
2026-04-21 13:38:52,147 INFO train_baseline: step 13000 (99.8%) | loss: 1.464346 | lrm: 0.00 | mfu: 4.5% | epoch: 4 | remaining: 3s
2026-04-21 13:39:03,460 INFO train_baseline: --- Final Results ---
2026-04-21 13:39:03,460 INFO train_baseline: val_bpb:          0.560674
2026-04-21 13:39:03,460 INFO train_baseline: training_seconds: 1800.1
2026-04-21 13:39:03,460 INFO train_baseline: total_seconds:    1854.4
2026-04-21 13:39:03,460 INFO train_baseline: peak_vram_mb:     7243.3
2026-04-21 13:39:03,460 INFO train_baseline: mfu_percent:      4.52
2026-04-21 13:39:03,460 INFO train_baseline: total_tokens_M:   1706.7
2026-04-21 13:39:03,461 INFO train_baseline: num_steps:        13021
2026-04-21 13:39:03,461 INFO train_baseline: num_params_M:     11.5
2026-04-21 13:39:03,461 INFO train_baseline: depth:            4
2026-04-21 13:39:03,579 INFO train_baseline: Checkpoint saved to /mmfs1/projects/changhui.yan/m.afzalsiddique/codes/autoresearch-master/checkpoints/baseline.pt
