2026-05-01 11:59:21,086 INFO train: Vocab size: 8,192
2026-05-01 11:59:21,086 INFO train: Model config: {'sequence_len': 2048, 'vocab_size': 8192, 'n_layer': 4, 'n_head': 2, 'n_kv_head': 2, 'n_embd': 256, 'window_pattern': 'L'}
2026-05-01 11:59:21,316 INFO train: Parameter counts:
2026-05-01 11:59:21,316 INFO train:   wte                     : 2,097,152
2026-05-01 11:59:21,318 INFO train:   value_embeds            : 4,194,304
2026-05-01 11:59:21,319 INFO train:   lm_head                 : 2,097,152
2026-05-01 11:59:21,320 INFO train:   transformer_matrices    : 3,145,856
2026-05-01 11:59:21,320 INFO train:   scalars                 : 8
2026-05-01 11:59:21,320 INFO train:   total                   : 11,534,472
2026-05-01 11:59:21,320 INFO train: Estimated FLOPs per token: 5.662387e+07
2026-05-01 11:59:21,320 INFO train: Scaling AdamW LRs by 1/sqrt(256/768) = 1.732051
2026-05-01 11:59:22,767 INFO train: Time budget: 300s
2026-05-01 11:59:22,768 INFO train: Gradient accumulation steps: 1
2026-05-01 11:59:53,453 INFO train: step 00000 (0.0%) | loss: 9.010333 | lrm: 1.00 | mfu: 0.0% | epoch: 1 | remaining: 300s
2026-05-01 12:00:08,516 INFO train: step 00050 (3.8%) | loss: 2.819873 | lrm: 1.00 | mfu: 2.2% | epoch: 1 | remaining: 288s
2026-05-01 12:00:23,427 INFO train: step 00100 (8.8%) | loss: 2.240532 | lrm: 1.00 | mfu: 2.5% | epoch: 1 | remaining: 273s
2026-05-01 12:00:38,429 INFO train: step 00150 (13.8%) | loss: 2.069517 | lrm: 1.00 | mfu: 2.8% | epoch: 1 | remaining: 258s
2026-05-01 12:00:53,127 INFO train: step 00200 (18.7%) | loss: 1.991942 | lrm: 1.00 | mfu: 2.6% | epoch: 1 | remaining: 244s
2026-05-01 12:01:07,835 INFO train: step 00250 (23.6%) | loss: 1.933869 | lrm: 1.00 | mfu: 2.6% | epoch: 1 | remaining: 229s
2026-05-01 12:01:22,811 INFO train: step 00300 (28.6%) | loss: 1.899153 | lrm: 1.00 | mfu: 2.6% | epoch: 1 | remaining: 214s
2026-05-01 12:01:37,782 INFO train: step 00350 (33.6%) | loss: 1.867243 | lrm: 0.95 | mfu: 2.5% | epoch: 1 | remaining: 199s
2026-05-01 12:01:52,753 INFO train: step 00400 (38.6%) | loss: 1.822997 | lrm: 0.88 | mfu: 2.7% | epoch: 1 | remaining: 184s
2026-05-01 12:02:07,822 INFO train: step 00450 (43.6%) | loss: 1.802493 | lrm: 0.81 | mfu: 2.7% | epoch: 1 | remaining: 169s
2026-05-01 12:02:23,111 INFO train: step 00500 (48.7%) | loss: 1.775934 | lrm: 0.73 | mfu: 2.7% | epoch: 1 | remaining: 154s
2026-05-01 12:02:37,983 INFO train: step 00550 (53.6%) | loss: 1.772952 | lrm: 0.66 | mfu: 2.5% | epoch: 1 | remaining: 139s
2026-05-01 12:02:52,956 INFO train: step 00600 (58.6%) | loss: 1.736174 | lrm: 0.59 | mfu: 2.8% | epoch: 1 | remaining: 124s
2026-05-01 12:03:07,904 INFO train: step 00650 (63.6%) | loss: 1.721712 | lrm: 0.52 | mfu: 2.4% | epoch: 1 | remaining: 109s
2026-05-01 12:03:22,805 INFO train: step 00700 (68.6%) | loss: 1.703379 | lrm: 0.45 | mfu: 2.5% | epoch: 1 | remaining: 94s
2026-05-01 12:03:37,775 INFO train: step 00750 (73.6%) | loss: 1.690589 | lrm: 0.38 | mfu: 2.8% | epoch: 1 | remaining: 79s
2026-05-01 12:03:52,459 INFO train: step 00800 (78.4%) | loss: 1.686325 | lrm: 0.31 | mfu: 1.9% | epoch: 1 | remaining: 64s
2026-05-01 12:04:07,450 INFO train: step 00850 (83.4%) | loss: 1.663461 | lrm: 0.24 | mfu: 2.5% | epoch: 1 | remaining: 49s
2026-05-01 12:04:22,509 INFO train: step 00900 (88.4%) | loss: 1.652781 | lrm: 0.17 | mfu: 2.5% | epoch: 1 | remaining: 34s
2026-05-01 12:04:37,432 INFO train: step 00950 (93.4%) | loss: 1.639203 | lrm: 0.09 | mfu: 2.3% | epoch: 1 | remaining: 19s
2026-05-01 12:04:52,295 INFO train: step 01000 (98.4%) | loss: 1.625946 | lrm: 0.02 | mfu: 2.7% | epoch: 1 | remaining: 5s
2026-05-01 12:05:07,820 INFO train: --- Final Results ---
2026-05-01 12:05:07,821 INFO train: val_bpb:          0.612361
2026-05-01 12:05:07,821 INFO train: training_seconds: 300.1
2026-05-01 12:05:07,821 INFO train: total_seconds:    346.7
2026-05-01 12:05:07,821 INFO train: peak_vram_mb:     7243.3
2026-05-01 12:05:07,821 INFO train: mfu_percent:      2.52
2026-05-01 12:05:07,821 INFO train: total_tokens_M:   133.3
2026-05-01 12:05:07,821 INFO train: num_steps:        1017
2026-05-01 12:05:07,821 INFO train: num_params_M:     11.5
2026-05-01 12:05:07,821 INFO train: depth:            4
