2026-04-29 19:40:37,646 INFO train: GPU a40
2026-04-29 19:40:42,511 INFO train: Vocab size: 8,192
2026-04-29 19:40:42,512 INFO train: Model config: {'sequence_len': 2048, 'vocab_size': 8192, 'n_layer': 4, 'n_head': 2, 'n_kv_head': 2, 'n_embd': 256, 'window_pattern': 'L'}
2026-04-29 19:40:42,875 INFO train: Parameter counts:
2026-04-29 19:40:42,877 INFO train:   wte                     : 2,097,152
2026-04-29 19:40:42,878 INFO train:   value_embeds            : 4,194,304
2026-04-29 19:40:42,878 INFO train:   lm_head                 : 2,097,152
2026-04-29 19:40:42,878 INFO train:   transformer_matrices    : 3,145,856
2026-04-29 19:40:42,878 INFO train:   scalars                 : 8
2026-04-29 19:40:42,878 INFO train:   total                   : 11,534,472
2026-04-29 19:40:42,878 INFO train: Estimated FLOPs per token: 5.662387e+07
2026-04-29 19:40:42,878 INFO train: Scaling AdamW LRs by 1/sqrt(256/768) = 1.732051
2026-04-29 19:40:44,373 INFO train: Time budget: 300s
2026-04-29 19:40:44,374 INFO train: Gradient accumulation steps: 1
2026-04-29 19:41:09,537 INFO train: step 00000 (0.0%) | loss: 9.010337 | lrm: 1.00 | mfu: 0.0% | epoch: 1 | remaining: 300s
2026-04-29 19:41:15,658 INFO train: step 00050 (1.5%) | loss: 2.754694 | lrm: 1.00 | mfu: 6.5% | epoch: 1 | remaining: 295s
2026-04-29 19:41:21,585 INFO train: step 00100 (3.5%) | loss: 2.234904 | lrm: 1.00 | mfu: 6.5% | epoch: 1 | remaining: 289s
2026-04-29 19:41:27,540 INFO train: step 00150 (5.4%) | loss: 2.075199 | lrm: 1.00 | mfu: 6.5% | epoch: 1 | remaining: 284s
2026-04-29 19:41:33,520 INFO train: step 00200 (7.4%) | loss: 2.001228 | lrm: 1.00 | mfu: 6.4% | epoch: 1 | remaining: 278s
2026-04-29 19:41:39,584 INFO train: step 00250 (9.4%) | loss: 1.948336 | lrm: 1.00 | mfu: 6.4% | epoch: 1 | remaining: 272s
2026-04-29 19:41:45,570 INFO train: step 00300 (11.4%) | loss: 1.914867 | lrm: 1.00 | mfu: 6.4% | epoch: 1 | remaining: 266s
2026-04-29 19:41:51,574 INFO train: step 00350 (13.4%) | loss: 1.887265 | lrm: 1.00 | mfu: 6.4% | epoch: 1 | remaining: 260s
2026-04-29 19:41:57,612 INFO train: step 00400 (15.4%) | loss: 1.851160 | lrm: 1.00 | mfu: 6.4% | epoch: 1 | remaining: 254s
2026-04-29 19:42:03,649 INFO train: step 00450 (17.4%) | loss: 1.838045 | lrm: 1.00 | mfu: 6.4% | epoch: 1 | remaining: 248s
2026-04-29 19:42:09,780 INFO train: step 00500 (19.4%) | loss: 1.819393 | lrm: 1.00 | mfu: 6.4% | epoch: 1 | remaining: 242s
2026-04-29 19:42:15,783 INFO train: step 00550 (21.4%) | loss: 1.823490 | lrm: 1.00 | mfu: 6.4% | epoch: 1 | remaining: 236s
2026-04-29 19:42:21,786 INFO train: step 00600 (23.3%) | loss: 1.794827 | lrm: 1.00 | mfu: 6.4% | epoch: 1 | remaining: 230s
2026-04-29 19:42:27,802 INFO train: step 00650 (25.3%) | loss: 1.785988 | lrm: 1.00 | mfu: 6.4% | epoch: 1 | remaining: 224s
2026-04-29 19:42:33,833 INFO train: step 00700 (27.3%) | loss: 1.775233 | lrm: 1.00 | mfu: 6.4% | epoch: 1 | remaining: 218s
2026-04-29 19:42:39,881 INFO train: step 00750 (29.3%) | loss: 1.769827 | lrm: 1.00 | mfu: 6.4% | epoch: 1 | remaining: 212s
2026-04-29 19:42:46,029 INFO train: step 00800 (31.3%) | loss: 1.771665 | lrm: 0.98 | mfu: 5.0% | epoch: 1 | remaining: 206s
2026-04-29 19:42:52,119 INFO train: step 00850 (33.3%) | loss: 1.753673 | lrm: 0.95 | mfu: 6.4% | epoch: 1 | remaining: 200s
2026-04-29 19:42:58,254 INFO train: step 00900 (35.4%) | loss: 1.745588 | lrm: 0.92 | mfu: 6.4% | epoch: 1 | remaining: 194s
2026-04-29 19:43:04,453 INFO train: step 00950 (37.4%) | loss: 1.734386 | lrm: 0.89 | mfu: 6.1% | epoch: 1 | remaining: 188s
2026-04-29 19:43:10,615 INFO train: step 01000 (39.4%) | loss: 1.720739 | lrm: 0.87 | mfu: 6.4% | epoch: 1 | remaining: 182s
2026-04-29 19:43:16,695 INFO train: step 01050 (41.4%) | loss: 1.720974 | lrm: 0.84 | mfu: 6.2% | epoch: 1 | remaining: 176s
2026-04-29 19:43:22,875 INFO train: step 01100 (43.4%) | loss: 1.717279 | lrm: 0.81 | mfu: 6.4% | epoch: 1 | remaining: 170s
2026-04-29 19:43:29,054 INFO train: step 01150 (45.5%) | loss: 1.705469 | lrm: 0.78 | mfu: 6.4% | epoch: 1 | remaining: 163s
2026-04-29 19:43:35,231 INFO train: step 01200 (47.5%) | loss: 1.712519 | lrm: 0.75 | mfu: 6.4% | epoch: 1 | remaining: 157s
2026-04-29 19:43:41,404 INFO train: step 01250 (49.5%) | loss: 1.701079 | lrm: 0.72 | mfu: 6.4% | epoch: 1 | remaining: 151s
2026-04-29 19:43:47,577 INFO train: step 01300 (51.5%) | loss: 1.678997 | lrm: 0.69 | mfu: 4.3% | epoch: 1 | remaining: 145s
2026-04-29 19:43:53,649 INFO train: step 01350 (53.5%) | loss: 1.674463 | lrm: 0.66 | mfu: 6.4% | epoch: 1 | remaining: 139s
2026-04-29 19:43:59,795 INFO train: step 01400 (55.6%) | loss: 1.664596 | lrm: 0.63 | mfu: 6.4% | epoch: 1 | remaining: 133s
2026-04-29 19:44:05,945 INFO train: step 01450 (57.6%) | loss: 1.662413 | lrm: 0.61 | mfu: 6.4% | epoch: 1 | remaining: 127s
2026-04-29 19:44:12,073 INFO train: step 01500 (59.6%) | loss: 1.656894 | lrm: 0.58 | mfu: 6.3% | epoch: 1 | remaining: 121s
2026-04-29 19:44:18,188 INFO train: step 01550 (61.6%) | loss: 1.654924 | lrm: 0.55 | mfu: 6.4% | epoch: 1 | remaining: 115s
2026-04-29 19:44:24,342 INFO train: step 01600 (63.6%) | loss: 1.654878 | lrm: 0.52 | mfu: 6.4% | epoch: 1 | remaining: 109s
2026-04-29 19:44:30,449 INFO train: step 01650 (65.6%) | loss: 1.643848 | lrm: 0.49 | mfu: 6.3% | epoch: 1 | remaining: 103s
2026-04-29 19:44:36,616 INFO train: step 01700 (67.6%) | loss: 1.628583 | lrm: 0.46 | mfu: 6.4% | epoch: 1 | remaining: 97s
2026-04-29 19:44:42,805 INFO train: step 01750 (69.7%) | loss: 1.638507 | lrm: 0.43 | mfu: 6.3% | epoch: 1 | remaining: 91s
2026-04-29 19:44:48,994 INFO train: step 01800 (71.7%) | loss: 1.631889 | lrm: 0.40 | mfu: 6.4% | epoch: 1 | remaining: 85s
2026-04-29 19:44:55,132 INFO train: step 01850 (73.7%) | loss: 1.623999 | lrm: 0.38 | mfu: 6.4% | epoch: 1 | remaining: 79s
2026-04-29 19:45:01,232 INFO train: step 01900 (75.7%) | loss: 1.617068 | lrm: 0.35 | mfu: 6.4% | epoch: 1 | remaining: 73s
2026-04-29 19:45:07,436 INFO train: step 01950 (77.7%) | loss: 1.600735 | lrm: 0.32 | mfu: 4.4% | epoch: 1 | remaining: 67s
2026-04-29 19:45:13,597 INFO train: step 02000 (79.8%) | loss: 1.607694 | lrm: 0.29 | mfu: 6.3% | epoch: 1 | remaining: 61s
2026-04-29 19:45:19,759 INFO train: step 02050 (81.8%) | loss: 1.596229 | lrm: 0.26 | mfu: 6.4% | epoch: 1 | remaining: 55s
2026-04-29 19:45:25,895 INFO train: step 02100 (83.8%) | loss: 1.587341 | lrm: 0.23 | mfu: 6.3% | epoch: 1 | remaining: 48s
2026-04-29 19:45:32,061 INFO train: step 02150 (85.8%) | loss: 1.580220 | lrm: 0.20 | mfu: 6.4% | epoch: 1 | remaining: 42s
2026-04-29 19:45:38,199 INFO train: step 02200 (87.8%) | loss: 1.575622 | lrm: 0.17 | mfu: 6.4% | epoch: 1 | remaining: 36s
2026-04-29 19:45:44,373 INFO train: step 02250 (89.9%) | loss: 1.574790 | lrm: 0.14 | mfu: 6.4% | epoch: 1 | remaining: 30s
2026-04-29 19:45:50,560 INFO train: step 02300 (91.9%) | loss: 1.566491 | lrm: 0.12 | mfu: 6.4% | epoch: 1 | remaining: 24s
2026-04-29 19:45:56,700 INFO train: step 02350 (93.9%) | loss: 1.565908 | lrm: 0.09 | mfu: 6.3% | epoch: 1 | remaining: 18s
2026-04-29 19:46:02,905 INFO train: step 02400 (95.9%) | loss: 1.557908 | lrm: 0.06 | mfu: 6.4% | epoch: 1 | remaining: 12s
2026-04-29 19:46:09,094 INFO train: step 02450 (98.0%) | loss: 1.561943 | lrm: 0.03 | mfu: 6.4% | epoch: 1 | remaining: 6s
2026-04-29 19:46:15,202 INFO train: step 02500 (100.0%) | loss: 1.545874 | lrm: 0.00 | mfu: 6.1% | epoch: 1 | remaining: 0s
2026-04-29 19:46:20,983 INFO train: --- Final Results ---
2026-04-29 19:46:20,985 INFO train: val_bpb:          0.583714
2026-04-29 19:46:20,986 INFO train: training_seconds: 300.0
2026-04-29 19:46:20,986 INFO train: total_seconds:    338.5
2026-04-29 19:46:20,986 INFO train: peak_vram_mb:     7243.3
2026-04-29 19:46:20,986 INFO train: mfu_percent:      6.23
2026-04-29 19:46:20,986 INFO train: total_tokens_M:   327.8
2026-04-29 19:46:20,986 INFO train: num_steps:        2501
2026-04-29 19:46:20,986 INFO train: num_params_M:     11.5
2026-04-29 19:46:20,986 INFO train: depth:            4
