2026-05-01 18:20:31,342 INFO train: Vocab size: 8,192
2026-05-01 18:20:31,345 INFO train: Model config: {'sequence_len': 2048, 'vocab_size': 8192, 'n_layer': 4, 'n_head': 2, 'n_kv_head': 2, 'n_embd': 256, 'window_pattern': 'L'}
2026-05-01 18:20:31,542 INFO train: Parameter counts:
2026-05-01 18:20:31,542 INFO train:   wte                     : 2,097,152
2026-05-01 18:20:31,545 INFO train:   value_embeds            : 4,194,304
2026-05-01 18:20:31,546 INFO train:   lm_head                 : 2,097,152
2026-05-01 18:20:31,546 INFO train:   transformer_matrices    : 3,145,856
2026-05-01 18:20:31,546 INFO train:   scalars                 : 8
2026-05-01 18:20:31,546 INFO train:   total                   : 11,534,472
2026-05-01 18:20:31,546 INFO train: Estimated FLOPs per token: 5.662387e+07
2026-05-01 18:20:31,546 INFO train: Scaling AdamW LRs by 1/sqrt(256/768) = 1.732051
2026-05-01 18:20:32,925 INFO train: Time budget: 300s
2026-05-01 18:20:32,926 INFO train: Gradient accumulation steps: 1
2026-05-01 18:21:03,329 INFO train: step 00000 (0.0%) | loss: 9.010333 | lrm: 1.00 | mfu: 0.0% | epoch: 1 | remaining: 300s
2026-05-01 18:21:18,413 INFO train: step 00050 (3.8%) | loss: 2.684904 | lrm: 1.00 | mfu: 2.5% | epoch: 1 | remaining: 288s
2026-05-01 18:21:32,968 INFO train: step 00100 (8.7%) | loss: 2.218343 | lrm: 1.00 | mfu: 2.7% | epoch: 1 | remaining: 274s
2026-05-01 18:21:47,738 INFO train: step 00150 (13.6%) | loss: 2.064865 | lrm: 1.00 | mfu: 2.7% | epoch: 1 | remaining: 259s
2026-05-01 18:22:02,441 INFO train: step 00200 (18.5%) | loss: 1.990450 | lrm: 1.00 | mfu: 2.3% | epoch: 1 | remaining: 244s
2026-05-01 18:22:17,123 INFO train: step 00250 (23.4%) | loss: 1.932933 | lrm: 1.00 | mfu: 2.4% | epoch: 1 | remaining: 229s
2026-05-01 18:22:31,828 INFO train: step 00300 (28.3%) | loss: 1.899906 | lrm: 1.00 | mfu: 2.7% | epoch: 1 | remaining: 215s
2026-05-01 18:22:46,355 INFO train: step 00350 (33.1%) | loss: 1.873466 | lrm: 0.96 | mfu: 2.4% | epoch: 1 | remaining: 200s
2026-05-01 18:23:01,023 INFO train: step 00400 (38.0%) | loss: 1.833021 | lrm: 0.89 | mfu: 2.4% | epoch: 1 | remaining: 186s
2026-05-01 18:23:15,640 INFO train: step 00450 (42.9%) | loss: 1.812759 | lrm: 0.82 | mfu: 2.3% | epoch: 1 | remaining: 171s
2026-05-01 18:23:30,280 INFO train: step 00500 (47.8%) | loss: 1.787157 | lrm: 0.75 | mfu: 2.4% | epoch: 1 | remaining: 156s
2026-05-01 18:23:44,966 INFO train: step 00550 (52.7%) | loss: 1.783316 | lrm: 0.68 | mfu: 2.4% | epoch: 1 | remaining: 142s
2026-05-01 18:23:59,605 INFO train: step 00600 (57.6%) | loss: 1.745888 | lrm: 0.61 | mfu: 2.7% | epoch: 1 | remaining: 127s
2026-05-01 18:24:14,282 INFO train: step 00650 (62.4%) | loss: 1.729811 | lrm: 0.54 | mfu: 2.7% | epoch: 1 | remaining: 112s
2026-05-01 18:24:29,102 INFO train: step 00700 (67.4%) | loss: 1.709879 | lrm: 0.47 | mfu: 2.4% | epoch: 1 | remaining: 98s
2026-05-01 18:24:43,625 INFO train: step 00750 (72.2%) | loss: 1.695800 | lrm: 0.40 | mfu: 2.8% | epoch: 1 | remaining: 83s
2026-05-01 18:24:58,521 INFO train: step 00800 (77.1%) | loss: 1.689348 | lrm: 0.33 | mfu: 2.1% | epoch: 1 | remaining: 68s
2026-05-01 18:25:13,204 INFO train: step 00850 (82.1%) | loss: 1.666114 | lrm: 0.26 | mfu: 2.6% | epoch: 1 | remaining: 54s
2026-05-01 18:25:27,965 INFO train: step 00900 (87.0%) | loss: 1.653227 | lrm: 0.19 | mfu: 2.8% | epoch: 1 | remaining: 39s
2026-05-01 18:25:42,504 INFO train: step 00950 (91.8%) | loss: 1.637510 | lrm: 0.12 | mfu: 2.5% | epoch: 1 | remaining: 24s
2026-05-01 18:25:57,227 INFO train: step 01000 (96.7%) | loss: 1.620814 | lrm: 0.05 | mfu: 2.5% | epoch: 1 | remaining: 10s
2026-05-01 18:26:17,635 INFO train: --- Final Results ---
2026-05-01 18:26:17,635 INFO train: val_bpb:          0.609186
2026-05-01 18:26:17,636 INFO train: training_seconds: 300.2
2026-05-01 18:26:17,636 INFO train: total_seconds:    346.3
2026-05-01 18:26:17,636 INFO train: peak_vram_mb:     7243.3
2026-05-01 18:26:17,636 INFO train: mfu_percent:      2.56
2026-05-01 18:26:17,636 INFO train: total_tokens_M:   135.7
2026-05-01 18:26:17,636 INFO train: num_steps:        1035
2026-05-01 18:26:17,636 INFO train: num_params_M:     11.5
2026-05-01 18:26:17,636 INFO train: depth:            4
