2026-05-04 14:38:56,844 INFO train: Vocab size: 8,192
2026-05-04 14:38:56,844 INFO train: Model config: {'sequence_len': 2048, 'vocab_size': 8192, 'n_layer': 4, 'n_head': 2, 'n_kv_head': 2, 'n_embd': 256, 'window_pattern': 'L'}
2026-05-04 14:38:57,103 INFO train: Parameter counts:
2026-05-04 14:38:57,104 INFO train:   wte                     : 2,097,152
2026-05-04 14:38:57,108 INFO train:   value_embeds            : 4,194,304
2026-05-04 14:38:57,109 INFO train:   lm_head                 : 2,097,152
2026-05-04 14:38:57,109 INFO train:   transformer_matrices    : 3,145,856
2026-05-04 14:38:57,109 INFO train:   scalars                 : 8
2026-05-04 14:38:57,109 INFO train:   total                   : 11,534,472
2026-05-04 14:38:57,110 INFO train: Estimated FLOPs per token: 5.662387e+07
2026-05-04 14:38:57,110 INFO train: Scaling AdamW LRs by 1/sqrt(256/768) = 1.732051
2026-05-04 14:38:58,538 INFO train: Time budget: 300s
2026-05-04 14:38:58,538 INFO train: Gradient accumulation steps: 1
2026-05-04 14:39:29,062 INFO train: step 00000 (0.0%) | loss: 9.010333 | lrm: 1.00 | mfu: 0.0% | epoch: 1 | remaining: 300s
2026-05-04 14:39:44,065 INFO train: step 00050 (3.8%) | loss: 2.703739 | lrm: 1.00 | mfu: 2.5% | epoch: 1 | remaining: 288s
2026-05-04 14:39:58,917 INFO train: step 00100 (8.8%) | loss: 2.211156 | lrm: 1.00 | mfu: 2.7% | epoch: 1 | remaining: 273s
2026-05-04 14:40:13,924 INFO train: step 00150 (13.7%) | loss: 2.051368 | lrm: 1.00 | mfu: 2.4% | epoch: 1 | remaining: 258s
2026-05-04 14:40:28,715 INFO train: step 00200 (18.7%) | loss: 1.978395 | lrm: 1.00 | mfu: 2.7% | epoch: 1 | remaining: 244s
2026-05-04 14:40:43,404 INFO train: step 00250 (23.6%) | loss: 1.924212 | lrm: 1.00 | mfu: 2.5% | epoch: 1 | remaining: 229s
2026-05-04 14:40:58,247 INFO train: step 00300 (28.5%) | loss: 1.892216 | lrm: 1.00 | mfu: 2.7% | epoch: 1 | remaining: 214s
2026-05-04 14:41:13,186 INFO train: step 00350 (33.5%) | loss: 1.865319 | lrm: 0.95 | mfu: 2.7% | epoch: 1 | remaining: 199s
2026-05-04 14:41:27,992 INFO train: step 00400 (38.4%) | loss: 1.824583 | lrm: 0.88 | mfu: 2.7% | epoch: 1 | remaining: 184s
2026-05-04 14:41:43,054 INFO train: step 00450 (43.4%) | loss: 1.804892 | lrm: 0.81 | mfu: 2.4% | epoch: 1 | remaining: 169s
2026-05-04 14:41:58,114 INFO train: step 00500 (48.4%) | loss: 1.779388 | lrm: 0.74 | mfu: 2.4% | epoch: 1 | remaining: 154s
2026-05-04 14:42:13,280 INFO train: step 00550 (53.5%) | loss: 1.775907 | lrm: 0.66 | mfu: 2.5% | epoch: 1 | remaining: 139s
2026-05-04 14:42:28,260 INFO train: step 00600 (58.5%) | loss: 1.739231 | lrm: 0.59 | mfu: 2.4% | epoch: 1 | remaining: 124s
2026-05-04 14:42:43,003 INFO train: step 00650 (63.4%) | loss: 1.723818 | lrm: 0.52 | mfu: 2.4% | epoch: 1 | remaining: 109s
2026-05-04 14:42:57,905 INFO train: step 00700 (68.4%) | loss: 1.705218 | lrm: 0.45 | mfu: 2.5% | epoch: 1 | remaining: 95s
2026-05-04 14:43:12,682 INFO train: step 00750 (73.3%) | loss: 1.691359 | lrm: 0.38 | mfu: 2.7% | epoch: 1 | remaining: 80s
2026-05-04 14:43:27,593 INFO train: step 00800 (78.2%) | loss: 1.687305 | lrm: 0.31 | mfu: 2.0% | epoch: 1 | remaining: 65s
2026-05-04 14:43:42,317 INFO train: step 00850 (83.2%) | loss: 1.664301 | lrm: 0.24 | mfu: 2.7% | epoch: 1 | remaining: 50s
2026-05-04 14:43:57,249 INFO train: step 00900 (88.1%) | loss: 1.652960 | lrm: 0.17 | mfu: 2.7% | epoch: 1 | remaining: 35s
2026-05-04 14:44:12,064 INFO train: step 00950 (93.1%) | loss: 1.638522 | lrm: 0.10 | mfu: 2.3% | epoch: 1 | remaining: 20s
2026-05-04 14:44:27,150 INFO train: step 01000 (98.1%) | loss: 1.624370 | lrm: 0.03 | mfu: 2.5% | epoch: 1 | remaining: 5s
2026-05-04 14:44:43,511 INFO train: --- Final Results ---
2026-05-04 14:44:43,515 INFO train: val_bpb:          0.611431
2026-05-04 14:44:43,515 INFO train: training_seconds: 300.2
2026-05-04 14:44:43,515 INFO train: total_seconds:    346.7
2026-05-04 14:44:43,515 INFO train: peak_vram_mb:     7243.3
2026-05-04 14:44:43,515 INFO train: mfu_percent:      2.52
2026-05-04 14:44:43,515 INFO train: total_tokens_M:   133.7
2026-05-04 14:44:43,515 INFO train: num_steps:        1020
2026-05-04 14:44:43,515 INFO train: num_params_M:     11.5
2026-05-04 14:44:43,515 INFO train: depth:            4
