2026-04-20 15:28:56,651 INFO train: Vocab size: 8,192
2026-04-20 15:28:56,651 INFO train: Model config: {'sequence_len': 2048, 'vocab_size': 8192, 'n_layer': 4, 'n_head': 2, 'n_kv_head': 2, 'n_embd': 256, 'window_pattern': 'L'}
2026-04-20 15:28:56,858 INFO train: Parameter counts:
2026-04-20 15:28:56,858 INFO train:   wte                     : 2,097,152
2026-04-20 15:28:56,859 INFO train:   value_embeds            : 4,194,304
2026-04-20 15:28:56,862 INFO train:   lm_head                 : 2,097,152
2026-04-20 15:28:56,862 INFO train:   transformer_matrices    : 3,145,856
2026-04-20 15:28:56,862 INFO train:   scalars                 : 8
2026-04-20 15:28:56,862 INFO train:   total                   : 11,534,472
2026-04-20 15:28:56,863 INFO train: Estimated FLOPs per token: 5.662387e+07
2026-04-20 15:28:56,863 INFO train: Scaling AdamW LRs by 1/sqrt(256/768) = 1.732051
2026-04-20 15:28:58,021 INFO train: Time budget: 300s
2026-04-20 15:28:58,022 INFO train: Gradient accumulation steps: 1
2026-04-20 15:29:19,181 INFO train: step 00000 (0.0%) | loss: 9.010337 | lrm: 1.00 | mfu: 0.0% | epoch: 1 | remaining: 300s
2026-04-20 15:29:26,273 INFO train: step 00050 (1.8%) | loss: 2.806311 | lrm: 1.00 | mfu: 5.2% | epoch: 1 | remaining: 294s
2026-04-20 15:29:33,243 INFO train: step 00100 (4.1%) | loss: 2.256367 | lrm: 1.00 | mfu: 5.6% | epoch: 1 | remaining: 287s
2026-04-20 15:29:40,088 INFO train: step 00150 (6.4%) | loss: 2.077949 | lrm: 1.00 | mfu: 6.0% | epoch: 1 | remaining: 281s
2026-04-20 15:29:46,921 INFO train: step 00200 (8.7%) | loss: 1.996794 | lrm: 1.00 | mfu: 5.4% | epoch: 1 | remaining: 274s
2026-04-20 15:29:53,663 INFO train: step 00250 (10.9%) | loss: 1.938420 | lrm: 1.00 | mfu: 5.8% | epoch: 1 | remaining: 267s
2026-04-20 15:30:00,396 INFO train: step 00300 (13.2%) | loss: 1.905332 | lrm: 1.00 | mfu: 5.7% | epoch: 1 | remaining: 260s
2026-04-20 15:30:07,202 INFO train: step 00350 (15.4%) | loss: 1.875567 | lrm: 1.00 | mfu: 5.7% | epoch: 1 | remaining: 254s
2026-04-20 15:30:13,950 INFO train: step 00400 (17.7%) | loss: 1.840379 | lrm: 1.00 | mfu: 6.0% | epoch: 1 | remaining: 247s
2026-04-20 15:30:20,670 INFO train: step 00450 (19.9%) | loss: 1.827489 | lrm: 1.00 | mfu: 6.0% | epoch: 1 | remaining: 240s
2026-04-20 15:30:27,559 INFO train: step 00500 (22.2%) | loss: 1.808885 | lrm: 1.00 | mfu: 5.9% | epoch: 1 | remaining: 233s
2026-04-20 15:30:34,352 INFO train: step 00550 (24.5%) | loss: 1.813051 | lrm: 1.00 | mfu: 5.7% | epoch: 1 | remaining: 226s
2026-04-20 15:30:41,102 INFO train: step 00600 (26.7%) | loss: 1.783830 | lrm: 1.00 | mfu: 6.0% | epoch: 1 | remaining: 220s
2026-04-20 15:30:47,906 INFO train: step 00650 (29.0%) | loss: 1.776453 | lrm: 1.00 | mfu: 5.7% | epoch: 1 | remaining: 213s
2026-04-20 15:30:54,670 INFO train: step 00700 (31.2%) | loss: 1.766083 | lrm: 1.00 | mfu: 5.3% | epoch: 1 | remaining: 206s
2026-04-20 15:31:01,361 INFO train: step 00750 (33.5%) | loss: 1.760780 | lrm: 1.00 | mfu: 5.8% | epoch: 1 | remaining: 199s
2026-04-20 15:31:08,097 INFO train: step 00800 (35.7%) | loss: 1.763867 | lrm: 1.00 | mfu: 3.9% | epoch: 1 | remaining: 193s
2026-04-20 15:31:14,886 INFO train: step 00850 (38.0%) | loss: 1.749639 | lrm: 1.00 | mfu: 6.1% | epoch: 1 | remaining: 186s
2026-04-20 15:31:21,597 INFO train: step 00900 (40.2%) | loss: 1.744972 | lrm: 1.00 | mfu: 5.8% | epoch: 1 | remaining: 179s
2026-04-20 15:31:28,265 INFO train: step 00950 (42.4%) | loss: 1.735745 | lrm: 1.00 | mfu: 5.3% | epoch: 1 | remaining: 173s
2026-04-20 15:31:35,112 INFO train: step 01000 (44.7%) | loss: 1.724603 | lrm: 1.00 | mfu: 5.7% | epoch: 1 | remaining: 166s
2026-04-20 15:31:41,544 INFO train: step 01050 (46.9%) | loss: 1.727648 | lrm: 1.00 | mfu: 6.4% | epoch: 1 | remaining: 159s
2026-04-20 15:31:47,775 INFO train: step 01100 (48.9%) | loss: 1.727076 | lrm: 1.00 | mfu: 5.8% | epoch: 1 | remaining: 153s
2026-04-20 15:31:54,058 INFO train: step 01150 (51.0%) | loss: 1.717042 | lrm: 0.98 | mfu: 6.0% | epoch: 1 | remaining: 147s
2026-04-20 15:32:00,264 INFO train: step 01200 (53.1%) | loss: 1.723456 | lrm: 0.94 | mfu: 6.4% | epoch: 1 | remaining: 141s
2026-04-20 15:32:06,483 INFO train: step 01250 (55.2%) | loss: 1.710518 | lrm: 0.90 | mfu: 6.4% | epoch: 1 | remaining: 134s
2026-04-20 15:32:12,902 INFO train: step 01300 (57.3%) | loss: 1.686061 | lrm: 0.85 | mfu: 3.4% | epoch: 1 | remaining: 128s
2026-04-20 15:32:19,202 INFO train: step 01350 (59.4%) | loss: 1.680117 | lrm: 0.81 | mfu: 6.1% | epoch: 1 | remaining: 122s
2026-04-20 15:32:25,449 INFO train: step 01400 (61.5%) | loss: 1.668497 | lrm: 0.77 | mfu: 6.3% | epoch: 1 | remaining: 115s
2026-04-20 15:32:31,649 INFO train: step 01450 (63.5%) | loss: 1.665201 | lrm: 0.73 | mfu: 6.4% | epoch: 1 | remaining: 109s
2026-04-20 15:32:37,899 INFO train: step 01500 (65.6%) | loss: 1.658308 | lrm: 0.69 | mfu: 6.4% | epoch: 1 | remaining: 103s
2026-04-20 15:32:44,182 INFO train: step 01550 (67.7%) | loss: 1.655378 | lrm: 0.65 | mfu: 6.2% | epoch: 1 | remaining: 97s
2026-04-20 15:32:50,447 INFO train: step 01600 (69.8%) | loss: 1.654035 | lrm: 0.60 | mfu: 6.2% | epoch: 1 | remaining: 90s
2026-04-20 15:32:56,734 INFO train: step 01650 (71.9%) | loss: 1.641800 | lrm: 0.56 | mfu: 6.1% | epoch: 1 | remaining: 84s
2026-04-20 15:33:03,196 INFO train: step 01700 (74.0%) | loss: 1.624838 | lrm: 0.52 | mfu: 6.2% | epoch: 1 | remaining: 78s
2026-04-20 15:33:09,384 INFO train: step 01750 (76.1%) | loss: 1.634011 | lrm: 0.48 | mfu: 6.4% | epoch: 1 | remaining: 72s
2026-04-20 15:33:15,723 INFO train: step 01800 (78.2%) | loss: 1.626004 | lrm: 0.44 | mfu: 6.4% | epoch: 1 | remaining: 65s
2026-04-20 15:33:21,914 INFO train: step 01850 (80.3%) | loss: 1.617335 | lrm: 0.39 | mfu: 6.4% | epoch: 1 | remaining: 59s
2026-04-20 15:33:28,270 INFO train: step 01900 (82.4%) | loss: 1.609154 | lrm: 0.35 | mfu: 6.3% | epoch: 1 | remaining: 53s
2026-04-20 15:33:34,587 INFO train: step 01950 (84.5%) | loss: 1.592426 | lrm: 0.31 | mfu: 4.0% | epoch: 1 | remaining: 46s
2026-04-20 15:33:40,827 INFO train: step 02000 (86.6%) | loss: 1.597982 | lrm: 0.27 | mfu: 6.1% | epoch: 1 | remaining: 40s
2026-04-20 15:33:47,061 INFO train: step 02050 (88.7%) | loss: 1.586033 | lrm: 0.23 | mfu: 6.4% | epoch: 1 | remaining: 34s
2026-04-20 15:33:53,312 INFO train: step 02100 (90.7%) | loss: 1.576670 | lrm: 0.19 | mfu: 6.2% | epoch: 1 | remaining: 28s
2026-04-20 15:33:59,655 INFO train: step 02150 (92.8%) | loss: 1.569222 | lrm: 0.14 | mfu: 5.9% | epoch: 1 | remaining: 21s
2026-04-20 15:34:05,951 INFO train: step 02200 (94.9%) | loss: 1.564607 | lrm: 0.10 | mfu: 6.1% | epoch: 1 | remaining: 15s
2026-04-20 15:34:12,191 INFO train: step 02250 (97.0%) | loss: 1.563931 | lrm: 0.06 | mfu: 6.4% | epoch: 1 | remaining: 9s
2026-04-20 15:34:18,487 INFO train: step 02300 (99.1%) | loss: 1.556750 | lrm: 0.02 | mfu: 6.0% | epoch: 1 | remaining: 3s
2026-04-20 15:34:27,483 INFO train: --- Final Results ---
2026-04-20 15:34:27,483 INFO train: val_bpb:          0.585209
2026-04-20 15:34:27,483 INFO train: training_seconds: 300.0
2026-04-20 15:34:27,483 INFO train: total_seconds:    330.8
2026-04-20 15:34:27,483 INFO train: peak_vram_mb:     7243.3
2026-04-20 15:34:27,483 INFO train: mfu_percent:      5.78
2026-04-20 15:34:27,483 INFO train: total_tokens_M:   304.3
2026-04-20 15:34:27,483 INFO train: num_steps:        2322
2026-04-20 15:34:27,483 INFO train: num_params_M:     11.5
2026-04-20 15:34:27,483 INFO train: depth:            4
