2026-05-01 18:13:09,313 INFO train: Vocab size: 8,192
2026-05-01 18:13:09,313 INFO train: Model config: {'sequence_len': 2048, 'vocab_size': 8192, 'n_layer': 4, 'n_head': 2, 'n_kv_head': 2, 'n_embd': 256, 'window_pattern': 'L'}
2026-05-01 18:13:09,976 INFO train: Parameter counts:
2026-05-01 18:13:09,976 INFO train:   wte                     : 2,097,152
2026-05-01 18:13:09,978 INFO train:   value_embeds            : 4,194,304
2026-05-01 18:13:09,979 INFO train:   lm_head                 : 2,097,152
2026-05-01 18:13:09,979 INFO train:   transformer_matrices    : 3,145,856
2026-05-01 18:13:09,979 INFO train:   scalars                 : 8
2026-05-01 18:13:09,980 INFO train:   total                   : 11,534,472
2026-05-01 18:13:09,980 INFO train: Estimated FLOPs per token: 5.662387e+07
2026-05-01 18:13:09,980 INFO train: Scaling AdamW LRs by 1/sqrt(256/768) = 1.732051
2026-05-01 18:13:13,569 INFO train: Time budget: 300s
2026-05-01 18:13:13,569 INFO train: Gradient accumulation steps: 1
2026-05-01 18:14:00,533 INFO train: step 00000 (0.0%) | loss: 9.010333 | lrm: 1.00 | mfu: 0.0% | epoch: 1 | remaining: 300s
2026-05-01 18:14:15,690 INFO train: step 00050 (3.8%) | loss: 2.745498 | lrm: 1.00 | mfu: 2.6% | epoch: 1 | remaining: 288s
2026-05-01 18:14:30,194 INFO train: step 00100 (8.7%) | loss: 2.227180 | lrm: 1.00 | mfu: 2.5% | epoch: 1 | remaining: 274s
2026-05-01 18:14:45,009 INFO train: step 00150 (13.6%) | loss: 2.067367 | lrm: 1.00 | mfu: 2.4% | epoch: 1 | remaining: 259s
2026-05-01 18:14:59,746 INFO train: step 00200 (18.5%) | loss: 1.989878 | lrm: 1.00 | mfu: 2.4% | epoch: 1 | remaining: 244s
2026-05-01 18:15:14,554 INFO train: step 00250 (23.4%) | loss: 1.931634 | lrm: 1.00 | mfu: 2.3% | epoch: 1 | remaining: 229s
2026-05-01 18:15:29,264 INFO train: step 00300 (28.4%) | loss: 1.897910 | lrm: 1.00 | mfu: 2.7% | epoch: 1 | remaining: 215s
2026-05-01 18:15:44,136 INFO train: step 00350 (33.3%) | loss: 1.870017 | lrm: 0.95 | mfu: 2.6% | epoch: 1 | remaining: 200s
2026-05-01 18:15:59,036 INFO train: step 00400 (38.3%) | loss: 1.828759 | lrm: 0.88 | mfu: 2.7% | epoch: 1 | remaining: 185s
2026-05-01 18:16:13,637 INFO train: step 00450 (43.1%) | loss: 1.809653 | lrm: 0.81 | mfu: 2.5% | epoch: 1 | remaining: 170s
2026-05-01 18:16:28,566 INFO train: step 00500 (48.1%) | loss: 1.782526 | lrm: 0.74 | mfu: 2.6% | epoch: 1 | remaining: 155s
2026-05-01 18:16:43,327 INFO train: step 00550 (53.0%) | loss: 1.779508 | lrm: 0.67 | mfu: 2.5% | epoch: 1 | remaining: 141s
2026-05-01 18:16:58,124 INFO train: step 00600 (58.0%) | loss: 1.742487 | lrm: 0.60 | mfu: 2.7% | epoch: 1 | remaining: 126s
2026-05-01 18:17:13,033 INFO train: step 00650 (62.9%) | loss: 1.726887 | lrm: 0.53 | mfu: 2.5% | epoch: 1 | remaining: 111s
2026-05-01 18:17:27,896 INFO train: step 00700 (67.9%) | loss: 1.707667 | lrm: 0.46 | mfu: 2.4% | epoch: 1 | remaining: 96s
2026-05-01 18:17:42,619 INFO train: step 00750 (72.8%) | loss: 1.694458 | lrm: 0.39 | mfu: 2.7% | epoch: 1 | remaining: 81s
2026-05-01 18:17:57,462 INFO train: step 00800 (77.7%) | loss: 1.688816 | lrm: 0.32 | mfu: 2.0% | epoch: 1 | remaining: 67s
2026-05-01 18:18:12,089 INFO train: step 00850 (82.6%) | loss: 1.665950 | lrm: 0.25 | mfu: 2.5% | epoch: 1 | remaining: 52s
2026-05-01 18:18:26,704 INFO train: step 00900 (87.5%) | loss: 1.653805 | lrm: 0.18 | mfu: 2.8% | epoch: 1 | remaining: 37s
2026-05-01 18:18:41,411 INFO train: step 00950 (92.4%) | loss: 1.638738 | lrm: 0.11 | mfu: 2.5% | epoch: 1 | remaining: 23s
2026-05-01 18:18:56,130 INFO train: step 01000 (97.3%) | loss: 1.623845 | lrm: 0.04 | mfu: 2.6% | epoch: 1 | remaining: 8s
2026-05-01 18:19:15,164 INFO train: --- Final Results ---
2026-05-01 18:19:15,164 INFO train: val_bpb:          0.611005
2026-05-01 18:19:15,164 INFO train: training_seconds: 300.1
2026-05-01 18:19:15,164 INFO train: total_seconds:    366.0
2026-05-01 18:19:15,164 INFO train: peak_vram_mb:     7243.3
2026-05-01 18:19:15,164 INFO train: mfu_percent:      2.55
2026-05-01 18:19:15,164 INFO train: total_tokens_M:   134.9
2026-05-01 18:19:15,164 INFO train: num_steps:        1029
2026-05-01 18:19:15,164 INFO train: num_params_M:     11.5
2026-05-01 18:19:15,164 INFO train: depth:            4
