2026-05-01 11:38:27,746 INFO train: Vocab size: 8,192
2026-05-01 11:38:27,746 INFO train: Model config: {'sequence_len': 2048, 'vocab_size': 8192, 'n_layer': 4, 'n_head': 2, 'n_kv_head': 2, 'n_embd': 256, 'window_pattern': 'L'}
2026-05-01 11:38:28,398 INFO train: Parameter counts:
2026-05-01 11:38:28,398 INFO train:   wte                     : 2,097,152
2026-05-01 11:38:28,401 INFO train:   value_embeds            : 4,194,304
2026-05-01 11:38:28,401 INFO train:   lm_head                 : 2,097,152
2026-05-01 11:38:28,402 INFO train:   transformer_matrices    : 3,145,856
2026-05-01 11:38:28,402 INFO train:   scalars                 : 8
2026-05-01 11:38:28,402 INFO train:   total                   : 11,534,472
2026-05-01 11:38:28,402 INFO train: Estimated FLOPs per token: 5.662387e+07
2026-05-01 11:38:28,402 INFO train: Scaling AdamW LRs by 1/sqrt(256/768) = 1.732051
2026-05-01 11:38:31,751 INFO train: Time budget: 300s
2026-05-01 11:38:31,752 INFO train: Gradient accumulation steps: 1
2026-05-01 11:39:22,246 INFO train: step 00000 (0.0%) | loss: 9.010404 | lrm: 1.00 | mfu: 0.0% | epoch: 1 | remaining: 300s
2026-05-01 11:39:37,608 INFO train: step 00050 (3.9%) | loss: 3.737963 | lrm: 1.00 | mfu: 2.6% | epoch: 1 | remaining: 288s
2026-05-01 11:39:52,512 INFO train: step 00100 (8.9%) | loss: 3.261059 | lrm: 1.00 | mfu: 2.8% | epoch: 1 | remaining: 273s
2026-05-01 11:40:07,868 INFO train: step 00150 (14.0%) | loss: 3.115269 | lrm: 1.00 | mfu: 2.4% | epoch: 1 | remaining: 258s
2026-05-01 11:40:23,059 INFO train: step 00200 (19.1%) | loss: 3.044849 | lrm: 1.00 | mfu: 2.7% | epoch: 1 | remaining: 243s
2026-05-01 11:40:38,086 INFO train: step 00250 (24.1%) | loss: 2.995095 | lrm: 1.00 | mfu: 2.4% | epoch: 1 | remaining: 227s
2026-05-01 11:40:53,165 INFO train: step 00300 (29.1%) | loss: 2.964459 | lrm: 1.00 | mfu: 2.6% | epoch: 1 | remaining: 212s
2026-05-01 11:41:08,265 INFO train: step 00350 (34.1%) | loss: 2.935837 | lrm: 0.94 | mfu: 2.5% | epoch: 1 | remaining: 197s
2026-05-01 11:41:23,432 INFO train: step 00400 (39.2%) | loss: 2.895368 | lrm: 0.87 | mfu: 2.7% | epoch: 1 | remaining: 182s
2026-05-01 11:41:38,497 INFO train: step 00450 (44.2%) | loss: 2.876565 | lrm: 0.80 | mfu: 2.4% | epoch: 1 | remaining: 167s
2026-05-01 11:41:53,608 INFO train: step 00500 (49.2%) | loss: 2.851247 | lrm: 0.73 | mfu: 2.4% | epoch: 1 | remaining: 152s
2026-05-01 11:42:08,581 INFO train: step 00550 (54.2%) | loss: 2.847515 | lrm: 0.65 | mfu: 2.6% | epoch: 1 | remaining: 137s
2026-05-01 11:42:23,555 INFO train: step 00600 (59.2%) | loss: 2.814492 | lrm: 0.58 | mfu: 2.7% | epoch: 1 | remaining: 122s
2026-05-01 11:42:38,663 INFO train: step 00650 (64.3%) | loss: 2.800065 | lrm: 0.51 | mfu: 2.7% | epoch: 1 | remaining: 107s
2026-05-01 11:42:53,616 INFO train: step 00700 (69.2%) | loss: 2.782319 | lrm: 0.44 | mfu: 2.5% | epoch: 1 | remaining: 92s
2026-05-01 11:43:08,493 INFO train: step 00750 (74.2%) | loss: 2.770145 | lrm: 0.37 | mfu: 2.7% | epoch: 1 | remaining: 77s
2026-05-01 11:43:23,648 INFO train: step 00800 (79.2%) | loss: 2.765247 | lrm: 0.30 | mfu: 1.8% | epoch: 1 | remaining: 62s
2026-05-01 11:43:38,505 INFO train: step 00850 (84.2%) | loss: 2.745634 | lrm: 0.23 | mfu: 2.4% | epoch: 1 | remaining: 47s
2026-05-01 11:43:53,463 INFO train: step 00900 (89.2%) | loss: 2.734705 | lrm: 0.15 | mfu: 2.5% | epoch: 1 | remaining: 32s
2026-05-01 11:44:08,706 INFO train: step 00950 (94.2%) | loss: 2.722101 | lrm: 0.08 | mfu: 2.2% | epoch: 1 | remaining: 17s
2026-05-01 11:44:23,977 INFO train: step 01000 (99.3%) | loss: 2.710480 | lrm: 0.01 | mfu: 2.4% | epoch: 1 | remaining: 2s
2026-05-01 11:44:37,262 INFO train: --- Final Results ---
2026-05-01 11:44:37,263 INFO train: val_bpb:          1.001207
2026-05-01 11:44:37,263 INFO train: training_seconds: 300.1
2026-05-01 11:44:37,263 INFO train: total_seconds:    369.6
2026-05-01 11:44:37,263 INFO train: peak_vram_mb:     11336.4
2026-05-01 11:44:37,263 INFO train: mfu_percent:      2.49
2026-05-01 11:44:37,263 INFO train: total_tokens_M:   132.0
2026-05-01 11:44:37,263 INFO train: num_steps:        1007
2026-05-01 11:44:37,263 INFO train: num_params_M:     11.5
2026-05-01 11:44:37,263 INFO train: depth:            4
