2026-04-21 17:49:30,519 INFO train: TIME_BUDGET overridden to 36000s via TRAIN_TIME_BUDGET env var
2026-04-21 17:49:40,047 INFO train: Vocab size: 8,192
2026-04-21 17:49:40,047 INFO train: Model config: {'sequence_len': 2048, 'vocab_size': 8192, 'n_layer': 8, 'n_head': 4, 'n_kv_head': 4, 'n_embd': 512, 'window_pattern': 'L'}
2026-04-21 17:49:40,635 INFO train: Parameter counts:
2026-04-21 17:49:40,639 INFO train:   wte                     : 4,194,304
2026-04-21 17:49:40,640 INFO train:   value_embeds            : 16,777,216
2026-04-21 17:49:40,640 INFO train:   lm_head                 : 4,194,304
2026-04-21 17:49:40,640 INFO train:   transformer_matrices    : 25,166,336
2026-04-21 17:49:40,640 INFO train:   scalars                 : 16
2026-04-21 17:49:40,640 INFO train:   total                   : 50,332,176
2026-04-21 17:49:40,640 INFO train: Estimated FLOPs per token: 2.768271e+08
2026-04-21 17:49:40,641 INFO train: Scaling AdamW LRs by 1/sqrt(512/768) = 1.224745
2026-04-21 17:49:42,805 INFO train: Time budget: 36000s
2026-04-21 17:49:42,805 INFO train: Gradient accumulation steps: 2
2026-04-21 17:50:31,941 INFO train: step 00000 (0.0%) | loss: 9.011451 | lrm: 1.00 | mfu: 0.1% | epoch: 1 | remaining: 36000s
2026-04-21 17:51:24,703 INFO train: step 00050 (0.1%) | loss: 2.904507 | lrm: 1.00 | mfu: 3.4% | epoch: 1 | remaining: 35957s
2026-04-21 17:52:18,268 INFO train: step 00100 (0.3%) | loss: 2.293815 | lrm: 1.00 | mfu: 3.5% | epoch: 1 | remaining: 35904s
2026-04-21 17:53:11,247 INFO train: step 00150 (0.4%) | loss: 2.126447 | lrm: 1.00 | mfu: 3.5% | epoch: 1 | remaining: 35851s
2026-04-21 17:54:04,086 INFO train: step 00200 (0.6%) | loss: 2.035954 | lrm: 1.00 | mfu: 3.5% | epoch: 1 | remaining: 35798s
2026-04-21 17:54:56,870 INFO train: step 00250 (0.7%) | loss: 1.978732 | lrm: 1.00 | mfu: 3.5% | epoch: 1 | remaining: 35745s
2026-04-21 17:55:49,611 INFO train: step 00300 (0.9%) | loss: 1.947739 | lrm: 1.00 | mfu: 3.5% | epoch: 1 | remaining: 35693s
2026-04-21 17:56:42,334 INFO train: step 00350 (1.0%) | loss: 1.912078 | lrm: 1.00 | mfu: 3.5% | epoch: 1 | remaining: 35640s
2026-04-21 17:57:34,920 INFO train: step 00400 (1.1%) | loss: 1.857513 | lrm: 1.00 | mfu: 3.5% | epoch: 1 | remaining: 35587s
2026-04-21 17:58:27,405 INFO train: step 00450 (1.3%) | loss: 1.859873 | lrm: 1.00 | mfu: 3.5% | epoch: 1 | remaining: 35535s
2026-04-21 17:59:19,919 INFO train: step 00500 (1.4%) | loss: 1.835340 | lrm: 1.00 | mfu: 3.5% | epoch: 1 | remaining: 35482s
2026-04-21 18:00:12,469 INFO train: step 00550 (1.6%) | loss: 1.833654 | lrm: 1.00 | mfu: 3.5% | epoch: 1 | remaining: 35430s
2026-04-21 18:01:05,056 INFO train: step 00600 (1.7%) | loss: 1.813167 | lrm: 1.00 | mfu: 3.5% | epoch: 1 | remaining: 35377s
2026-04-21 18:01:57,673 INFO train: step 00650 (1.9%) | loss: 1.793836 | lrm: 1.00 | mfu: 3.5% | epoch: 1 | remaining: 35325s
2026-04-21 18:02:50,197 INFO train: step 00700 (2.0%) | loss: 1.777145 | lrm: 1.00 | mfu: 3.5% | epoch: 1 | remaining: 35272s
2026-04-21 18:03:42,855 INFO train: step 00750 (2.2%) | loss: 1.784718 | lrm: 1.00 | mfu: 3.5% | epoch: 1 | remaining: 35219s
2026-04-21 18:04:35,414 INFO train: step 00800 (2.3%) | loss: 1.777208 | lrm: 1.00 | mfu: 3.5% | epoch: 1 | remaining: 35167s
2026-04-21 18:05:27,970 INFO train: step 00850 (2.5%) | loss: 1.764141 | lrm: 1.00 | mfu: 3.5% | epoch: 1 | remaining: 35114s
2026-04-21 18:06:20,627 INFO train: step 00900 (2.6%) | loss: 1.753031 | lrm: 1.00 | mfu: 3.5% | epoch: 1 | remaining: 35062s
2026-04-21 18:07:13,280 INFO train: step 00950 (2.7%) | loss: 1.740591 | lrm: 1.00 | mfu: 3.5% | epoch: 1 | remaining: 35009s
2026-04-21 18:08:05,892 INFO train: step 01000 (2.9%) | loss: 1.728702 | lrm: 1.00 | mfu: 3.5% | epoch: 1 | remaining: 34956s
2026-04-21 18:08:58,602 INFO train: step 01050 (3.0%) | loss: 1.737875 | lrm: 1.00 | mfu: 3.5% | epoch: 1 | remaining: 34904s
2026-04-21 18:09:51,218 INFO train: step 01100 (3.2%) | loss: 1.752893 | lrm: 1.00 | mfu: 3.5% | epoch: 1 | remaining: 34851s
2026-04-21 18:10:43,560 INFO train: step 01150 (3.3%) | loss: 1.734502 | lrm: 1.00 | mfu: 3.5% | epoch: 1 | remaining: 34799s
2026-04-21 18:11:35,839 INFO train: step 01200 (3.5%) | loss: 1.747946 | lrm: 1.00 | mfu: 3.5% | epoch: 1 | remaining: 34746s
2026-04-21 18:12:28,180 INFO train: step 01250 (3.6%) | loss: 1.726873 | lrm: 1.00 | mfu: 3.5% | epoch: 1 | remaining: 34694s
2026-04-21 18:13:20,633 INFO train: step 01300 (3.8%) | loss: 1.703874 | lrm: 1.00 | mfu: 3.5% | epoch: 1 | remaining: 34642s
2026-04-21 18:14:13,170 INFO train: step 01350 (3.9%) | loss: 1.705824 | lrm: 1.00 | mfu: 3.5% | epoch: 1 | remaining: 34589s
2026-04-21 18:15:05,561 INFO train: step 01400 (4.1%) | loss: 1.715148 | lrm: 1.00 | mfu: 3.5% | epoch: 1 | remaining: 34537s
2026-04-21 18:15:58,038 INFO train: step 01450 (4.2%) | loss: 1.710843 | lrm: 1.00 | mfu: 3.5% | epoch: 1 | remaining: 34484s
2026-04-21 18:16:50,520 INFO train: step 01500 (4.4%) | loss: 1.706692 | lrm: 1.00 | mfu: 3.5% | epoch: 1 | remaining: 34432s
2026-04-21 18:17:42,983 INFO train: step 01550 (4.5%) | loss: 1.717324 | lrm: 1.00 | mfu: 3.5% | epoch: 1 | remaining: 34379s
2026-04-21 18:18:35,308 INFO train: step 01600 (4.6%) | loss: 1.701304 | lrm: 1.00 | mfu: 3.5% | epoch: 1 | remaining: 34327s
2026-04-21 18:19:27,529 INFO train: step 01650 (4.8%) | loss: 1.693122 | lrm: 1.00 | mfu: 3.5% | epoch: 1 | remaining: 34275s
2026-04-21 18:20:19,632 INFO train: step 01700 (4.9%) | loss: 1.700112 | lrm: 1.00 | mfu: 3.5% | epoch: 1 | remaining: 34223s
2026-04-21 18:21:11,757 INFO train: step 01750 (5.1%) | loss: 1.692741 | lrm: 1.00 | mfu: 3.5% | epoch: 1 | remaining: 34171s
2026-04-21 18:22:03,911 INFO train: step 01800 (5.2%) | loss: 1.703066 | lrm: 1.00 | mfu: 3.5% | epoch: 1 | remaining: 34118s
2026-04-21 18:22:56,234 INFO train: step 01850 (5.4%) | loss: 1.707665 | lrm: 1.00 | mfu: 3.5% | epoch: 1 | remaining: 34066s
2026-04-21 18:23:48,505 INFO train: step 01900 (5.5%) | loss: 1.699191 | lrm: 1.00 | mfu: 3.5% | epoch: 1 | remaining: 34014s
2026-04-21 18:24:40,824 INFO train: step 01950 (5.7%) | loss: 1.703804 | lrm: 1.00 | mfu: 3.5% | epoch: 1 | remaining: 33962s
2026-04-21 18:25:33,084 INFO train: step 02000 (5.8%) | loss: 1.684809 | lrm: 1.00 | mfu: 3.5% | epoch: 1 | remaining: 33909s
2026-04-21 18:26:25,275 INFO train: step 02050 (5.9%) | loss: 1.696305 | lrm: 1.00 | mfu: 3.5% | epoch: 1 | remaining: 33857s
2026-04-21 18:27:17,437 INFO train: step 02100 (6.1%) | loss: 1.683453 | lrm: 1.00 | mfu: 3.5% | epoch: 1 | remaining: 33805s
2026-04-21 18:28:09,579 INFO train: step 02150 (6.2%) | loss: 1.670216 | lrm: 1.00 | mfu: 3.5% | epoch: 1 | remaining: 33753s
2026-04-21 18:29:01,775 INFO train: step 02200 (6.4%) | loss: 1.683173 | lrm: 1.00 | mfu: 3.5% | epoch: 1 | remaining: 33701s
2026-04-21 18:29:53,828 INFO train: step 02250 (6.5%) | loss: 1.680912 | lrm: 1.00 | mfu: 3.5% | epoch: 1 | remaining: 33649s
2026-04-21 18:30:45,972 INFO train: step 02300 (6.7%) | loss: 1.674688 | lrm: 1.00 | mfu: 3.5% | epoch: 1 | remaining: 33596s
2026-04-21 18:31:38,014 INFO train: step 02350 (6.8%) | loss: 1.681781 | lrm: 1.00 | mfu: 3.5% | epoch: 1 | remaining: 33544s
2026-04-21 18:32:30,194 INFO train: step 02400 (7.0%) | loss: 1.674163 | lrm: 1.00 | mfu: 3.5% | epoch: 1 | remaining: 33492s
2026-04-21 18:33:22,365 INFO train: step 02450 (7.1%) | loss: 1.671021 | lrm: 1.00 | mfu: 3.5% | epoch: 1 | remaining: 33440s
2026-04-21 18:34:14,574 INFO train: step 02500 (7.3%) | loss: 1.679889 | lrm: 1.00 | mfu: 3.5% | epoch: 1 | remaining: 33388s
2026-04-21 18:35:06,728 INFO train: step 02550 (7.4%) | loss: 1.688811 | lrm: 1.00 | mfu: 3.5% | epoch: 1 | remaining: 33336s
2026-04-21 18:35:59,048 INFO train: step 02600 (7.5%) | loss: 1.688255 | lrm: 1.00 | mfu: 3.5% | epoch: 1 | remaining: 33283s
2026-04-21 18:36:51,284 INFO train: step 02650 (7.7%) | loss: 1.678970 | lrm: 1.00 | mfu: 3.5% | epoch: 1 | remaining: 33231s
2026-04-21 18:37:43,618 INFO train: step 02700 (7.8%) | loss: 1.668957 | lrm: 1.00 | mfu: 3.5% | epoch: 1 | remaining: 33179s
2026-04-21 18:38:35,892 INFO train: step 02750 (8.0%) | loss: 1.663368 | lrm: 1.00 | mfu: 3.5% | epoch: 1 | remaining: 33127s
2026-04-21 18:39:28,133 INFO train: step 02800 (8.1%) | loss: 1.662729 | lrm: 1.00 | mfu: 3.5% | epoch: 1 | remaining: 33074s
2026-04-21 18:40:20,402 INFO train: step 02850 (8.3%) | loss: 1.663356 | lrm: 1.00 | mfu: 3.5% | epoch: 1 | remaining: 33022s
2026-04-21 18:41:12,684 INFO train: step 02900 (8.4%) | loss: 1.687059 | lrm: 1.00 | mfu: 3.5% | epoch: 1 | remaining: 32970s
2026-04-21 18:42:04,908 INFO train: step 02950 (8.6%) | loss: 1.662233 | lrm: 1.00 | mfu: 3.5% | epoch: 1 | remaining: 32918s
2026-04-21 18:42:57,057 INFO train: step 03000 (8.7%) | loss: 1.670193 | lrm: 1.00 | mfu: 3.5% | epoch: 1 | remaining: 32865s
2026-04-21 18:43:49,214 INFO train: step 03050 (8.8%) | loss: 1.657037 | lrm: 1.00 | mfu: 3.5% | epoch: 1 | remaining: 32813s
2026-04-21 18:44:41,316 INFO train: step 03100 (9.0%) | loss: 1.660219 | lrm: 1.00 | mfu: 3.5% | epoch: 1 | remaining: 32761s
2026-04-21 18:45:33,421 INFO train: step 03150 (9.1%) | loss: 1.675118 | lrm: 1.00 | mfu: 3.5% | epoch: 1 | remaining: 32709s
2026-04-21 18:46:25,574 INFO train: step 03200 (9.3%) | loss: 1.658616 | lrm: 1.00 | mfu: 3.5% | epoch: 1 | remaining: 32657s
2026-04-21 18:47:17,666 INFO train: step 03250 (9.4%) | loss: 1.660285 | lrm: 1.00 | mfu: 3.5% | epoch: 1 | remaining: 32605s
2026-04-21 18:48:09,762 INFO train: step 03300 (9.6%) | loss: 1.665324 | lrm: 1.00 | mfu: 3.5% | epoch: 1 | remaining: 32553s
2026-04-21 18:49:01,792 INFO train: step 03350 (9.7%) | loss: 1.672962 | lrm: 1.00 | mfu: 3.5% | epoch: 1 | remaining: 32501s
2026-04-21 18:49:53,788 INFO train: step 03400 (9.9%) | loss: 1.685738 | lrm: 1.00 | mfu: 3.5% | epoch: 2 | remaining: 32449s
2026-04-21 18:50:45,833 INFO train: step 03450 (10.0%) | loss: 1.657680 | lrm: 1.00 | mfu: 3.5% | epoch: 2 | remaining: 32397s
2026-04-21 18:51:37,937 INFO train: step 03500 (10.2%) | loss: 1.665823 | lrm: 1.00 | mfu: 3.5% | epoch: 2 | remaining: 32345s
2026-04-21 18:52:30,104 INFO train: step 03550 (10.3%) | loss: 1.656842 | lrm: 1.00 | mfu: 3.5% | epoch: 2 | remaining: 32292s
2026-04-21 18:53:22,332 INFO train: step 03600 (10.4%) | loss: 1.674157 | lrm: 1.00 | mfu: 3.5% | epoch: 2 | remaining: 32240s
2026-04-21 18:54:14,530 INFO train: step 03650 (10.6%) | loss: 1.654182 | lrm: 1.00 | mfu: 3.5% | epoch: 2 | remaining: 32188s
2026-04-21 18:55:06,574 INFO train: step 03700 (10.7%) | loss: 1.656873 | lrm: 1.00 | mfu: 3.5% | epoch: 2 | remaining: 32136s
2026-04-21 18:55:58,598 INFO train: step 03750 (10.9%) | loss: 1.647265 | lrm: 1.00 | mfu: 3.5% | epoch: 2 | remaining: 32084s
2026-04-21 18:56:50,655 INFO train: step 03800 (11.0%) | loss: 1.646384 | lrm: 1.00 | mfu: 3.5% | epoch: 2 | remaining: 32032s
2026-04-21 18:57:42,703 INFO train: step 03850 (11.2%) | loss: 1.662344 | lrm: 1.00 | mfu: 3.5% | epoch: 2 | remaining: 31980s
2026-04-21 18:58:34,726 INFO train: step 03900 (11.3%) | loss: 1.637234 | lrm: 1.00 | mfu: 3.5% | epoch: 2 | remaining: 31928s
2026-04-21 18:59:26,780 INFO train: step 03950 (11.5%) | loss: 1.649650 | lrm: 1.00 | mfu: 3.5% | epoch: 2 | remaining: 31876s
2026-04-21 19:00:18,846 INFO train: step 04000 (11.6%) | loss: 1.640731 | lrm: 1.00 | mfu: 3.5% | epoch: 2 | remaining: 31824s
2026-04-21 19:01:10,894 INFO train: step 04050 (11.7%) | loss: 1.634825 | lrm: 1.00 | mfu: 3.5% | epoch: 2 | remaining: 31772s
2026-04-21 19:02:02,938 INFO train: step 04100 (11.9%) | loss: 1.645089 | lrm: 1.00 | mfu: 3.5% | epoch: 2 | remaining: 31720s
2026-04-21 19:02:55,053 INFO train: step 04150 (12.0%) | loss: 1.667754 | lrm: 1.00 | mfu: 3.5% | epoch: 2 | remaining: 31667s
2026-04-21 19:03:47,157 INFO train: step 04200 (12.2%) | loss: 1.646160 | lrm: 1.00 | mfu: 3.5% | epoch: 2 | remaining: 31615s
2026-04-21 19:04:39,147 INFO train: step 04250 (12.3%) | loss: 1.641028 | lrm: 1.00 | mfu: 3.5% | epoch: 2 | remaining: 31563s
2026-04-21 19:05:31,230 INFO train: step 04300 (12.5%) | loss: 1.651361 | lrm: 1.00 | mfu: 3.5% | epoch: 2 | remaining: 31511s
2026-04-21 19:06:23,312 INFO train: step 04350 (12.6%) | loss: 1.648480 | lrm: 1.00 | mfu: 3.5% | epoch: 2 | remaining: 31459s
2026-04-21 19:07:15,336 INFO train: step 04400 (12.8%) | loss: 1.649901 | lrm: 1.00 | mfu: 3.5% | epoch: 2 | remaining: 31407s
2026-04-21 19:08:07,319 INFO train: step 04450 (12.9%) | loss: 1.654768 | lrm: 1.00 | mfu: 3.5% | epoch: 2 | remaining: 31355s
2026-04-21 19:08:59,334 INFO train: step 04500 (13.0%) | loss: 1.641523 | lrm: 1.00 | mfu: 3.5% | epoch: 2 | remaining: 31303s
2026-04-21 19:09:51,366 INFO train: step 04550 (13.2%) | loss: 1.634175 | lrm: 1.00 | mfu: 3.5% | epoch: 2 | remaining: 31251s
2026-04-21 19:10:43,429 INFO train: step 04600 (13.3%) | loss: 1.642758 | lrm: 1.00 | mfu: 3.5% | epoch: 2 | remaining: 31199s
2026-04-21 19:11:35,452 INFO train: step 04650 (13.5%) | loss: 1.640423 | lrm: 1.00 | mfu: 3.5% | epoch: 2 | remaining: 31147s
2026-04-21 19:12:27,466 INFO train: step 04700 (13.6%) | loss: 1.647546 | lrm: 1.00 | mfu: 3.5% | epoch: 2 | remaining: 31095s
2026-04-21 19:13:19,479 INFO train: step 04750 (13.8%) | loss: 1.650438 | lrm: 1.00 | mfu: 3.5% | epoch: 2 | remaining: 31043s
2026-04-21 19:14:11,502 INFO train: step 04800 (13.9%) | loss: 1.630224 | lrm: 1.00 | mfu: 3.5% | epoch: 2 | remaining: 30991s
2026-04-21 19:15:03,583 INFO train: step 04850 (14.1%) | loss: 1.630039 | lrm: 1.00 | mfu: 3.5% | epoch: 2 | remaining: 30939s
2026-04-21 19:15:55,726 INFO train: step 04900 (14.2%) | loss: 1.632358 | lrm: 1.00 | mfu: 3.5% | epoch: 2 | remaining: 30887s
2026-04-21 19:16:47,783 INFO train: step 04950 (14.3%) | loss: 1.631121 | lrm: 1.00 | mfu: 3.5% | epoch: 2 | remaining: 30835s
2026-04-21 19:17:39,962 INFO train: step 05000 (14.5%) | loss: 1.639220 | lrm: 1.00 | mfu: 3.5% | epoch: 2 | remaining: 30783s
2026-04-21 19:18:33,738 INFO train: step 05050 (14.6%) | loss: 1.623542 | lrm: 1.00 | mfu: 3.4% | epoch: 2 | remaining: 30729s
2026-04-21 19:19:27,501 INFO train: step 05100 (14.8%) | loss: 1.644761 | lrm: 1.00 | mfu: 3.4% | epoch: 2 | remaining: 30675s
2026-04-21 19:20:20,620 INFO train: step 05150 (14.9%) | loss: 1.638782 | lrm: 1.00 | mfu: 3.5% | epoch: 2 | remaining: 30622s
2026-04-21 19:21:12,718 INFO train: step 05200 (15.1%) | loss: 1.619178 | lrm: 1.00 | mfu: 3.5% | epoch: 2 | remaining: 30570s
2026-04-21 19:22:04,783 INFO train: step 05250 (15.2%) | loss: 1.627668 | lrm: 1.00 | mfu: 3.5% | epoch: 2 | remaining: 30518s
2026-04-21 19:22:56,841 INFO train: step 05300 (15.4%) | loss: 1.654841 | lrm: 1.00 | mfu: 3.5% | epoch: 2 | remaining: 30466s
2026-04-21 19:23:48,854 INFO train: step 05350 (15.5%) | loss: 1.622775 | lrm: 1.00 | mfu: 3.5% | epoch: 2 | remaining: 30414s
2026-04-21 19:24:40,835 INFO train: step 05400 (15.7%) | loss: 1.654543 | lrm: 1.00 | mfu: 3.5% | epoch: 2 | remaining: 30362s
2026-04-21 19:25:32,839 INFO train: step 05450 (15.8%) | loss: 1.650551 | lrm: 1.00 | mfu: 3.5% | epoch: 2 | remaining: 30310s
2026-04-21 19:26:24,894 INFO train: step 05500 (15.9%) | loss: 1.636897 | lrm: 1.00 | mfu: 3.5% | epoch: 2 | remaining: 30258s
2026-04-21 19:27:16,958 INFO train: step 05550 (16.1%) | loss: 1.624196 | lrm: 1.00 | mfu: 3.5% | epoch: 2 | remaining: 30206s
2026-04-21 19:28:09,061 INFO train: step 05600 (16.2%) | loss: 1.626818 | lrm: 1.00 | mfu: 3.5% | epoch: 2 | remaining: 30154s
2026-04-21 19:29:01,172 INFO train: step 05650 (16.4%) | loss: 1.633824 | lrm: 1.00 | mfu: 3.5% | epoch: 2 | remaining: 30102s
2026-04-21 19:29:53,235 INFO train: step 05700 (16.5%) | loss: 1.627990 | lrm: 1.00 | mfu: 3.5% | epoch: 2 | remaining: 30049s
2026-04-21 19:30:45,317 INFO train: step 05750 (16.7%) | loss: 1.631448 | lrm: 1.00 | mfu: 3.5% | epoch: 2 | remaining: 29997s
2026-04-21 19:31:37,398 INFO train: step 05800 (16.8%) | loss: 1.624425 | lrm: 1.00 | mfu: 3.5% | epoch: 2 | remaining: 29945s
2026-04-21 19:32:29,504 INFO train: step 05850 (17.0%) | loss: 1.635220 | lrm: 1.00 | mfu: 3.5% | epoch: 2 | remaining: 29893s
2026-04-21 19:33:21,552 INFO train: step 05900 (17.1%) | loss: 1.633182 | lrm: 1.00 | mfu: 3.5% | epoch: 2 | remaining: 29841s
2026-04-21 19:34:13,651 INFO train: step 05950 (17.2%) | loss: 1.634575 | lrm: 1.00 | mfu: 3.5% | epoch: 2 | remaining: 29789s
2026-04-21 19:35:05,694 INFO train: step 06000 (17.4%) | loss: 1.628284 | lrm: 1.00 | mfu: 3.5% | epoch: 2 | remaining: 29737s
2026-04-21 19:35:57,795 INFO train: step 06050 (17.5%) | loss: 1.622684 | lrm: 1.00 | mfu: 3.5% | epoch: 2 | remaining: 29685s
2026-04-21 19:36:49,939 INFO train: step 06100 (17.7%) | loss: 1.643745 | lrm: 1.00 | mfu: 3.6% | epoch: 2 | remaining: 29633s
2026-04-21 19:37:42,114 INFO train: step 06150 (17.8%) | loss: 1.630832 | lrm: 1.00 | mfu: 3.5% | epoch: 2 | remaining: 29581s
2026-04-21 19:38:34,324 INFO train: step 06200 (18.0%) | loss: 1.617233 | lrm: 1.00 | mfu: 3.5% | epoch: 2 | remaining: 29528s
2026-04-21 19:39:26,540 INFO train: step 06250 (18.1%) | loss: 1.620338 | lrm: 1.00 | mfu: 3.5% | epoch: 2 | remaining: 29476s
2026-04-21 19:40:18,562 INFO train: step 06300 (18.3%) | loss: 1.628327 | lrm: 1.00 | mfu: 3.5% | epoch: 2 | remaining: 29424s
2026-04-21 19:41:10,565 INFO train: step 06350 (18.4%) | loss: 1.633733 | lrm: 1.00 | mfu: 3.5% | epoch: 2 | remaining: 29372s
2026-04-21 19:42:02,547 INFO train: step 06400 (18.6%) | loss: 1.622048 | lrm: 1.00 | mfu: 3.5% | epoch: 2 | remaining: 29320s
2026-04-21 19:42:54,560 INFO train: step 06450 (18.7%) | loss: 1.618832 | lrm: 1.00 | mfu: 3.5% | epoch: 2 | remaining: 29268s
2026-04-21 19:43:46,543 INFO train: step 06500 (18.8%) | loss: 1.622062 | lrm: 1.00 | mfu: 3.5% | epoch: 2 | remaining: 29216s
2026-04-21 19:44:38,545 INFO train: step 06550 (19.0%) | loss: 1.625615 | lrm: 1.00 | mfu: 3.5% | epoch: 2 | remaining: 29164s
2026-04-21 19:45:30,529 INFO train: step 06600 (19.1%) | loss: 1.622378 | lrm: 1.00 | mfu: 3.5% | epoch: 2 | remaining: 29112s
2026-04-21 19:46:22,532 INFO train: step 06650 (19.3%) | loss: 1.614039 | lrm: 1.00 | mfu: 3.5% | epoch: 2 | remaining: 29060s
2026-04-21 19:47:14,615 INFO train: step 06700 (19.4%) | loss: 1.631265 | lrm: 1.00 | mfu: 3.5% | epoch: 2 | remaining: 29008s
2026-04-21 19:48:06,872 INFO train: step 06750 (19.6%) | loss: 1.628432 | lrm: 1.00 | mfu: 3.5% | epoch: 3 | remaining: 28956s
2026-04-21 19:48:59,012 INFO train: step 06800 (19.7%) | loss: 1.632124 | lrm: 1.00 | mfu: 3.5% | epoch: 3 | remaining: 28904s
2026-04-21 19:49:51,004 INFO train: step 06850 (19.9%) | loss: 1.621987 | lrm: 1.00 | mfu: 3.5% | epoch: 3 | remaining: 28852s
2026-04-21 19:50:43,039 INFO train: step 06900 (20.0%) | loss: 1.614444 | lrm: 1.00 | mfu: 3.5% | epoch: 3 | remaining: 28800s
2026-04-21 19:51:35,030 INFO train: step 06950 (20.1%) | loss: 1.630095 | lrm: 1.00 | mfu: 3.5% | epoch: 3 | remaining: 28748s
2026-04-21 19:52:27,013 INFO train: step 07000 (20.3%) | loss: 1.618703 | lrm: 1.00 | mfu: 3.5% | epoch: 3 | remaining: 28696s
2026-04-21 19:53:19,010 INFO train: step 07050 (20.4%) | loss: 1.623687 | lrm: 1.00 | mfu: 3.5% | epoch: 3 | remaining: 28644s
2026-04-21 19:54:11,093 INFO train: step 07100 (20.6%) | loss: 1.622672 | lrm: 1.00 | mfu: 3.5% | epoch: 3 | remaining: 28592s
2026-04-21 19:55:03,195 INFO train: step 07150 (20.7%) | loss: 1.610126 | lrm: 1.00 | mfu: 3.5% | epoch: 3 | remaining: 28540s
2026-04-21 19:55:55,206 INFO train: step 07200 (20.9%) | loss: 1.611840 | lrm: 1.00 | mfu: 3.5% | epoch: 3 | remaining: 28488s
2026-04-21 19:56:47,209 INFO train: step 07250 (21.0%) | loss: 1.608664 | lrm: 1.00 | mfu: 3.5% | epoch: 3 | remaining: 28436s
2026-04-21 19:57:39,230 INFO train: step 07300 (21.2%) | loss: 1.635892 | lrm: 1.00 | mfu: 3.5% | epoch: 3 | remaining: 28384s
2026-04-21 19:58:31,214 INFO train: step 07350 (21.3%) | loss: 1.623380 | lrm: 1.00 | mfu: 3.5% | epoch: 3 | remaining: 28332s
2026-04-21 19:59:23,309 INFO train: step 07400 (21.4%) | loss: 1.607381 | lrm: 1.00 | mfu: 3.5% | epoch: 3 | remaining: 28280s
2026-04-21 20:00:15,333 INFO train: step 07450 (21.6%) | loss: 1.622999 | lrm: 1.00 | mfu: 3.5% | epoch: 3 | remaining: 28228s
2026-04-21 20:01:07,324 INFO train: step 07500 (21.7%) | loss: 1.611152 | lrm: 1.00 | mfu: 3.5% | epoch: 3 | remaining: 28176s
2026-04-21 20:01:59,399 INFO train: step 07550 (21.9%) | loss: 1.634227 | lrm: 1.00 | mfu: 3.5% | epoch: 3 | remaining: 28123s
2026-04-21 20:02:51,401 INFO train: step 07600 (22.0%) | loss: 1.613935 | lrm: 1.00 | mfu: 3.5% | epoch: 3 | remaining: 28071s
2026-04-21 20:03:43,385 INFO train: step 07650 (22.2%) | loss: 1.624413 | lrm: 1.00 | mfu: 3.5% | epoch: 3 | remaining: 28019s
2026-04-21 20:04:35,415 INFO train: step 07700 (22.3%) | loss: 1.615618 | lrm: 1.00 | mfu: 3.5% | epoch: 3 | remaining: 27967s
2026-04-21 20:05:27,459 INFO train: step 07750 (22.5%) | loss: 1.618040 | lrm: 1.00 | mfu: 3.5% | epoch: 3 | remaining: 27915s
2026-04-21 20:06:19,481 INFO train: step 07800 (22.6%) | loss: 1.615078 | lrm: 1.00 | mfu: 3.5% | epoch: 3 | remaining: 27863s
2026-04-21 20:07:11,641 INFO train: step 07850 (22.7%) | loss: 1.607816 | lrm: 1.00 | mfu: 3.5% | epoch: 3 | remaining: 27811s
2026-04-21 20:08:03,729 INFO train: step 07900 (22.9%) | loss: 1.616981 | lrm: 1.00 | mfu: 3.5% | epoch: 3 | remaining: 27759s
2026-04-21 20:08:55,751 INFO train: step 07950 (23.0%) | loss: 1.632343 | lrm: 1.00 | mfu: 3.5% | epoch: 3 | remaining: 27707s
2026-04-21 20:09:47,795 INFO train: step 08000 (23.2%) | loss: 1.630182 | lrm: 1.00 | mfu: 3.5% | epoch: 3 | remaining: 27655s
2026-04-21 20:10:39,778 INFO train: step 08050 (23.3%) | loss: 1.611191 | lrm: 1.00 | mfu: 3.5% | epoch: 3 | remaining: 27603s
2026-04-21 20:11:31,780 INFO train: step 08100 (23.5%) | loss: 1.606497 | lrm: 1.00 | mfu: 3.5% | epoch: 3 | remaining: 27551s
2026-04-21 20:12:23,763 INFO train: step 08150 (23.6%) | loss: 1.605704 | lrm: 1.00 | mfu: 3.5% | epoch: 3 | remaining: 27499s
2026-04-21 20:13:15,746 INFO train: step 08200 (23.8%) | loss: 1.620662 | lrm: 1.00 | mfu: 3.5% | epoch: 3 | remaining: 27447s
2026-04-21 20:14:07,750 INFO train: step 08250 (23.9%) | loss: 1.607667 | lrm: 1.00 | mfu: 3.5% | epoch: 3 | remaining: 27395s
2026-04-21 20:14:59,753 INFO train: step 08300 (24.0%) | loss: 1.610274 | lrm: 1.00 | mfu: 3.5% | epoch: 3 | remaining: 27343s
2026-04-21 20:15:51,797 INFO train: step 08350 (24.2%) | loss: 1.629645 | lrm: 1.00 | mfu: 3.5% | epoch: 3 | remaining: 27291s
2026-04-21 20:16:43,811 INFO train: step 08400 (24.3%) | loss: 1.614870 | lrm: 1.00 | mfu: 3.5% | epoch: 3 | remaining: 27239s
2026-04-21 20:17:35,802 INFO train: step 08450 (24.5%) | loss: 1.615000 | lrm: 1.00 | mfu: 3.5% | epoch: 3 | remaining: 27187s
2026-04-21 20:18:27,825 INFO train: step 08500 (24.6%) | loss: 1.612026 | lrm: 1.00 | mfu: 3.5% | epoch: 3 | remaining: 27135s
2026-04-21 20:19:19,809 INFO train: step 08550 (24.8%) | loss: 1.608460 | lrm: 1.00 | mfu: 3.5% | epoch: 3 | remaining: 27083s
2026-04-21 20:20:11,848 INFO train: step 08600 (24.9%) | loss: 1.621824 | lrm: 1.00 | mfu: 3.5% | epoch: 3 | remaining: 27031s
2026-04-21 20:21:03,874 INFO train: step 08650 (25.1%) | loss: 1.620150 | lrm: 1.00 | mfu: 3.5% | epoch: 3 | remaining: 26979s
2026-04-21 20:21:55,857 INFO train: step 08700 (25.2%) | loss: 1.597306 | lrm: 1.00 | mfu: 3.5% | epoch: 3 | remaining: 26927s
2026-04-21 20:22:47,854 INFO train: step 08750 (25.3%) | loss: 1.615879 | lrm: 1.00 | mfu: 3.5% | epoch: 3 | remaining: 26875s
2026-04-21 20:23:39,836 INFO train: step 08800 (25.5%) | loss: 1.611601 | lrm: 1.00 | mfu: 3.5% | epoch: 3 | remaining: 26823s
2026-04-21 20:24:31,868 INFO train: step 08850 (25.6%) | loss: 1.611390 | lrm: 1.00 | mfu: 3.5% | epoch: 3 | remaining: 26771s
2026-04-21 20:25:24,070 INFO train: step 08900 (25.8%) | loss: 1.604991 | lrm: 1.00 | mfu: 3.5% | epoch: 3 | remaining: 26719s
2026-04-21 20:26:16,226 INFO train: step 08950 (25.9%) | loss: 1.606649 | lrm: 1.00 | mfu: 3.5% | epoch: 3 | remaining: 26667s
2026-04-21 20:27:08,417 INFO train: step 09000 (26.1%) | loss: 1.610108 | lrm: 1.00 | mfu: 3.5% | epoch: 3 | remaining: 26615s
2026-04-21 20:28:00,532 INFO train: step 09050 (26.2%) | loss: 1.603560 | lrm: 1.00 | mfu: 3.5% | epoch: 3 | remaining: 26562s
2026-04-21 20:28:52,542 INFO train: step 09100 (26.4%) | loss: 1.610489 | lrm: 1.00 | mfu: 3.5% | epoch: 3 | remaining: 26510s
2026-04-21 20:29:44,525 INFO train: step 09150 (26.5%) | loss: 1.611815 | lrm: 1.00 | mfu: 3.5% | epoch: 3 | remaining: 26458s
2026-04-21 20:30:36,520 INFO train: step 09200 (26.6%) | loss: 1.627781 | lrm: 1.00 | mfu: 3.5% | epoch: 3 | remaining: 26406s
2026-04-21 20:31:28,531 INFO train: step 09250 (26.8%) | loss: 1.600899 | lrm: 1.00 | mfu: 3.5% | epoch: 3 | remaining: 26354s
2026-04-21 20:32:20,567 INFO train: step 09300 (26.9%) | loss: 1.613147 | lrm: 1.00 | mfu: 3.5% | epoch: 3 | remaining: 26302s
2026-04-21 20:33:12,570 INFO train: step 09350 (27.1%) | loss: 1.618404 | lrm: 1.00 | mfu: 3.5% | epoch: 3 | remaining: 26250s
2026-04-21 20:34:04,575 INFO train: step 09400 (27.2%) | loss: 1.612619 | lrm: 1.00 | mfu: 3.5% | epoch: 3 | remaining: 26198s
2026-04-21 20:34:56,604 INFO train: step 09450 (27.4%) | loss: 1.600336 | lrm: 1.00 | mfu: 3.5% | epoch: 3 | remaining: 26146s
2026-04-21 20:35:48,623 INFO train: step 09500 (27.5%) | loss: 1.611366 | lrm: 1.00 | mfu: 3.5% | epoch: 3 | remaining: 26094s
2026-04-21 20:36:40,682 INFO train: step 09550 (27.7%) | loss: 1.599253 | lrm: 1.00 | mfu: 3.5% | epoch: 3 | remaining: 26042s
2026-04-21 20:37:32,693 INFO train: step 09600 (27.8%) | loss: 1.572663 | lrm: 1.00 | mfu: 3.5% | epoch: 3 | remaining: 25990s
2026-04-21 20:38:24,723 INFO train: step 09650 (27.9%) | loss: 1.603269 | lrm: 1.00 | mfu: 3.5% | epoch: 3 | remaining: 25938s
2026-04-21 20:39:16,800 INFO train: step 09700 (28.1%) | loss: 1.628973 | lrm: 1.00 | mfu: 3.5% | epoch: 3 | remaining: 25886s
2026-04-21 20:40:08,783 INFO train: step 09750 (28.2%) | loss: 1.609527 | lrm: 1.00 | mfu: 3.5% | epoch: 3 | remaining: 25834s
2026-04-21 20:41:00,766 INFO train: step 09800 (28.4%) | loss: 1.599802 | lrm: 1.00 | mfu: 3.5% | epoch: 3 | remaining: 25782s
2026-04-21 20:41:52,749 INFO train: step 09850 (28.5%) | loss: 1.599083 | lrm: 1.00 | mfu: 3.5% | epoch: 3 | remaining: 25730s
2026-04-21 20:42:44,772 INFO train: step 09900 (28.7%) | loss: 1.600650 | lrm: 1.00 | mfu: 3.5% | epoch: 3 | remaining: 25678s
2026-04-21 20:43:36,855 INFO train: step 09950 (28.8%) | loss: 1.622712 | lrm: 1.00 | mfu: 3.5% | epoch: 3 | remaining: 25626s
2026-04-21 20:44:28,942 INFO train: step 10000 (29.0%) | loss: 1.594642 | lrm: 1.00 | mfu: 3.6% | epoch: 3 | remaining: 25574s
2026-04-21 20:45:20,955 INFO train: step 10050 (29.1%) | loss: 1.609530 | lrm: 1.00 | mfu: 3.5% | epoch: 3 | remaining: 25522s
2026-04-21 20:46:13,018 INFO train: step 10100 (29.2%) | loss: 1.598192 | lrm: 1.00 | mfu: 3.5% | epoch: 3 | remaining: 25470s
2026-04-21 20:47:05,041 INFO train: step 10150 (29.4%) | loss: 1.611982 | lrm: 1.00 | mfu: 3.5% | epoch: 4 | remaining: 25418s
2026-04-21 20:47:57,070 INFO train: step 10200 (29.5%) | loss: 1.605170 | lrm: 1.00 | mfu: 3.5% | epoch: 4 | remaining: 25366s
2026-04-21 20:48:49,114 INFO train: step 10250 (29.7%) | loss: 1.614113 | lrm: 1.00 | mfu: 3.5% | epoch: 4 | remaining: 25314s
2026-04-21 20:49:41,219 INFO train: step 10300 (29.8%) | loss: 1.595144 | lrm: 1.00 | mfu: 3.5% | epoch: 4 | remaining: 25262s
2026-04-21 20:50:33,221 INFO train: step 10350 (30.0%) | loss: 1.619363 | lrm: 1.00 | mfu: 3.5% | epoch: 4 | remaining: 25210s
2026-04-21 20:51:25,276 INFO train: step 10400 (30.1%) | loss: 1.603413 | lrm: 1.00 | mfu: 3.5% | epoch: 4 | remaining: 25158s
2026-04-21 20:52:17,331 INFO train: step 10450 (30.3%) | loss: 1.610854 | lrm: 1.00 | mfu: 3.5% | epoch: 4 | remaining: 25106s
2026-04-21 20:53:09,362 INFO train: step 10500 (30.4%) | loss: 1.597646 | lrm: 0.99 | mfu: 3.5% | epoch: 4 | remaining: 25054s
2026-04-21 20:54:01,344 INFO train: step 10550 (30.5%) | loss: 1.598233 | lrm: 0.99 | mfu: 3.5% | epoch: 4 | remaining: 25002s
2026-04-21 20:54:53,334 INFO train: step 10600 (30.7%) | loss: 1.607881 | lrm: 0.99 | mfu: 3.5% | epoch: 4 | remaining: 24950s
2026-04-21 20:55:45,358 INFO train: step 10650 (30.8%) | loss: 1.596701 | lrm: 0.99 | mfu: 3.5% | epoch: 4 | remaining: 24898s
2026-04-21 20:56:37,343 INFO train: step 10700 (31.0%) | loss: 1.597407 | lrm: 0.99 | mfu: 3.5% | epoch: 4 | remaining: 24846s
2026-04-21 20:57:29,396 INFO train: step 10750 (31.1%) | loss: 1.605789 | lrm: 0.98 | mfu: 3.5% | epoch: 4 | remaining: 24794s
2026-04-21 20:58:21,526 INFO train: step 10800 (31.3%) | loss: 1.602113 | lrm: 0.98 | mfu: 3.5% | epoch: 4 | remaining: 24742s
2026-04-21 20:59:13,524 INFO train: step 10850 (31.4%) | loss: 1.597621 | lrm: 0.98 | mfu: 3.5% | epoch: 4 | remaining: 24690s
2026-04-21 21:00:05,514 INFO train: step 10900 (31.6%) | loss: 1.605573 | lrm: 0.98 | mfu: 3.5% | epoch: 4 | remaining: 24638s
2026-04-21 21:00:57,557 INFO train: step 10950 (31.7%) | loss: 1.595935 | lrm: 0.98 | mfu: 3.5% | epoch: 4 | remaining: 24586s
2026-04-21 21:01:49,559 INFO train: step 11000 (31.8%) | loss: 1.589530 | lrm: 0.97 | mfu: 3.5% | epoch: 4 | remaining: 24534s
2026-04-21 21:02:41,554 INFO train: step 11050 (32.0%) | loss: 1.578643 | lrm: 0.97 | mfu: 3.5% | epoch: 4 | remaining: 24482s
2026-04-21 21:03:33,536 INFO train: step 11100 (32.1%) | loss: 1.592903 | lrm: 0.97 | mfu: 3.5% | epoch: 4 | remaining: 24430s
2026-04-21 21:04:25,529 INFO train: step 11150 (32.3%) | loss: 1.589399 | lrm: 0.97 | mfu: 3.5% | epoch: 4 | remaining: 24378s
2026-04-21 21:05:17,512 INFO train: step 11200 (32.4%) | loss: 1.584793 | lrm: 0.97 | mfu: 3.5% | epoch: 4 | remaining: 24326s
2026-04-21 21:06:09,546 INFO train: step 11250 (32.6%) | loss: 1.580859 | lrm: 0.96 | mfu: 3.5% | epoch: 4 | remaining: 24274s
2026-04-21 21:07:01,637 INFO train: step 11300 (32.7%) | loss: 1.597769 | lrm: 0.96 | mfu: 3.5% | epoch: 4 | remaining: 24222s
2026-04-21 21:07:53,672 INFO train: step 11350 (32.9%) | loss: 1.588799 | lrm: 0.96 | mfu: 3.5% | epoch: 4 | remaining: 24170s
2026-04-21 21:08:45,715 INFO train: step 11400 (33.0%) | loss: 1.577170 | lrm: 0.96 | mfu: 3.5% | epoch: 4 | remaining: 24118s
2026-04-21 21:09:37,783 INFO train: step 11450 (33.1%) | loss: 1.578632 | lrm: 0.96 | mfu: 3.5% | epoch: 4 | remaining: 24065s
2026-04-21 21:10:29,842 INFO train: step 11500 (33.3%) | loss: 1.577797 | lrm: 0.95 | mfu: 3.5% | epoch: 4 | remaining: 24013s
2026-04-21 21:11:21,832 INFO train: step 11550 (33.4%) | loss: 1.577001 | lrm: 0.95 | mfu: 3.5% | epoch: 4 | remaining: 23961s
2026-04-21 21:12:13,815 INFO train: step 11600 (33.6%) | loss: 1.580972 | lrm: 0.95 | mfu: 3.5% | epoch: 4 | remaining: 23909s
2026-04-21 21:13:05,799 INFO train: step 11650 (33.7%) | loss: 1.588401 | lrm: 0.95 | mfu: 3.5% | epoch: 4 | remaining: 23857s
2026-04-21 21:13:57,822 INFO train: step 11700 (33.9%) | loss: 1.602958 | lrm: 0.94 | mfu: 3.5% | epoch: 4 | remaining: 23805s
2026-04-21 21:14:49,818 INFO train: step 11750 (34.0%) | loss: 1.582064 | lrm: 0.94 | mfu: 3.5% | epoch: 4 | remaining: 23753s
2026-04-21 21:15:41,863 INFO train: step 11800 (34.2%) | loss: 1.576494 | lrm: 0.94 | mfu: 3.5% | epoch: 4 | remaining: 23701s
2026-04-21 21:16:33,863 INFO train: step 11850 (34.3%) | loss: 1.579676 | lrm: 0.94 | mfu: 3.5% | epoch: 4 | remaining: 23649s
2026-04-21 21:17:25,887 INFO train: step 11900 (34.4%) | loss: 1.601065 | lrm: 0.94 | mfu: 3.5% | epoch: 4 | remaining: 23597s
2026-04-21 21:18:17,896 INFO train: step 11950 (34.6%) | loss: 1.585706 | lrm: 0.93 | mfu: 3.5% | epoch: 4 | remaining: 23545s
2026-04-21 21:19:09,899 INFO train: step 12000 (34.7%) | loss: 1.599549 | lrm: 0.93 | mfu: 3.5% | epoch: 4 | remaining: 23493s
2026-04-21 21:20:01,924 INFO train: step 12050 (34.9%) | loss: 1.583650 | lrm: 0.93 | mfu: 3.5% | epoch: 4 | remaining: 23441s
2026-04-21 21:20:53,926 INFO train: step 12100 (35.0%) | loss: 1.579202 | lrm: 0.93 | mfu: 3.5% | epoch: 4 | remaining: 23389s
2026-04-21 21:21:45,961 INFO train: step 12150 (35.2%) | loss: 1.579727 | lrm: 0.93 | mfu: 3.5% | epoch: 4 | remaining: 23337s
2026-04-21 21:22:37,964 INFO train: step 12200 (35.3%) | loss: 1.574347 | lrm: 0.92 | mfu: 3.5% | epoch: 4 | remaining: 23285s
2026-04-21 21:23:29,947 INFO train: step 12250 (35.5%) | loss: 1.586260 | lrm: 0.92 | mfu: 3.5% | epoch: 4 | remaining: 23233s
2026-04-21 21:24:21,930 INFO train: step 12300 (35.6%) | loss: 1.580295 | lrm: 0.92 | mfu: 3.5% | epoch: 4 | remaining: 23181s
2026-04-21 21:25:13,975 INFO train: step 12350 (35.7%) | loss: 1.579409 | lrm: 0.92 | mfu: 3.5% | epoch: 4 | remaining: 23129s
2026-04-21 21:26:06,039 INFO train: step 12400 (35.9%) | loss: 1.578015 | lrm: 0.92 | mfu: 3.5% | epoch: 4 | remaining: 23077s
2026-04-21 21:26:58,161 INFO train: step 12450 (36.0%) | loss: 1.569127 | lrm: 0.91 | mfu: 3.5% | epoch: 4 | remaining: 23025s
2026-04-21 21:27:50,261 INFO train: step 12500 (36.2%) | loss: 1.587676 | lrm: 0.91 | mfu: 3.5% | epoch: 4 | remaining: 22973s
2026-04-21 21:28:42,247 INFO train: step 12550 (36.3%) | loss: 1.574778 | lrm: 0.91 | mfu: 3.5% | epoch: 4 | remaining: 22921s
2026-04-21 21:29:34,228 INFO train: step 12600 (36.5%) | loss: 1.563641 | lrm: 0.91 | mfu: 3.5% | epoch: 4 | remaining: 22869s
2026-04-21 21:30:26,231 INFO train: step 12650 (36.6%) | loss: 1.575325 | lrm: 0.91 | mfu: 3.5% | epoch: 4 | remaining: 22817s
2026-04-21 21:31:18,242 INFO train: step 12700 (36.8%) | loss: 1.586370 | lrm: 0.90 | mfu: 3.5% | epoch: 4 | remaining: 22765s
2026-04-21 21:32:10,258 INFO train: step 12750 (36.9%) | loss: 1.574807 | lrm: 0.90 | mfu: 3.5% | epoch: 4 | remaining: 22713s
2026-04-21 21:33:02,311 INFO train: step 12800 (37.0%) | loss: 1.554057 | lrm: 0.90 | mfu: 3.5% | epoch: 4 | remaining: 22661s
2026-04-21 21:33:54,304 INFO train: step 12850 (37.2%) | loss: 1.593045 | lrm: 0.90 | mfu: 3.5% | epoch: 4 | remaining: 22609s
2026-04-21 21:34:46,335 INFO train: step 12900 (37.3%) | loss: 1.574692 | lrm: 0.90 | mfu: 3.5% | epoch: 4 | remaining: 22557s
2026-04-21 21:35:38,330 INFO train: step 12950 (37.5%) | loss: 1.563119 | lrm: 0.89 | mfu: 3.5% | epoch: 4 | remaining: 22505s
2026-04-21 21:36:30,361 INFO train: step 13000 (37.6%) | loss: 1.556825 | lrm: 0.89 | mfu: 3.5% | epoch: 4 | remaining: 22453s
2026-04-21 21:37:22,363 INFO train: step 13050 (37.8%) | loss: 1.572008 | lrm: 0.89 | mfu: 3.5% | epoch: 4 | remaining: 22401s
2026-04-21 21:38:14,347 INFO train: step 13100 (37.9%) | loss: 1.584764 | lrm: 0.89 | mfu: 3.5% | epoch: 4 | remaining: 22349s
2026-04-21 21:39:06,331 INFO train: step 13150 (38.1%) | loss: 1.559984 | lrm: 0.88 | mfu: 3.5% | epoch: 4 | remaining: 22297s
2026-04-21 21:39:58,313 INFO train: step 13200 (38.2%) | loss: 1.571641 | lrm: 0.88 | mfu: 3.5% | epoch: 4 | remaining: 22245s
2026-04-21 21:40:50,296 INFO train: step 13250 (38.3%) | loss: 1.583457 | lrm: 0.88 | mfu: 3.5% | epoch: 4 | remaining: 22193s
2026-04-21 21:41:42,280 INFO train: step 13300 (38.5%) | loss: 1.569008 | lrm: 0.88 | mfu: 3.5% | epoch: 4 | remaining: 22141s
2026-04-21 21:42:34,276 INFO train: step 13350 (38.6%) | loss: 1.592378 | lrm: 0.88 | mfu: 3.5% | epoch: 4 | remaining: 22089s
2026-04-21 21:43:26,286 INFO train: step 13400 (38.8%) | loss: 1.574010 | lrm: 0.87 | mfu: 3.5% | epoch: 4 | remaining: 22037s
2026-04-21 21:44:18,349 INFO train: step 13450 (38.9%) | loss: 1.583270 | lrm: 0.87 | mfu: 3.5% | epoch: 4 | remaining: 21985s
2026-04-21 21:45:10,350 INFO train: step 13500 (39.1%) | loss: 1.565627 | lrm: 0.87 | mfu: 3.5% | epoch: 5 | remaining: 21933s
2026-04-21 21:46:02,375 INFO train: step 13550 (39.2%) | loss: 1.568718 | lrm: 0.87 | mfu: 3.5% | epoch: 5 | remaining: 21881s
2026-04-21 21:46:54,357 INFO train: step 13600 (39.4%) | loss: 1.570816 | lrm: 0.87 | mfu: 3.5% | epoch: 5 | remaining: 21829s
2026-04-21 21:47:46,340 INFO train: step 13650 (39.5%) | loss: 1.557205 | lrm: 0.86 | mfu: 3.5% | epoch: 5 | remaining: 21777s
2026-04-21 21:48:38,364 INFO train: step 13700 (39.6%) | loss: 1.566669 | lrm: 0.86 | mfu: 3.5% | epoch: 5 | remaining: 21725s
2026-04-21 21:49:30,347 INFO train: step 13750 (39.8%) | loss: 1.564606 | lrm: 0.86 | mfu: 3.5% | epoch: 5 | remaining: 21673s
2026-04-21 21:50:22,350 INFO train: step 13800 (39.9%) | loss: 1.563379 | lrm: 0.86 | mfu: 3.5% | epoch: 5 | remaining: 21621s
2026-04-21 21:51:14,345 INFO train: step 13850 (40.1%) | loss: 1.569076 | lrm: 0.86 | mfu: 3.5% | epoch: 5 | remaining: 21569s
2026-04-21 21:52:06,340 INFO train: step 13900 (40.2%) | loss: 1.555626 | lrm: 0.85 | mfu: 3.5% | epoch: 5 | remaining: 21517s
2026-04-21 21:52:58,340 INFO train: step 13950 (40.4%) | loss: 1.561831 | lrm: 0.85 | mfu: 3.5% | epoch: 5 | remaining: 21465s
2026-04-21 21:53:50,322 INFO train: step 14000 (40.5%) | loss: 1.563744 | lrm: 0.85 | mfu: 3.5% | epoch: 5 | remaining: 21413s
2026-04-21 21:54:42,337 INFO train: step 14050 (40.7%) | loss: 1.573061 | lrm: 0.85 | mfu: 3.5% | epoch: 5 | remaining: 21361s
2026-04-21 21:55:34,341 INFO train: step 14100 (40.8%) | loss: 1.555786 | lrm: 0.85 | mfu: 3.5% | epoch: 5 | remaining: 21309s
2026-04-21 21:56:26,322 INFO train: step 14150 (40.9%) | loss: 1.550931 | lrm: 0.84 | mfu: 3.5% | epoch: 5 | remaining: 21257s
2026-04-21 21:57:18,315 INFO train: step 14200 (41.1%) | loss: 1.567098 | lrm: 0.84 | mfu: 3.5% | epoch: 5 | remaining: 21205s
2026-04-21 21:58:10,298 INFO train: step 14250 (41.2%) | loss: 1.566328 | lrm: 0.84 | mfu: 3.5% | epoch: 5 | remaining: 21153s
2026-04-21 21:59:02,301 INFO train: step 14300 (41.4%) | loss: 1.548408 | lrm: 0.84 | mfu: 3.5% | epoch: 5 | remaining: 21101s
2026-04-21 21:59:54,298 INFO train: step 14350 (41.5%) | loss: 1.562348 | lrm: 0.84 | mfu: 3.5% | epoch: 5 | remaining: 21049s
2026-04-21 22:00:46,279 INFO train: step 14400 (41.7%) | loss: 1.566449 | lrm: 0.83 | mfu: 3.5% | epoch: 5 | remaining: 20997s
2026-04-21 22:01:38,270 INFO train: step 14450 (41.8%) | loss: 1.559571 | lrm: 0.83 | mfu: 3.5% | epoch: 5 | remaining: 20945s
2026-04-21 22:02:30,265 INFO train: step 14500 (42.0%) | loss: 1.549336 | lrm: 0.83 | mfu: 3.5% | epoch: 5 | remaining: 20893s
2026-04-21 22:03:22,308 INFO train: step 14550 (42.1%) | loss: 1.553647 | lrm: 0.83 | mfu: 3.5% | epoch: 5 | remaining: 20841s
2026-04-21 22:04:14,359 INFO train: step 14600 (42.2%) | loss: 1.553783 | lrm: 0.83 | mfu: 3.5% | epoch: 5 | remaining: 20789s
2026-04-21 22:05:06,382 INFO train: step 14650 (42.4%) | loss: 1.562174 | lrm: 0.82 | mfu: 3.5% | epoch: 5 | remaining: 20737s
2026-04-21 22:05:58,386 INFO train: step 14700 (42.5%) | loss: 1.554411 | lrm: 0.82 | mfu: 3.5% | epoch: 5 | remaining: 20685s
2026-04-21 22:06:50,369 INFO train: step 14750 (42.7%) | loss: 1.562920 | lrm: 0.82 | mfu: 3.5% | epoch: 5 | remaining: 20633s
2026-04-21 22:07:42,352 INFO train: step 14800 (42.8%) | loss: 1.553019 | lrm: 0.82 | mfu: 3.5% | epoch: 5 | remaining: 20581s
2026-04-21 22:08:34,346 INFO train: step 14850 (43.0%) | loss: 1.557035 | lrm: 0.81 | mfu: 3.5% | epoch: 5 | remaining: 20529s
2026-04-21 22:09:26,370 INFO train: step 14900 (43.1%) | loss: 1.553165 | lrm: 0.81 | mfu: 3.5% | epoch: 5 | remaining: 20477s
2026-04-21 22:10:18,360 INFO train: step 14950 (43.3%) | loss: 1.547031 | lrm: 0.81 | mfu: 3.5% | epoch: 5 | remaining: 20425s
2026-04-21 22:11:10,479 INFO train: step 15000 (43.4%) | loss: 1.548682 | lrm: 0.81 | mfu: 3.6% | epoch: 5 | remaining: 20373s
2026-04-21 22:12:02,480 INFO train: step 15050 (43.5%) | loss: 1.554521 | lrm: 0.81 | mfu: 3.5% | epoch: 5 | remaining: 20321s
2026-04-21 22:12:54,469 INFO train: step 15100 (43.7%) | loss: 1.560165 | lrm: 0.80 | mfu: 3.5% | epoch: 5 | remaining: 20269s
2026-04-21 22:13:46,453 INFO train: step 15150 (43.8%) | loss: 1.542425 | lrm: 0.80 | mfu: 3.5% | epoch: 5 | remaining: 20217s
2026-04-21 22:14:38,436 INFO train: step 15200 (44.0%) | loss: 1.537341 | lrm: 0.80 | mfu: 3.5% | epoch: 5 | remaining: 20165s
2026-04-21 22:15:30,419 INFO train: step 15250 (44.1%) | loss: 1.548978 | lrm: 0.80 | mfu: 3.5% | epoch: 5 | remaining: 20113s
2026-04-21 22:16:22,403 INFO train: step 15300 (44.3%) | loss: 1.560229 | lrm: 0.80 | mfu: 3.5% | epoch: 5 | remaining: 20061s
2026-04-21 22:17:14,405 INFO train: step 15350 (44.4%) | loss: 1.551897 | lrm: 0.79 | mfu: 3.5% | epoch: 5 | remaining: 20009s
2026-04-21 22:18:06,388 INFO train: step 15400 (44.6%) | loss: 1.548691 | lrm: 0.79 | mfu: 3.5% | epoch: 5 | remaining: 19957s
2026-04-21 22:18:58,382 INFO train: step 15450 (44.7%) | loss: 1.546983 | lrm: 0.79 | mfu: 3.5% | epoch: 5 | remaining: 19905s
2026-04-21 22:19:50,386 INFO train: step 15500 (44.8%) | loss: 1.541045 | lrm: 0.79 | mfu: 3.5% | epoch: 5 | remaining: 19853s
2026-04-21 22:20:42,449 INFO train: step 15550 (45.0%) | loss: 1.536851 | lrm: 0.79 | mfu: 3.5% | epoch: 5 | remaining: 19801s
2026-04-21 22:21:34,461 INFO train: step 15600 (45.1%) | loss: 1.536509 | lrm: 0.78 | mfu: 3.5% | epoch: 5 | remaining: 19749s
2026-04-21 22:22:26,444 INFO train: step 15650 (45.3%) | loss: 1.545496 | lrm: 0.78 | mfu: 3.5% | epoch: 5 | remaining: 19697s
2026-04-21 22:23:18,426 INFO train: step 15700 (45.4%) | loss: 1.550663 | lrm: 0.78 | mfu: 3.5% | epoch: 5 | remaining: 19645s
2026-04-21 22:24:10,430 INFO train: step 15750 (45.6%) | loss: 1.546605 | lrm: 0.78 | mfu: 3.5% | epoch: 5 | remaining: 19593s
2026-04-21 22:25:02,454 INFO train: step 15800 (45.7%) | loss: 1.547518 | lrm: 0.78 | mfu: 3.5% | epoch: 5 | remaining: 19541s
2026-04-21 22:25:54,447 INFO train: step 15850 (45.9%) | loss: 1.543820 | lrm: 0.77 | mfu: 3.5% | epoch: 5 | remaining: 19489s
2026-04-21 22:26:46,438 INFO train: step 15900 (46.0%) | loss: 1.527007 | lrm: 0.77 | mfu: 3.5% | epoch: 5 | remaining: 19437s
2026-04-21 22:27:38,422 INFO train: step 15950 (46.1%) | loss: 1.530759 | lrm: 0.77 | mfu: 3.5% | epoch: 5 | remaining: 19385s
2026-04-21 22:28:30,404 INFO train: step 16000 (46.3%) | loss: 1.542495 | lrm: 0.77 | mfu: 3.5% | epoch: 5 | remaining: 19333s
2026-04-21 22:29:22,401 INFO train: step 16050 (46.4%) | loss: 1.540693 | lrm: 0.77 | mfu: 3.5% | epoch: 5 | remaining: 19281s
2026-04-21 22:30:14,424 INFO train: step 16100 (46.6%) | loss: 1.530301 | lrm: 0.76 | mfu: 3.5% | epoch: 5 | remaining: 19229s
2026-04-21 22:31:06,454 INFO train: step 16150 (46.7%) | loss: 1.527279 | lrm: 0.76 | mfu: 3.5% | epoch: 5 | remaining: 19177s
2026-04-21 22:31:58,509 INFO train: step 16200 (46.9%) | loss: 1.538341 | lrm: 0.76 | mfu: 3.5% | epoch: 5 | remaining: 19125s
2026-04-21 22:32:50,592 INFO train: step 16250 (47.0%) | loss: 1.538171 | lrm: 0.76 | mfu: 3.5% | epoch: 5 | remaining: 19073s
2026-04-21 22:33:42,583 INFO train: step 16300 (47.2%) | loss: 1.545958 | lrm: 0.75 | mfu: 3.5% | epoch: 5 | remaining: 19021s
2026-04-21 22:34:34,567 INFO train: step 16350 (47.3%) | loss: 1.532927 | lrm: 0.75 | mfu: 3.5% | epoch: 5 | remaining: 18969s
2026-04-21 22:35:26,549 INFO train: step 16400 (47.4%) | loss: 1.538650 | lrm: 0.75 | mfu: 3.5% | epoch: 5 | remaining: 18917s
2026-04-21 22:36:18,552 INFO train: step 16450 (47.6%) | loss: 1.551256 | lrm: 0.75 | mfu: 3.5% | epoch: 5 | remaining: 18865s
2026-04-21 22:37:10,536 INFO train: step 16500 (47.7%) | loss: 1.529657 | lrm: 0.75 | mfu: 3.5% | epoch: 5 | remaining: 18813s
2026-04-21 22:38:02,518 INFO train: step 16550 (47.9%) | loss: 1.546184 | lrm: 0.74 | mfu: 3.5% | epoch: 5 | remaining: 18761s
2026-04-21 22:38:54,514 INFO train: step 16600 (48.0%) | loss: 1.525321 | lrm: 0.74 | mfu: 3.5% | epoch: 5 | remaining: 18709s
2026-04-21 22:39:46,496 INFO train: step 16650 (48.2%) | loss: 1.537775 | lrm: 0.74 | mfu: 3.5% | epoch: 5 | remaining: 18657s
2026-04-21 22:40:38,520 INFO train: step 16700 (48.3%) | loss: 1.559123 | lrm: 0.74 | mfu: 3.5% | epoch: 5 | remaining: 18605s
2026-04-21 22:41:30,544 INFO train: step 16750 (48.5%) | loss: 1.552576 | lrm: 0.74 | mfu: 3.5% | epoch: 5 | remaining: 18553s
2026-04-21 22:42:22,526 INFO train: step 16800 (48.6%) | loss: 1.541736 | lrm: 0.73 | mfu: 3.5% | epoch: 5 | remaining: 18501s
2026-04-21 22:43:14,513 INFO train: step 16850 (48.7%) | loss: 1.515793 | lrm: 0.73 | mfu: 3.5% | epoch: 5 | remaining: 18449s
2026-04-21 22:44:06,492 INFO train: step 16900 (48.9%) | loss: 1.523226 | lrm: 0.73 | mfu: 3.5% | epoch: 6 | remaining: 18397s
2026-04-21 22:44:58,495 INFO train: step 16950 (49.0%) | loss: 1.534024 | lrm: 0.73 | mfu: 3.5% | epoch: 6 | remaining: 18345s
2026-04-21 22:45:50,479 INFO train: step 17000 (49.2%) | loss: 1.556675 | lrm: 0.73 | mfu: 3.5% | epoch: 6 | remaining: 18293s
2026-04-21 22:46:42,489 INFO train: step 17050 (49.3%) | loss: 1.540438 | lrm: 0.72 | mfu: 3.5% | epoch: 6 | remaining: 18241s
2026-04-21 22:47:34,472 INFO train: step 17100 (49.5%) | loss: 1.549741 | lrm: 0.72 | mfu: 3.5% | epoch: 6 | remaining: 18189s
2026-04-21 22:48:26,455 INFO train: step 17150 (49.6%) | loss: 1.518869 | lrm: 0.72 | mfu: 3.5% | epoch: 6 | remaining: 18137s
2026-04-21 22:49:18,439 INFO train: step 17200 (49.8%) | loss: 1.537534 | lrm: 0.72 | mfu: 3.5% | epoch: 6 | remaining: 18085s
2026-04-21 22:50:10,438 INFO train: step 17250 (49.9%) | loss: 1.514509 | lrm: 0.72 | mfu: 3.5% | epoch: 6 | remaining: 18033s
2026-04-21 22:51:02,417 INFO train: step 17300 (50.0%) | loss: 1.541554 | lrm: 0.71 | mfu: 3.5% | epoch: 6 | remaining: 17982s
2026-04-21 22:51:54,408 INFO train: step 17350 (50.2%) | loss: 1.528760 | lrm: 0.71 | mfu: 3.5% | epoch: 6 | remaining: 17930s
2026-04-21 22:52:46,472 INFO train: step 17400 (50.3%) | loss: 1.510031 | lrm: 0.71 | mfu: 3.5% | epoch: 6 | remaining: 17877s
2026-04-21 22:53:38,574 INFO train: step 17450 (50.5%) | loss: 1.533107 | lrm: 0.71 | mfu: 3.5% | epoch: 6 | remaining: 17825s
2026-04-21 22:54:30,557 INFO train: step 17500 (50.6%) | loss: 1.527881 | lrm: 0.71 | mfu: 3.5% | epoch: 6 | remaining: 17773s
2026-04-21 22:55:22,540 INFO train: step 17550 (50.8%) | loss: 1.518608 | lrm: 0.70 | mfu: 3.5% | epoch: 6 | remaining: 17721s
2026-04-21 22:56:14,535 INFO train: step 17600 (50.9%) | loss: 1.525397 | lrm: 0.70 | mfu: 3.5% | epoch: 6 | remaining: 17669s
2026-04-21 22:57:06,562 INFO train: step 17650 (51.1%) | loss: 1.521839 | lrm: 0.70 | mfu: 3.5% | epoch: 6 | remaining: 17617s
2026-04-21 22:57:58,571 INFO train: step 17700 (51.2%) | loss: 1.521082 | lrm: 0.70 | mfu: 3.5% | epoch: 6 | remaining: 17565s
2026-04-21 22:58:50,553 INFO train: step 17750 (51.3%) | loss: 1.521963 | lrm: 0.70 | mfu: 3.5% | epoch: 6 | remaining: 17513s
2026-04-21 22:59:42,642 INFO train: step 17800 (51.5%) | loss: 1.518720 | lrm: 0.69 | mfu: 3.5% | epoch: 6 | remaining: 17461s
2026-04-21 23:00:34,658 INFO train: step 17850 (51.6%) | loss: 1.514595 | lrm: 0.69 | mfu: 3.5% | epoch: 6 | remaining: 17409s
2026-04-21 23:01:26,735 INFO train: step 17900 (51.8%) | loss: 1.528613 | lrm: 0.69 | mfu: 3.5% | epoch: 6 | remaining: 17357s
2026-04-21 23:02:18,716 INFO train: step 17950 (51.9%) | loss: 1.525611 | lrm: 0.69 | mfu: 3.5% | epoch: 6 | remaining: 17305s
2026-04-21 23:03:10,699 INFO train: step 18000 (52.1%) | loss: 1.533790 | lrm: 0.68 | mfu: 3.5% | epoch: 6 | remaining: 17253s
2026-04-21 23:04:02,691 INFO train: step 18050 (52.2%) | loss: 1.520471 | lrm: 0.68 | mfu: 3.5% | epoch: 6 | remaining: 17201s
2026-04-21 23:04:54,686 INFO train: step 18100 (52.4%) | loss: 1.531819 | lrm: 0.68 | mfu: 3.5% | epoch: 6 | remaining: 17149s
2026-04-21 23:05:46,677 INFO train: step 18150 (52.5%) | loss: 1.513980 | lrm: 0.68 | mfu: 3.5% | epoch: 6 | remaining: 17097s
2026-04-21 23:06:38,673 INFO train: step 18200 (52.6%) | loss: 1.513470 | lrm: 0.68 | mfu: 3.5% | epoch: 6 | remaining: 17045s
2026-04-21 23:07:30,763 INFO train: step 18250 (52.8%) | loss: 1.520006 | lrm: 0.67 | mfu: 3.5% | epoch: 6 | remaining: 16993s
2026-04-21 23:08:22,846 INFO train: step 18300 (52.9%) | loss: 1.499866 | lrm: 0.67 | mfu: 3.5% | epoch: 6 | remaining: 16941s
2026-04-21 23:09:14,850 INFO train: step 18350 (53.1%) | loss: 1.524140 | lrm: 0.67 | mfu: 3.5% | epoch: 6 | remaining: 16889s
2026-04-21 23:10:06,833 INFO train: step 18400 (53.2%) | loss: 1.521131 | lrm: 0.67 | mfu: 3.5% | epoch: 6 | remaining: 16837s
2026-04-21 23:10:58,868 INFO train: step 18450 (53.4%) | loss: 1.503987 | lrm: 0.67 | mfu: 3.5% | epoch: 6 | remaining: 16785s
2026-04-21 23:11:50,858 INFO train: step 18500 (53.5%) | loss: 1.502465 | lrm: 0.66 | mfu: 3.5% | epoch: 6 | remaining: 16733s
2026-04-21 23:12:42,842 INFO train: step 18550 (53.7%) | loss: 1.509652 | lrm: 0.66 | mfu: 3.5% | epoch: 6 | remaining: 16681s
2026-04-21 23:13:34,844 INFO train: step 18600 (53.8%) | loss: 1.514346 | lrm: 0.66 | mfu: 3.5% | epoch: 6 | remaining: 16629s
2026-04-21 23:14:26,827 INFO train: step 18650 (53.9%) | loss: 1.528164 | lrm: 0.66 | mfu: 3.5% | epoch: 6 | remaining: 16577s
2026-04-21 23:15:18,812 INFO train: step 18700 (54.1%) | loss: 1.515671 | lrm: 0.66 | mfu: 3.5% | epoch: 6 | remaining: 16525s
2026-04-21 23:16:10,794 INFO train: step 18750 (54.2%) | loss: 1.509971 | lrm: 0.65 | mfu: 3.5% | epoch: 6 | remaining: 16473s
2026-04-21 23:17:02,777 INFO train: step 18800 (54.4%) | loss: 1.504483 | lrm: 0.65 | mfu: 3.5% | epoch: 6 | remaining: 16421s
2026-04-21 23:17:54,773 INFO train: step 18850 (54.5%) | loss: 1.503298 | lrm: 0.65 | mfu: 3.5% | epoch: 6 | remaining: 16369s
2026-04-21 23:18:46,777 INFO train: step 18900 (54.7%) | loss: 1.515816 | lrm: 0.65 | mfu: 3.5% | epoch: 6 | remaining: 16317s
2026-04-21 23:19:38,766 INFO train: step 18950 (54.8%) | loss: 1.514853 | lrm: 0.65 | mfu: 3.5% | epoch: 6 | remaining: 16265s
2026-04-21 23:20:30,781 INFO train: step 19000 (55.0%) | loss: 1.498132 | lrm: 0.64 | mfu: 3.5% | epoch: 6 | remaining: 16213s
2026-04-21 23:21:22,783 INFO train: step 19050 (55.1%) | loss: 1.514812 | lrm: 0.64 | mfu: 3.5% | epoch: 6 | remaining: 16161s
2026-04-21 23:22:14,775 INFO train: step 19100 (55.2%) | loss: 1.519692 | lrm: 0.64 | mfu: 3.5% | epoch: 6 | remaining: 16109s
2026-04-21 23:23:06,758 INFO train: step 19150 (55.4%) | loss: 1.508631 | lrm: 0.64 | mfu: 3.5% | epoch: 6 | remaining: 16057s
2026-04-21 23:23:58,733 INFO train: step 19200 (55.5%) | loss: 1.511951 | lrm: 0.64 | mfu: 3.5% | epoch: 6 | remaining: 16005s
2026-04-21 23:24:50,716 INFO train: step 19250 (55.7%) | loss: 1.500122 | lrm: 0.63 | mfu: 3.5% | epoch: 6 | remaining: 15953s
2026-04-21 23:25:42,698 INFO train: step 19300 (55.8%) | loss: 1.497590 | lrm: 0.63 | mfu: 3.5% | epoch: 6 | remaining: 15901s
2026-04-21 23:26:34,691 INFO train: step 19350 (56.0%) | loss: 1.504995 | lrm: 0.63 | mfu: 3.5% | epoch: 6 | remaining: 15849s
2026-04-21 23:27:26,714 INFO train: step 19400 (56.1%) | loss: 1.512648 | lrm: 0.63 | mfu: 3.5% | epoch: 6 | remaining: 15797s
2026-04-21 23:28:18,758 INFO train: step 19450 (56.3%) | loss: 1.503003 | lrm: 0.62 | mfu: 3.5% | epoch: 6 | remaining: 15745s
2026-04-21 23:29:10,799 INFO train: step 19500 (56.4%) | loss: 1.489910 | lrm: 0.62 | mfu: 3.5% | epoch: 6 | remaining: 15693s
2026-04-21 23:30:02,815 INFO train: step 19550 (56.5%) | loss: 1.500907 | lrm: 0.62 | mfu: 3.5% | epoch: 6 | remaining: 15641s
2026-04-21 23:30:54,798 INFO train: step 19600 (56.7%) | loss: 1.517017 | lrm: 0.62 | mfu: 3.5% | epoch: 6 | remaining: 15589s
2026-04-21 23:31:46,781 INFO train: step 19650 (56.8%) | loss: 1.497567 | lrm: 0.62 | mfu: 3.5% | epoch: 6 | remaining: 15537s
2026-04-21 23:32:38,772 INFO train: step 19700 (57.0%) | loss: 1.491784 | lrm: 0.61 | mfu: 3.5% | epoch: 6 | remaining: 15485s
2026-04-21 23:33:30,767 INFO train: step 19750 (57.1%) | loss: 1.487425 | lrm: 0.61 | mfu: 3.5% | epoch: 6 | remaining: 15433s
2026-04-21 23:34:22,752 INFO train: step 19800 (57.3%) | loss: 1.509934 | lrm: 0.61 | mfu: 3.5% | epoch: 6 | remaining: 15381s
2026-04-21 23:35:14,734 INFO train: step 19850 (57.4%) | loss: 1.514116 | lrm: 0.61 | mfu: 3.5% | epoch: 6 | remaining: 15329s
2026-04-21 23:36:06,736 INFO train: step 19900 (57.6%) | loss: 1.501077 | lrm: 0.61 | mfu: 3.5% | epoch: 6 | remaining: 15277s
2026-04-21 23:36:58,745 INFO train: step 19950 (57.7%) | loss: 1.496201 | lrm: 0.60 | mfu: 3.5% | epoch: 6 | remaining: 15225s
2026-04-21 23:37:50,926 INFO train: step 20000 (57.8%) | loss: 1.496445 | lrm: 0.60 | mfu: 3.6% | epoch: 6 | remaining: 15173s
2026-04-21 23:38:42,946 INFO train: step 20050 (58.0%) | loss: 1.492195 | lrm: 0.60 | mfu: 3.5% | epoch: 6 | remaining: 15121s
2026-04-21 23:39:34,989 INFO train: step 20100 (58.1%) | loss: 1.506704 | lrm: 0.60 | mfu: 3.5% | epoch: 6 | remaining: 15069s
2026-04-21 23:40:27,039 INFO train: step 20150 (58.3%) | loss: 1.499132 | lrm: 0.60 | mfu: 3.5% | epoch: 6 | remaining: 15017s
2026-04-21 23:41:19,041 INFO train: step 20200 (58.4%) | loss: 1.495603 | lrm: 0.59 | mfu: 3.5% | epoch: 6 | remaining: 14965s
2026-04-21 23:42:11,017 INFO train: step 20250 (58.6%) | loss: 1.486738 | lrm: 0.59 | mfu: 3.5% | epoch: 7 | remaining: 14913s
2026-04-21 23:43:03,000 INFO train: step 20300 (58.7%) | loss: 1.504615 | lrm: 0.59 | mfu: 3.5% | epoch: 7 | remaining: 14861s
2026-04-21 23:43:54,983 INFO train: step 20350 (58.9%) | loss: 1.491639 | lrm: 0.59 | mfu: 3.5% | epoch: 7 | remaining: 14809s
2026-04-21 23:44:46,966 INFO train: step 20400 (59.0%) | loss: 1.503231 | lrm: 0.59 | mfu: 3.5% | epoch: 7 | remaining: 14757s
2026-04-21 23:45:38,950 INFO train: step 20450 (59.1%) | loss: 1.481093 | lrm: 0.58 | mfu: 3.5% | epoch: 7 | remaining: 14705s
2026-04-21 23:46:30,933 INFO train: step 20500 (59.3%) | loss: 1.487852 | lrm: 0.58 | mfu: 3.5% | epoch: 7 | remaining: 14653s
2026-04-21 23:47:22,923 INFO train: step 20550 (59.4%) | loss: 1.498345 | lrm: 0.58 | mfu: 3.5% | epoch: 7 | remaining: 14601s
2026-04-21 23:48:14,906 INFO train: step 20600 (59.6%) | loss: 1.484076 | lrm: 0.58 | mfu: 3.5% | epoch: 7 | remaining: 14550s
2026-04-21 23:49:06,890 INFO train: step 20650 (59.7%) | loss: 1.474977 | lrm: 0.58 | mfu: 3.5% | epoch: 7 | remaining: 14498s
2026-04-21 23:49:58,887 INFO train: step 20700 (59.9%) | loss: 1.509815 | lrm: 0.57 | mfu: 3.5% | epoch: 7 | remaining: 14446s
2026-04-21 23:50:50,877 INFO train: step 20750 (60.0%) | loss: 1.498375 | lrm: 0.57 | mfu: 3.5% | epoch: 7 | remaining: 14394s
2026-04-21 23:51:42,859 INFO train: step 20800 (60.2%) | loss: 1.513512 | lrm: 0.57 | mfu: 3.5% | epoch: 7 | remaining: 14342s
2026-04-21 23:52:34,842 INFO train: step 20850 (60.3%) | loss: 1.481128 | lrm: 0.57 | mfu: 3.5% | epoch: 7 | remaining: 14290s
2026-04-21 23:53:26,826 INFO train: step 20900 (60.4%) | loss: 1.487804 | lrm: 0.57 | mfu: 3.5% | epoch: 7 | remaining: 14238s
2026-04-21 23:54:18,828 INFO train: step 20950 (60.6%) | loss: 1.485624 | lrm: 0.56 | mfu: 3.5% | epoch: 7 | remaining: 14186s
2026-04-21 23:55:10,811 INFO train: step 21000 (60.7%) | loss: 1.490525 | lrm: 0.56 | mfu: 3.5% | epoch: 7 | remaining: 14134s
2026-04-21 23:56:02,847 INFO train: step 21050 (60.9%) | loss: 1.490509 | lrm: 0.56 | mfu: 3.5% | epoch: 7 | remaining: 14082s
2026-04-21 23:56:54,838 INFO train: step 21100 (61.0%) | loss: 1.482536 | lrm: 0.56 | mfu: 3.5% | epoch: 7 | remaining: 14030s
2026-04-21 23:57:46,840 INFO train: step 21150 (61.2%) | loss: 1.478977 | lrm: 0.55 | mfu: 3.5% | epoch: 7 | remaining: 13978s
2026-04-21 23:58:38,899 INFO train: step 21200 (61.3%) | loss: 1.471107 | lrm: 0.55 | mfu: 3.5% | epoch: 7 | remaining: 13926s
2026-04-21 23:59:30,939 INFO train: step 21250 (61.5%) | loss: 1.484186 | lrm: 0.55 | mfu: 3.5% | epoch: 7 | remaining: 13874s
2026-04-22 00:00:22,922 INFO train: step 21300 (61.6%) | loss: 1.498300 | lrm: 0.55 | mfu: 3.5% | epoch: 7 | remaining: 13822s
2026-04-22 00:01:14,912 INFO train: step 21350 (61.7%) | loss: 1.488022 | lrm: 0.55 | mfu: 3.5% | epoch: 7 | remaining: 13770s
2026-04-22 00:02:06,908 INFO train: step 21400 (61.9%) | loss: 1.486506 | lrm: 0.54 | mfu: 3.5% | epoch: 7 | remaining: 13718s
2026-04-22 00:02:58,919 INFO train: step 21450 (62.0%) | loss: 1.481440 | lrm: 0.54 | mfu: 3.5% | epoch: 7 | remaining: 13666s
2026-04-22 00:03:50,922 INFO train: step 21500 (62.2%) | loss: 1.483441 | lrm: 0.54 | mfu: 3.5% | epoch: 7 | remaining: 13614s
2026-04-22 00:04:42,905 INFO train: step 21550 (62.3%) | loss: 1.470414 | lrm: 0.54 | mfu: 3.5% | epoch: 7 | remaining: 13562s
2026-04-22 00:05:34,888 INFO train: step 21600 (62.5%) | loss: 1.479827 | lrm: 0.54 | mfu: 3.5% | epoch: 7 | remaining: 13510s
2026-04-22 00:06:26,871 INFO train: step 21650 (62.6%) | loss: 1.479297 | lrm: 0.53 | mfu: 3.5% | epoch: 7 | remaining: 13458s
2026-04-22 00:07:18,874 INFO train: step 21700 (62.8%) | loss: 1.481324 | lrm: 0.53 | mfu: 3.5% | epoch: 7 | remaining: 13406s
2026-04-22 00:08:10,857 INFO train: step 21750 (62.9%) | loss: 1.471660 | lrm: 0.53 | mfu: 3.5% | epoch: 7 | remaining: 13354s
2026-04-22 00:09:02,841 INFO train: step 21800 (63.0%) | loss: 1.481213 | lrm: 0.53 | mfu: 3.5% | epoch: 7 | remaining: 13302s
2026-04-22 00:09:54,836 INFO train: step 21850 (63.2%) | loss: 1.481440 | lrm: 0.53 | mfu: 3.5% | epoch: 7 | remaining: 13250s
2026-04-22 00:10:46,819 INFO train: step 21900 (63.3%) | loss: 1.458846 | lrm: 0.52 | mfu: 3.5% | epoch: 7 | remaining: 13198s
2026-04-22 00:11:38,801 INFO train: step 21950 (63.5%) | loss: 1.485350 | lrm: 0.52 | mfu: 3.5% | epoch: 7 | remaining: 13146s
2026-04-22 00:12:30,784 INFO train: step 22000 (63.6%) | loss: 1.481059 | lrm: 0.52 | mfu: 3.5% | epoch: 7 | remaining: 13094s
2026-04-22 00:13:22,783 INFO train: step 22050 (63.8%) | loss: 1.473186 | lrm: 0.52 | mfu: 3.5% | epoch: 7 | remaining: 13042s
2026-04-22 00:14:14,779 INFO train: step 22100 (63.9%) | loss: 1.504035 | lrm: 0.52 | mfu: 3.5% | epoch: 7 | remaining: 12990s
2026-04-22 00:15:06,773 INFO train: step 22150 (64.1%) | loss: 1.474584 | lrm: 0.51 | mfu: 3.5% | epoch: 7 | remaining: 12938s
2026-04-22 00:15:58,777 INFO train: step 22200 (64.2%) | loss: 1.491020 | lrm: 0.51 | mfu: 3.5% | epoch: 7 | remaining: 12886s
2026-04-22 00:16:50,760 INFO train: step 22250 (64.3%) | loss: 1.478240 | lrm: 0.51 | mfu: 3.5% | epoch: 7 | remaining: 12834s
2026-04-22 00:17:42,743 INFO train: step 22300 (64.5%) | loss: 1.475886 | lrm: 0.51 | mfu: 3.5% | epoch: 7 | remaining: 12782s
2026-04-22 00:18:34,734 INFO train: step 22350 (64.6%) | loss: 1.464776 | lrm: 0.51 | mfu: 3.6% | epoch: 7 | remaining: 12730s
2026-04-22 00:19:26,758 INFO train: step 22400 (64.8%) | loss: 1.454084 | lrm: 0.50 | mfu: 3.5% | epoch: 7 | remaining: 12678s
2026-04-22 00:20:18,774 INFO train: step 22450 (64.9%) | loss: 1.467657 | lrm: 0.50 | mfu: 3.5% | epoch: 7 | remaining: 12626s
2026-04-22 00:21:10,803 INFO train: step 22500 (65.1%) | loss: 1.467408 | lrm: 0.50 | mfu: 3.5% | epoch: 7 | remaining: 12574s
2026-04-22 00:22:02,806 INFO train: step 22550 (65.2%) | loss: 1.465292 | lrm: 0.50 | mfu: 3.5% | epoch: 7 | remaining: 12522s
2026-04-22 00:22:54,843 INFO train: step 22600 (65.4%) | loss: 1.462985 | lrm: 0.49 | mfu: 3.5% | epoch: 7 | remaining: 12470s
2026-04-22 00:23:46,833 INFO train: step 22650 (65.5%) | loss: 1.459584 | lrm: 0.49 | mfu: 3.5% | epoch: 7 | remaining: 12418s
2026-04-22 00:24:38,816 INFO train: step 22700 (65.6%) | loss: 1.462765 | lrm: 0.49 | mfu: 3.5% | epoch: 7 | remaining: 12366s
2026-04-22 00:25:30,798 INFO train: step 22750 (65.8%) | loss: 1.470368 | lrm: 0.49 | mfu: 3.5% | epoch: 7 | remaining: 12314s
2026-04-22 00:26:22,823 INFO train: step 22800 (65.9%) | loss: 1.477175 | lrm: 0.49 | mfu: 3.5% | epoch: 7 | remaining: 12262s
2026-04-22 00:27:14,805 INFO train: step 22850 (66.1%) | loss: 1.474392 | lrm: 0.48 | mfu: 3.5% | epoch: 7 | remaining: 12210s
2026-04-22 00:28:06,788 INFO train: step 22900 (66.2%) | loss: 1.470294 | lrm: 0.48 | mfu: 3.5% | epoch: 7 | remaining: 12158s
2026-04-22 00:28:58,782 INFO train: step 22950 (66.4%) | loss: 1.465319 | lrm: 0.48 | mfu: 3.5% | epoch: 7 | remaining: 12106s
2026-04-22 00:29:50,774 INFO train: step 23000 (66.5%) | loss: 1.466400 | lrm: 0.48 | mfu: 3.5% | epoch: 7 | remaining: 12054s
2026-04-22 00:30:42,758 INFO train: step 23050 (66.7%) | loss: 1.468176 | lrm: 0.48 | mfu: 3.5% | epoch: 7 | remaining: 12002s
2026-04-22 00:31:34,752 INFO train: step 23100 (66.8%) | loss: 1.463388 | lrm: 0.47 | mfu: 3.5% | epoch: 7 | remaining: 11950s
2026-04-22 00:32:26,736 INFO train: step 23150 (66.9%) | loss: 1.470320 | lrm: 0.47 | mfu: 3.5% | epoch: 7 | remaining: 11898s
2026-04-22 00:33:18,718 INFO train: step 23200 (67.1%) | loss: 1.463605 | lrm: 0.47 | mfu: 3.5% | epoch: 7 | remaining: 11846s
2026-04-22 00:34:10,702 INFO train: step 23250 (67.2%) | loss: 1.460753 | lrm: 0.47 | mfu: 3.5% | epoch: 7 | remaining: 11794s
2026-04-22 00:35:02,685 INFO train: step 23300 (67.4%) | loss: 1.449805 | lrm: 0.47 | mfu: 3.5% | epoch: 7 | remaining: 11742s
2026-04-22 00:35:54,648 INFO train: step 23350 (67.5%) | loss: 1.454716 | lrm: 0.46 | mfu: 3.5% | epoch: 7 | remaining: 11690s
2026-04-22 00:36:46,631 INFO train: step 23400 (67.7%) | loss: 1.464205 | lrm: 0.46 | mfu: 3.5% | epoch: 7 | remaining: 11638s
2026-04-22 00:37:38,617 INFO train: step 23450 (67.8%) | loss: 1.444480 | lrm: 0.46 | mfu: 3.5% | epoch: 7 | remaining: 11586s
2026-04-22 00:38:30,597 INFO train: step 23500 (68.0%) | loss: 1.454087 | lrm: 0.46 | mfu: 3.5% | epoch: 7 | remaining: 11534s
2026-04-22 00:39:22,580 INFO train: step 23550 (68.1%) | loss: 1.474003 | lrm: 0.46 | mfu: 3.5% | epoch: 7 | remaining: 11482s
2026-04-22 00:40:14,570 INFO train: step 23600 (68.2%) | loss: 1.469343 | lrm: 0.45 | mfu: 3.5% | epoch: 7 | remaining: 11430s
2026-04-22 00:41:06,554 INFO train: step 23650 (68.4%) | loss: 1.471568 | lrm: 0.45 | mfu: 3.5% | epoch: 8 | remaining: 11378s
2026-04-22 00:41:58,540 INFO train: step 23700 (68.5%) | loss: 1.453253 | lrm: 0.45 | mfu: 3.5% | epoch: 8 | remaining: 11326s
2026-04-22 00:42:50,553 INFO train: step 23750 (68.7%) | loss: 1.455251 | lrm: 0.45 | mfu: 3.5% | epoch: 8 | remaining: 11274s
2026-04-22 00:43:42,543 INFO train: step 23800 (68.8%) | loss: 1.453830 | lrm: 0.45 | mfu: 3.5% | epoch: 8 | remaining: 11222s
2026-04-22 00:44:34,526 INFO train: step 23850 (69.0%) | loss: 1.467193 | lrm: 0.44 | mfu: 3.5% | epoch: 8 | remaining: 11170s
2026-04-22 00:45:26,510 INFO train: step 23900 (69.1%) | loss: 1.456169 | lrm: 0.44 | mfu: 3.5% | epoch: 8 | remaining: 11118s
2026-04-22 00:46:18,493 INFO train: step 23950 (69.3%) | loss: 1.458785 | lrm: 0.44 | mfu: 3.5% | epoch: 8 | remaining: 11066s
2026-04-22 00:47:10,475 INFO train: step 24000 (69.4%) | loss: 1.448596 | lrm: 0.44 | mfu: 3.5% | epoch: 8 | remaining: 11014s
2026-04-22 00:48:02,458 INFO train: step 24050 (69.5%) | loss: 1.453203 | lrm: 0.44 | mfu: 3.5% | epoch: 8 | remaining: 10962s
2026-04-22 00:48:54,441 INFO train: step 24100 (69.7%) | loss: 1.453919 | lrm: 0.43 | mfu: 3.5% | epoch: 8 | remaining: 10910s
2026-04-22 00:49:46,415 INFO train: step 24150 (69.8%) | loss: 1.441931 | lrm: 0.43 | mfu: 3.5% | epoch: 8 | remaining: 10858s
2026-04-22 00:50:38,401 INFO train: step 24200 (70.0%) | loss: 1.447979 | lrm: 0.43 | mfu: 3.5% | epoch: 8 | remaining: 10806s
2026-04-22 00:51:30,392 INFO train: step 24250 (70.1%) | loss: 1.436824 | lrm: 0.43 | mfu: 3.5% | epoch: 8 | remaining: 10754s
2026-04-22 00:52:22,385 INFO train: step 24300 (70.3%) | loss: 1.449187 | lrm: 0.42 | mfu: 3.5% | epoch: 8 | remaining: 10702s
2026-04-22 00:53:14,449 INFO train: step 24350 (70.4%) | loss: 1.439972 | lrm: 0.42 | mfu: 3.5% | epoch: 8 | remaining: 10650s
2026-04-22 00:54:06,452 INFO train: step 24400 (70.6%) | loss: 1.459390 | lrm: 0.42 | mfu: 3.5% | epoch: 8 | remaining: 10598s
2026-04-22 00:54:58,443 INFO train: step 24450 (70.7%) | loss: 1.443348 | lrm: 0.42 | mfu: 3.5% | epoch: 8 | remaining: 10546s
2026-04-22 00:55:50,427 INFO train: step 24500 (70.8%) | loss: 1.439783 | lrm: 0.42 | mfu: 3.5% | epoch: 8 | remaining: 10494s
2026-04-22 00:56:42,421 INFO train: step 24550 (71.0%) | loss: 1.441535 | lrm: 0.41 | mfu: 3.5% | epoch: 8 | remaining: 10442s
2026-04-22 00:57:34,404 INFO train: step 24600 (71.1%) | loss: 1.441989 | lrm: 0.41 | mfu: 3.5% | epoch: 8 | remaining: 10390s
2026-04-22 00:58:26,388 INFO train: step 24650 (71.3%) | loss: 1.445009 | lrm: 0.41 | mfu: 3.5% | epoch: 8 | remaining: 10338s
2026-04-22 00:59:18,369 INFO train: step 24700 (71.4%) | loss: 1.450153 | lrm: 0.41 | mfu: 3.5% | epoch: 8 | remaining: 10286s
2026-04-22 01:00:10,353 INFO train: step 24750 (71.6%) | loss: 1.435483 | lrm: 0.41 | mfu: 3.5% | epoch: 8 | remaining: 10234s
2026-04-22 01:01:02,337 INFO train: step 24800 (71.7%) | loss: 1.438941 | lrm: 0.40 | mfu: 3.5% | epoch: 8 | remaining: 10183s
2026-04-22 01:01:54,320 INFO train: step 24850 (71.9%) | loss: 1.440745 | lrm: 0.40 | mfu: 3.5% | epoch: 8 | remaining: 10131s
2026-04-22 01:02:46,311 INFO train: step 24900 (72.0%) | loss: 1.438404 | lrm: 0.40 | mfu: 3.5% | epoch: 8 | remaining: 10079s
2026-04-22 01:03:38,354 INFO train: step 24950 (72.1%) | loss: 1.436140 | lrm: 0.40 | mfu: 3.5% | epoch: 8 | remaining: 10027s
2026-04-22 01:04:30,552 INFO train: step 25000 (72.3%) | loss: 1.450038 | lrm: 0.40 | mfu: 3.5% | epoch: 8 | remaining: 9975s
2026-04-22 01:05:22,585 INFO train: step 25050 (72.4%) | loss: 1.432762 | lrm: 0.39 | mfu: 3.5% | epoch: 8 | remaining: 9923s
2026-04-22 01:06:14,576 INFO train: step 25100 (72.6%) | loss: 1.435563 | lrm: 0.39 | mfu: 3.5% | epoch: 8 | remaining: 9871s
2026-04-22 01:07:06,578 INFO train: step 25150 (72.7%) | loss: 1.453407 | lrm: 0.39 | mfu: 3.5% | epoch: 8 | remaining: 9819s
2026-04-22 01:07:58,561 INFO train: step 25200 (72.9%) | loss: 1.430776 | lrm: 0.39 | mfu: 3.5% | epoch: 8 | remaining: 9767s
2026-04-22 01:08:50,544 INFO train: step 25250 (73.0%) | loss: 1.435952 | lrm: 0.39 | mfu: 3.5% | epoch: 8 | remaining: 9715s
2026-04-22 01:09:42,548 INFO train: step 25300 (73.2%) | loss: 1.421780 | lrm: 0.38 | mfu: 3.5% | epoch: 8 | remaining: 9663s
2026-04-22 01:10:34,619 INFO train: step 25350 (73.3%) | loss: 1.436759 | lrm: 0.38 | mfu: 3.5% | epoch: 8 | remaining: 9610s
2026-04-22 01:11:26,613 INFO train: step 25400 (73.4%) | loss: 1.438248 | lrm: 0.38 | mfu: 3.5% | epoch: 8 | remaining: 9559s
2026-04-22 01:12:18,625 INFO train: step 25450 (73.6%) | loss: 1.419251 | lrm: 0.38 | mfu: 3.5% | epoch: 8 | remaining: 9507s
2026-04-22 01:13:10,607 INFO train: step 25500 (73.7%) | loss: 1.437191 | lrm: 0.38 | mfu: 3.5% | epoch: 8 | remaining: 9455s
2026-04-22 01:14:02,591 INFO train: step 25550 (73.9%) | loss: 1.439805 | lrm: 0.37 | mfu: 3.5% | epoch: 8 | remaining: 9403s
2026-04-22 01:14:54,687 INFO train: step 25600 (74.0%) | loss: 1.421417 | lrm: 0.37 | mfu: 3.5% | epoch: 8 | remaining: 9350s
2026-04-22 01:15:46,709 INFO train: step 25650 (74.2%) | loss: 1.448490 | lrm: 0.37 | mfu: 3.5% | epoch: 8 | remaining: 9298s
2026-04-22 01:16:38,739 INFO train: step 25700 (74.3%) | loss: 1.429661 | lrm: 0.37 | mfu: 3.5% | epoch: 8 | remaining: 9246s
2026-04-22 01:17:30,743 INFO train: step 25750 (74.5%) | loss: 1.431095 | lrm: 0.36 | mfu: 3.5% | epoch: 8 | remaining: 9194s
2026-04-22 01:18:22,726 INFO train: step 25800 (74.6%) | loss: 1.424176 | lrm: 0.36 | mfu: 3.5% | epoch: 8 | remaining: 9142s
2026-04-22 01:19:14,709 INFO train: step 25850 (74.7%) | loss: 1.421291 | lrm: 0.36 | mfu: 3.5% | epoch: 8 | remaining: 9090s
2026-04-22 01:20:06,693 INFO train: step 25900 (74.9%) | loss: 1.422608 | lrm: 0.36 | mfu: 3.5% | epoch: 8 | remaining: 9038s
2026-04-22 01:20:58,695 INFO train: step 25950 (75.0%) | loss: 1.423012 | lrm: 0.36 | mfu: 3.5% | epoch: 8 | remaining: 8986s
2026-04-22 01:21:50,678 INFO train: step 26000 (75.2%) | loss: 1.440117 | lrm: 0.35 | mfu: 3.5% | epoch: 8 | remaining: 8935s
2026-04-22 01:22:42,661 INFO train: step 26050 (75.3%) | loss: 1.427670 | lrm: 0.35 | mfu: 3.5% | epoch: 8 | remaining: 8883s
2026-04-22 01:23:34,664 INFO train: step 26100 (75.5%) | loss: 1.425581 | lrm: 0.35 | mfu: 3.5% | epoch: 8 | remaining: 8831s
2026-04-22 01:24:26,646 INFO train: step 26150 (75.6%) | loss: 1.420210 | lrm: 0.35 | mfu: 3.5% | epoch: 8 | remaining: 8779s
2026-04-22 01:25:18,642 INFO train: step 26200 (75.8%) | loss: 1.416695 | lrm: 0.35 | mfu: 3.5% | epoch: 8 | remaining: 8727s
2026-04-22 01:26:10,626 INFO train: step 26250 (75.9%) | loss: 1.414153 | lrm: 0.34 | mfu: 3.5% | epoch: 8 | remaining: 8675s
2026-04-22 01:27:02,610 INFO train: step 26300 (76.0%) | loss: 1.423439 | lrm: 0.34 | mfu: 3.5% | epoch: 8 | remaining: 8623s
2026-04-22 01:27:54,612 INFO train: step 26350 (76.2%) | loss: 1.444411 | lrm: 0.34 | mfu: 3.5% | epoch: 8 | remaining: 8571s
2026-04-22 01:28:46,623 INFO train: step 26400 (76.3%) | loss: 1.433136 | lrm: 0.34 | mfu: 3.5% | epoch: 8 | remaining: 8519s
2026-04-22 01:29:38,646 INFO train: step 26450 (76.5%) | loss: 1.413740 | lrm: 0.34 | mfu: 3.5% | epoch: 8 | remaining: 8467s
2026-04-22 01:30:30,644 INFO train: step 26500 (76.6%) | loss: 1.407289 | lrm: 0.33 | mfu: 3.5% | epoch: 8 | remaining: 8415s
2026-04-22 01:31:22,633 INFO train: step 26550 (76.8%) | loss: 1.416564 | lrm: 0.33 | mfu: 3.5% | epoch: 8 | remaining: 8363s
2026-04-22 01:32:14,615 INFO train: step 26600 (76.9%) | loss: 1.437663 | lrm: 0.33 | mfu: 3.5% | epoch: 8 | remaining: 8311s
2026-04-22 01:33:06,599 INFO train: step 26650 (77.1%) | loss: 1.412549 | lrm: 0.33 | mfu: 3.5% | epoch: 8 | remaining: 8259s
2026-04-22 01:33:58,564 INFO train: step 26700 (77.2%) | loss: 1.412360 | lrm: 0.33 | mfu: 3.6% | epoch: 8 | remaining: 8207s
2026-04-22 01:34:50,537 INFO train: step 26750 (77.3%) | loss: 1.414834 | lrm: 0.32 | mfu: 3.5% | epoch: 8 | remaining: 8155s
2026-04-22 01:35:42,520 INFO train: step 26800 (77.5%) | loss: 1.418553 | lrm: 0.32 | mfu: 3.5% | epoch: 8 | remaining: 8103s
2026-04-22 01:36:34,524 INFO train: step 26850 (77.6%) | loss: 1.408658 | lrm: 0.32 | mfu: 3.5% | epoch: 8 | remaining: 8051s
2026-04-22 01:37:26,566 INFO train: step 26900 (77.8%) | loss: 1.410588 | lrm: 0.32 | mfu: 3.5% | epoch: 8 | remaining: 7999s
2026-04-22 01:38:18,628 INFO train: step 26950 (77.9%) | loss: 1.416332 | lrm: 0.32 | mfu: 3.5% | epoch: 8 | remaining: 7947s
2026-04-22 01:39:10,619 INFO train: step 27000 (78.1%) | loss: 1.405599 | lrm: 0.31 | mfu: 3.5% | epoch: 9 | remaining: 7895s
2026-04-22 01:40:02,602 INFO train: step 27050 (78.2%) | loss: 1.423258 | lrm: 0.31 | mfu: 3.5% | epoch: 9 | remaining: 7843s
2026-04-22 01:40:54,596 INFO train: step 27100 (78.4%) | loss: 1.411032 | lrm: 0.31 | mfu: 3.5% | epoch: 9 | remaining: 7791s
2026-04-22 01:41:46,589 INFO train: step 27150 (78.5%) | loss: 1.410021 | lrm: 0.31 | mfu: 3.5% | epoch: 9 | remaining: 7739s
2026-04-22 01:42:38,644 INFO train: step 27200 (78.6%) | loss: 1.411441 | lrm: 0.31 | mfu: 3.5% | epoch: 9 | remaining: 7687s
2026-04-22 01:43:30,655 INFO train: step 27250 (78.8%) | loss: 1.399343 | lrm: 0.30 | mfu: 3.5% | epoch: 9 | remaining: 7635s
2026-04-22 01:44:22,638 INFO train: step 27300 (78.9%) | loss: 1.404950 | lrm: 0.30 | mfu: 3.5% | epoch: 9 | remaining: 7583s
2026-04-22 01:45:14,622 INFO train: step 27350 (79.1%) | loss: 1.419696 | lrm: 0.30 | mfu: 3.5% | epoch: 9 | remaining: 7531s
2026-04-22 01:46:06,616 INFO train: step 27400 (79.2%) | loss: 1.405552 | lrm: 0.30 | mfu: 3.5% | epoch: 9 | remaining: 7479s
2026-04-22 01:46:58,620 INFO train: step 27450 (79.4%) | loss: 1.392634 | lrm: 0.29 | mfu: 3.5% | epoch: 9 | remaining: 7427s
2026-04-22 01:47:50,610 INFO train: step 27500 (79.5%) | loss: 1.391263 | lrm: 0.29 | mfu: 3.5% | epoch: 9 | remaining: 7375s
2026-04-22 01:48:42,626 INFO train: step 27550 (79.7%) | loss: 1.419543 | lrm: 0.29 | mfu: 3.5% | epoch: 9 | remaining: 7323s
2026-04-22 01:49:34,617 INFO train: step 27600 (79.8%) | loss: 1.404668 | lrm: 0.29 | mfu: 3.5% | epoch: 9 | remaining: 7271s
2026-04-22 01:50:26,619 INFO train: step 27650 (79.9%) | loss: 1.400658 | lrm: 0.29 | mfu: 3.5% | epoch: 9 | remaining: 7219s
2026-04-22 01:51:18,602 INFO train: step 27700 (80.1%) | loss: 1.406296 | lrm: 0.28 | mfu: 3.5% | epoch: 9 | remaining: 7167s
2026-04-22 01:52:10,605 INFO train: step 27750 (80.2%) | loss: 1.399476 | lrm: 0.28 | mfu: 3.5% | epoch: 9 | remaining: 7115s
2026-04-22 01:53:02,609 INFO train: step 27800 (80.4%) | loss: 1.412664 | lrm: 0.28 | mfu: 3.5% | epoch: 9 | remaining: 7063s
2026-04-22 01:53:54,606 INFO train: step 27850 (80.5%) | loss: 1.394380 | lrm: 0.28 | mfu: 3.5% | epoch: 9 | remaining: 7011s
2026-04-22 01:54:46,586 INFO train: step 27900 (80.7%) | loss: 1.397361 | lrm: 0.28 | mfu: 3.5% | epoch: 9 | remaining: 6959s
2026-04-22 01:55:38,577 INFO train: step 27950 (80.8%) | loss: 1.400530 | lrm: 0.27 | mfu: 3.5% | epoch: 9 | remaining: 6907s
2026-04-22 01:56:30,572 INFO train: step 28000 (81.0%) | loss: 1.391006 | lrm: 0.27 | mfu: 3.5% | epoch: 9 | remaining: 6855s
2026-04-22 01:57:22,566 INFO train: step 28050 (81.1%) | loss: 1.394786 | lrm: 0.27 | mfu: 3.5% | epoch: 9 | remaining: 6803s
2026-04-22 01:58:14,559 INFO train: step 28100 (81.2%) | loss: 1.386841 | lrm: 0.27 | mfu: 3.5% | epoch: 9 | remaining: 6751s
2026-04-22 01:59:06,550 INFO train: step 28150 (81.4%) | loss: 1.390827 | lrm: 0.27 | mfu: 3.5% | epoch: 9 | remaining: 6699s
2026-04-22 01:59:58,534 INFO train: step 28200 (81.5%) | loss: 1.402903 | lrm: 0.26 | mfu: 3.5% | epoch: 9 | remaining: 6647s
2026-04-22 02:00:50,549 INFO train: step 28250 (81.7%) | loss: 1.410883 | lrm: 0.26 | mfu: 3.5% | epoch: 9 | remaining: 6595s
2026-04-22 02:01:42,551 INFO train: step 28300 (81.8%) | loss: 1.382095 | lrm: 0.26 | mfu: 3.5% | epoch: 9 | remaining: 6543s
2026-04-22 02:02:34,542 INFO train: step 28350 (82.0%) | loss: 1.392542 | lrm: 0.26 | mfu: 3.5% | epoch: 9 | remaining: 6491s
2026-04-22 02:03:26,537 INFO train: step 28400 (82.1%) | loss: 1.389550 | lrm: 0.26 | mfu: 3.5% | epoch: 9 | remaining: 6439s
2026-04-22 02:04:18,520 INFO train: step 28450 (82.3%) | loss: 1.396169 | lrm: 0.25 | mfu: 3.5% | epoch: 9 | remaining: 6387s
2026-04-22 02:05:10,510 INFO train: step 28500 (82.4%) | loss: 1.397567 | lrm: 0.25 | mfu: 3.5% | epoch: 9 | remaining: 6335s
2026-04-22 02:06:02,495 INFO train: step 28550 (82.5%) | loss: 1.388465 | lrm: 0.25 | mfu: 3.5% | epoch: 9 | remaining: 6283s
2026-04-22 02:06:54,479 INFO train: step 28600 (82.7%) | loss: 1.406299 | lrm: 0.25 | mfu: 3.5% | epoch: 9 | remaining: 6231s
2026-04-22 02:07:46,460 INFO train: step 28650 (82.8%) | loss: 1.384023 | lrm: 0.25 | mfu: 3.5% | epoch: 9 | remaining: 6179s
2026-04-22 02:08:38,444 INFO train: step 28700 (83.0%) | loss: 1.383159 | lrm: 0.24 | mfu: 3.5% | epoch: 9 | remaining: 6127s
2026-04-22 02:09:30,440 INFO train: step 28750 (83.1%) | loss: 1.383291 | lrm: 0.24 | mfu: 3.5% | epoch: 9 | remaining: 6075s
2026-04-22 02:10:22,443 INFO train: step 28800 (83.3%) | loss: 1.384186 | lrm: 0.24 | mfu: 3.5% | epoch: 9 | remaining: 6023s
2026-04-22 02:11:14,454 INFO train: step 28850 (83.4%) | loss: 1.395830 | lrm: 0.24 | mfu: 3.5% | epoch: 9 | remaining: 5971s
2026-04-22 02:12:06,489 INFO train: step 28900 (83.6%) | loss: 1.384584 | lrm: 0.23 | mfu: 3.5% | epoch: 9 | remaining: 5919s
2026-04-22 02:12:58,573 INFO train: step 28950 (83.7%) | loss: 1.369074 | lrm: 0.23 | mfu: 3.5% | epoch: 9 | remaining: 5867s
2026-04-22 02:13:50,583 INFO train: step 29000 (83.8%) | loss: 1.385364 | lrm: 0.23 | mfu: 3.5% | epoch: 9 | remaining: 5815s
2026-04-22 02:14:42,564 INFO train: step 29050 (84.0%) | loss: 1.380613 | lrm: 0.23 | mfu: 3.5% | epoch: 9 | remaining: 5763s
2026-04-22 02:15:34,568 INFO train: step 29100 (84.1%) | loss: 1.368069 | lrm: 0.23 | mfu: 3.5% | epoch: 9 | remaining: 5711s
2026-04-22 02:16:26,552 INFO train: step 29150 (84.3%) | loss: 1.380907 | lrm: 0.22 | mfu: 3.5% | epoch: 9 | remaining: 5659s
2026-04-22 02:17:18,589 INFO train: step 29200 (84.4%) | loss: 1.376354 | lrm: 0.22 | mfu: 3.5% | epoch: 9 | remaining: 5607s
2026-04-22 02:18:10,610 INFO train: step 29250 (84.6%) | loss: 1.377502 | lrm: 0.22 | mfu: 3.5% | epoch: 9 | remaining: 5555s
2026-04-22 02:19:02,595 INFO train: step 29300 (84.7%) | loss: 1.370860 | lrm: 0.22 | mfu: 3.5% | epoch: 9 | remaining: 5503s
2026-04-22 02:19:54,575 INFO train: step 29350 (84.9%) | loss: 1.383430 | lrm: 0.22 | mfu: 3.5% | epoch: 9 | remaining: 5451s
2026-04-22 02:20:46,559 INFO train: step 29400 (85.0%) | loss: 1.375050 | lrm: 0.21 | mfu: 3.5% | epoch: 9 | remaining: 5399s
2026-04-22 02:21:38,561 INFO train: step 29450 (85.1%) | loss: 1.390624 | lrm: 0.21 | mfu: 3.5% | epoch: 9 | remaining: 5347s
2026-04-22 02:22:30,552 INFO train: step 29500 (85.3%) | loss: 1.368748 | lrm: 0.21 | mfu: 3.5% | epoch: 9 | remaining: 5295s
2026-04-22 02:23:22,535 INFO train: step 29550 (85.4%) | loss: 1.372352 | lrm: 0.21 | mfu: 3.5% | epoch: 9 | remaining: 5243s
2026-04-22 02:24:14,519 INFO train: step 29600 (85.6%) | loss: 1.371197 | lrm: 0.21 | mfu: 3.5% | epoch: 9 | remaining: 5191s
2026-04-22 02:25:06,502 INFO train: step 29650 (85.7%) | loss: 1.374374 | lrm: 0.20 | mfu: 3.5% | epoch: 9 | remaining: 5139s
2026-04-22 02:25:58,504 INFO train: step 29700 (85.9%) | loss: 1.372935 | lrm: 0.20 | mfu: 3.5% | epoch: 9 | remaining: 5087s
2026-04-22 02:26:50,565 INFO train: step 29750 (86.0%) | loss: 1.367669 | lrm: 0.20 | mfu: 3.5% | epoch: 9 | remaining: 5035s
2026-04-22 02:27:42,565 INFO train: step 29800 (86.2%) | loss: 1.371799 | lrm: 0.20 | mfu: 3.5% | epoch: 9 | remaining: 4983s
2026-04-22 02:28:34,615 INFO train: step 29850 (86.3%) | loss: 1.346737 | lrm: 0.20 | mfu: 3.5% | epoch: 9 | remaining: 4931s
2026-04-22 02:29:26,616 INFO train: step 29900 (86.4%) | loss: 1.367025 | lrm: 0.19 | mfu: 3.5% | epoch: 9 | remaining: 4879s
2026-04-22 02:30:18,601 INFO train: step 29950 (86.6%) | loss: 1.390050 | lrm: 0.19 | mfu: 3.5% | epoch: 9 | remaining: 4827s
2026-04-22 02:31:10,818 INFO train: step 30000 (86.7%) | loss: 1.367905 | lrm: 0.19 | mfu: 3.6% | epoch: 9 | remaining: 4775s
2026-04-22 02:32:02,806 INFO train: step 30050 (86.9%) | loss: 1.357976 | lrm: 0.19 | mfu: 3.5% | epoch: 9 | remaining: 4723s
2026-04-22 02:32:54,808 INFO train: step 30100 (87.0%) | loss: 1.366820 | lrm: 0.19 | mfu: 3.5% | epoch: 9 | remaining: 4671s
2026-04-22 02:33:46,792 INFO train: step 30150 (87.2%) | loss: 1.367950 | lrm: 0.18 | mfu: 3.5% | epoch: 9 | remaining: 4619s
2026-04-22 02:34:38,775 INFO train: step 30200 (87.3%) | loss: 1.351257 | lrm: 0.18 | mfu: 3.5% | epoch: 9 | remaining: 4567s
2026-04-22 02:35:30,758 INFO train: step 30250 (87.5%) | loss: 1.364349 | lrm: 0.18 | mfu: 3.5% | epoch: 9 | remaining: 4515s
2026-04-22 02:36:22,782 INFO train: step 30300 (87.6%) | loss: 1.372558 | lrm: 0.18 | mfu: 3.5% | epoch: 9 | remaining: 4463s
2026-04-22 02:37:14,879 INFO train: step 30350 (87.7%) | loss: 1.368062 | lrm: 0.18 | mfu: 3.5% | epoch: 9 | remaining: 4411s
2026-04-22 02:38:07,074 INFO train: step 30400 (87.9%) | loss: 1.367999 | lrm: 0.17 | mfu: 3.5% | epoch: 10 | remaining: 4359s
2026-04-22 02:38:59,091 INFO train: step 30450 (88.0%) | loss: 1.345340 | lrm: 0.17 | mfu: 3.5% | epoch: 10 | remaining: 4307s
2026-04-22 02:39:51,094 INFO train: step 30500 (88.2%) | loss: 1.362872 | lrm: 0.17 | mfu: 3.5% | epoch: 10 | remaining: 4255s
2026-04-22 02:40:43,076 INFO train: step 30550 (88.3%) | loss: 1.356651 | lrm: 0.17 | mfu: 3.5% | epoch: 10 | remaining: 4203s
2026-04-22 02:41:35,059 INFO train: step 30600 (88.5%) | loss: 1.363706 | lrm: 0.16 | mfu: 3.5% | epoch: 10 | remaining: 4151s
2026-04-22 02:42:27,043 INFO train: step 30650 (88.6%) | loss: 1.337536 | lrm: 0.16 | mfu: 3.5% | epoch: 10 | remaining: 4099s
2026-04-22 02:43:19,026 INFO train: step 30700 (88.8%) | loss: 1.356726 | lrm: 0.16 | mfu: 3.5% | epoch: 10 | remaining: 4047s
2026-04-22 02:44:11,043 INFO train: step 30750 (88.9%) | loss: 1.339655 | lrm: 0.16 | mfu: 3.5% | epoch: 10 | remaining: 3995s
2026-04-22 02:45:03,072 INFO train: step 30800 (89.0%) | loss: 1.372623 | lrm: 0.16 | mfu: 3.5% | epoch: 10 | remaining: 3943s
2026-04-22 02:45:55,056 INFO train: step 30850 (89.2%) | loss: 1.358535 | lrm: 0.15 | mfu: 3.5% | epoch: 10 | remaining: 3891s
2026-04-22 02:46:47,051 INFO train: step 30900 (89.3%) | loss: 1.353338 | lrm: 0.15 | mfu: 3.5% | epoch: 10 | remaining: 3839s
2026-04-22 02:47:39,033 INFO train: step 30950 (89.5%) | loss: 1.352893 | lrm: 0.15 | mfu: 3.5% | epoch: 10 | remaining: 3787s
2026-04-22 02:48:31,016 INFO train: step 31000 (89.6%) | loss: 1.355368 | lrm: 0.15 | mfu: 3.5% | epoch: 10 | remaining: 3735s
2026-04-22 02:49:23,008 INFO train: step 31050 (89.8%) | loss: 1.352985 | lrm: 0.15 | mfu: 3.5% | epoch: 10 | remaining: 3683s
2026-04-22 02:50:14,983 INFO train: step 31100 (89.9%) | loss: 1.348020 | lrm: 0.14 | mfu: 3.5% | epoch: 10 | remaining: 3631s
2026-04-22 02:51:06,988 INFO train: step 31150 (90.1%) | loss: 1.350063 | lrm: 0.14 | mfu: 3.5% | epoch: 10 | remaining: 3579s
2026-04-22 02:51:58,997 INFO train: step 31200 (90.2%) | loss: 1.353268 | lrm: 0.14 | mfu: 3.5% | epoch: 10 | remaining: 3527s
2026-04-22 02:52:50,993 INFO train: step 31250 (90.3%) | loss: 1.343747 | lrm: 0.14 | mfu: 3.5% | epoch: 10 | remaining: 3475s
2026-04-22 02:53:42,975 INFO train: step 31300 (90.5%) | loss: 1.345541 | lrm: 0.14 | mfu: 3.5% | epoch: 10 | remaining: 3423s
2026-04-22 02:54:34,998 INFO train: step 31350 (90.6%) | loss: 1.346682 | lrm: 0.13 | mfu: 3.5% | epoch: 10 | remaining: 3371s
2026-04-22 02:55:27,009 INFO train: step 31400 (90.8%) | loss: 1.338690 | lrm: 0.13 | mfu: 3.5% | epoch: 10 | remaining: 3319s
2026-04-22 02:56:19,005 INFO train: step 31450 (90.9%) | loss: 1.355022 | lrm: 0.13 | mfu: 3.5% | epoch: 10 | remaining: 3267s
2026-04-22 02:57:11,016 INFO train: step 31500 (91.1%) | loss: 1.330843 | lrm: 0.13 | mfu: 3.5% | epoch: 10 | remaining: 3215s
2026-04-22 02:58:03,078 INFO train: step 31550 (91.2%) | loss: 1.329274 | lrm: 0.13 | mfu: 3.5% | epoch: 10 | remaining: 3163s
2026-04-22 02:58:55,075 INFO train: step 31600 (91.4%) | loss: 1.335636 | lrm: 0.12 | mfu: 3.5% | epoch: 10 | remaining: 3111s
2026-04-22 02:59:47,096 INFO train: step 31650 (91.5%) | loss: 1.333731 | lrm: 0.12 | mfu: 3.5% | epoch: 10 | remaining: 3059s
2026-04-22 03:00:39,107 INFO train: step 31700 (91.6%) | loss: 1.337587 | lrm: 0.12 | mfu: 3.5% | epoch: 10 | remaining: 3007s
2026-04-22 03:01:31,132 INFO train: step 31750 (91.8%) | loss: 1.345046 | lrm: 0.12 | mfu: 3.5% | epoch: 10 | remaining: 2955s
2026-04-22 03:02:23,185 INFO train: step 31800 (91.9%) | loss: 1.328385 | lrm: 0.12 | mfu: 3.5% | epoch: 10 | remaining: 2903s
2026-04-22 03:03:15,256 INFO train: step 31850 (92.1%) | loss: 1.334441 | lrm: 0.11 | mfu: 3.5% | epoch: 10 | remaining: 2851s
2026-04-22 03:04:07,240 INFO train: step 31900 (92.2%) | loss: 1.326213 | lrm: 0.11 | mfu: 3.5% | epoch: 10 | remaining: 2799s
2026-04-22 03:04:59,263 INFO train: step 31950 (92.4%) | loss: 1.309716 | lrm: 0.11 | mfu: 3.5% | epoch: 10 | remaining: 2747s
2026-04-22 03:05:51,247 INFO train: step 32000 (92.5%) | loss: 1.311250 | lrm: 0.11 | mfu: 3.5% | epoch: 10 | remaining: 2695s
2026-04-22 03:06:43,244 INFO train: step 32050 (92.7%) | loss: 1.315508 | lrm: 0.10 | mfu: 3.5% | epoch: 10 | remaining: 2643s
2026-04-22 03:07:35,252 INFO train: step 32100 (92.8%) | loss: 1.332585 | lrm: 0.10 | mfu: 3.5% | epoch: 10 | remaining: 2591s
2026-04-22 03:08:27,328 INFO train: step 32150 (92.9%) | loss: 1.338718 | lrm: 0.10 | mfu: 3.5% | epoch: 10 | remaining: 2539s
2026-04-22 03:09:19,319 INFO train: step 32200 (93.1%) | loss: 1.333590 | lrm: 0.10 | mfu: 3.5% | epoch: 10 | remaining: 2487s
2026-04-22 03:10:11,321 INFO train: step 32250 (93.2%) | loss: 1.329732 | lrm: 0.10 | mfu: 3.5% | epoch: 10 | remaining: 2435s
2026-04-22 03:11:03,324 INFO train: step 32300 (93.4%) | loss: 1.335881 | lrm: 0.09 | mfu: 3.5% | epoch: 10 | remaining: 2383s
2026-04-22 03:11:55,327 INFO train: step 32350 (93.5%) | loss: 1.328950 | lrm: 0.09 | mfu: 3.5% | epoch: 10 | remaining: 2331s
2026-04-22 03:12:47,323 INFO train: step 32400 (93.7%) | loss: 1.328039 | lrm: 0.09 | mfu: 3.5% | epoch: 10 | remaining: 2279s
2026-04-22 03:13:39,339 INFO train: step 32450 (93.8%) | loss: 1.316596 | lrm: 0.09 | mfu: 3.5% | epoch: 10 | remaining: 2227s
2026-04-22 03:14:31,356 INFO train: step 32500 (94.0%) | loss: 1.345978 | lrm: 0.09 | mfu: 3.5% | epoch: 10 | remaining: 2175s
2026-04-22 03:15:23,352 INFO train: step 32550 (94.1%) | loss: 1.315692 | lrm: 0.08 | mfu: 3.5% | epoch: 10 | remaining: 2123s
2026-04-22 03:16:15,355 INFO train: step 32600 (94.2%) | loss: 1.316181 | lrm: 0.08 | mfu: 3.5% | epoch: 10 | remaining: 2071s
2026-04-22 03:17:07,366 INFO train: step 32650 (94.4%) | loss: 1.330050 | lrm: 0.08 | mfu: 3.5% | epoch: 10 | remaining: 2019s
2026-04-22 03:17:59,361 INFO train: step 32700 (94.5%) | loss: 1.315746 | lrm: 0.08 | mfu: 3.5% | epoch: 10 | remaining: 1967s
2026-04-22 03:18:51,363 INFO train: step 32750 (94.7%) | loss: 1.334470 | lrm: 0.08 | mfu: 3.5% | epoch: 10 | remaining: 1915s
2026-04-22 03:19:43,348 INFO train: step 32800 (94.8%) | loss: 1.311507 | lrm: 0.07 | mfu: 3.5% | epoch: 10 | remaining: 1863s
2026-04-22 03:20:35,417 INFO train: step 32850 (95.0%) | loss: 1.313436 | lrm: 0.07 | mfu: 3.5% | epoch: 10 | remaining: 1811s
2026-04-22 03:21:27,441 INFO train: step 32900 (95.1%) | loss: 1.312424 | lrm: 0.07 | mfu: 3.5% | epoch: 10 | remaining: 1759s
2026-04-22 03:22:19,444 INFO train: step 32950 (95.3%) | loss: 1.300800 | lrm: 0.07 | mfu: 3.5% | epoch: 10 | remaining: 1707s
2026-04-22 03:23:11,428 INFO train: step 33000 (95.4%) | loss: 1.286684 | lrm: 0.07 | mfu: 3.5% | epoch: 10 | remaining: 1655s
2026-04-22 03:24:03,410 INFO train: step 33050 (95.5%) | loss: 1.320663 | lrm: 0.06 | mfu: 3.5% | epoch: 10 | remaining: 1603s
2026-04-22 03:24:55,410 INFO train: step 33100 (95.7%) | loss: 1.310971 | lrm: 0.06 | mfu: 3.5% | epoch: 10 | remaining: 1551s
2026-04-22 03:25:47,396 INFO train: step 33150 (95.8%) | loss: 1.310107 | lrm: 0.06 | mfu: 3.5% | epoch: 10 | remaining: 1499s
2026-04-22 03:26:39,380 INFO train: step 33200 (96.0%) | loss: 1.279042 | lrm: 0.06 | mfu: 3.5% | epoch: 10 | remaining: 1447s
2026-04-22 03:27:31,442 INFO train: step 33250 (96.1%) | loss: 1.289263 | lrm: 0.06 | mfu: 3.5% | epoch: 10 | remaining: 1395s
2026-04-22 03:28:23,465 INFO train: step 33300 (96.3%) | loss: 1.308542 | lrm: 0.05 | mfu: 3.5% | epoch: 10 | remaining: 1343s
2026-04-22 03:29:15,499 INFO train: step 33350 (96.4%) | loss: 1.326319 | lrm: 0.05 | mfu: 3.5% | epoch: 10 | remaining: 1291s
2026-04-22 03:30:07,510 INFO train: step 33400 (96.6%) | loss: 1.296212 | lrm: 0.05 | mfu: 3.5% | epoch: 10 | remaining: 1239s
2026-04-22 03:30:59,557 INFO train: step 33450 (96.7%) | loss: 1.305229 | lrm: 0.05 | mfu: 3.5% | epoch: 10 | remaining: 1187s
2026-04-22 03:31:51,650 INFO train: step 33500 (96.8%) | loss: 1.298118 | lrm: 0.05 | mfu: 3.5% | epoch: 10 | remaining: 1135s
2026-04-22 03:32:43,652 INFO train: step 33550 (97.0%) | loss: 1.284891 | lrm: 0.04 | mfu: 3.5% | epoch: 10 | remaining: 1083s
2026-04-22 03:33:35,643 INFO train: step 33600 (97.1%) | loss: 1.303752 | lrm: 0.04 | mfu: 3.5% | epoch: 10 | remaining: 1031s
2026-04-22 03:34:27,638 INFO train: step 33650 (97.3%) | loss: 1.290266 | lrm: 0.04 | mfu: 3.5% | epoch: 10 | remaining: 979s
2026-04-22 03:35:19,645 INFO train: step 33700 (97.4%) | loss: 1.296740 | lrm: 0.04 | mfu: 3.5% | epoch: 10 | remaining: 927s
2026-04-22 03:36:11,665 INFO train: step 33750 (97.6%) | loss: 1.291812 | lrm: 0.03 | mfu: 3.5% | epoch: 11 | remaining: 875s
2026-04-22 03:37:03,656 INFO train: step 33800 (97.7%) | loss: 1.284550 | lrm: 0.03 | mfu: 3.5% | epoch: 11 | remaining: 823s
2026-04-22 03:37:55,650 INFO train: step 33850 (97.9%) | loss: 1.279801 | lrm: 0.03 | mfu: 3.5% | epoch: 11 | remaining: 771s
2026-04-22 03:38:47,633 INFO train: step 33900 (98.0%) | loss: 1.275241 | lrm: 0.03 | mfu: 3.5% | epoch: 11 | remaining: 719s
2026-04-22 03:39:39,625 INFO train: step 33950 (98.1%) | loss: 1.284966 | lrm: 0.03 | mfu: 3.5% | epoch: 11 | remaining: 667s
2026-04-22 03:40:31,608 INFO train: step 34000 (98.3%) | loss: 1.265240 | lrm: 0.02 | mfu: 3.5% | epoch: 11 | remaining: 615s
2026-04-22 03:41:23,592 INFO train: step 34050 (98.4%) | loss: 1.286644 | lrm: 0.02 | mfu: 3.5% | epoch: 11 | remaining: 563s
2026-04-22 03:42:15,574 INFO train: step 34100 (98.6%) | loss: 1.276862 | lrm: 0.02 | mfu: 3.5% | epoch: 11 | remaining: 511s
2026-04-22 03:43:07,629 INFO train: step 34150 (98.7%) | loss: 1.275012 | lrm: 0.02 | mfu: 3.5% | epoch: 11 | remaining: 459s
2026-04-22 03:43:59,692 INFO train: step 34200 (98.9%) | loss: 1.283336 | lrm: 0.02 | mfu: 3.5% | epoch: 11 | remaining: 407s
2026-04-22 03:44:51,742 INFO train: step 34250 (99.0%) | loss: 1.267885 | lrm: 0.01 | mfu: 3.5% | epoch: 11 | remaining: 355s
2026-04-22 03:45:43,726 INFO train: step 34300 (99.2%) | loss: 1.292548 | lrm: 0.01 | mfu: 3.5% | epoch: 11 | remaining: 303s
2026-04-22 03:46:35,709 INFO train: step 34350 (99.3%) | loss: 1.280026 | lrm: 0.01 | mfu: 3.5% | epoch: 11 | remaining: 251s
2026-04-22 03:47:27,692 INFO train: step 34400 (99.4%) | loss: 1.274737 | lrm: 0.01 | mfu: 3.5% | epoch: 11 | remaining: 199s
2026-04-22 03:48:19,676 INFO train: step 34450 (99.6%) | loss: 1.283267 | lrm: 0.01 | mfu: 3.5% | epoch: 11 | remaining: 147s
2026-04-22 03:49:11,712 INFO train: step 34500 (99.7%) | loss: 1.289455 | lrm: 0.00 | mfu: 3.5% | epoch: 11 | remaining: 95s
2026-04-22 03:50:03,722 INFO train: step 34550 (99.9%) | loss: 1.286296 | lrm: 0.00 | mfu: 3.5% | epoch: 11 | remaining: 43s
2026-04-22 03:51:01,030 INFO train: --- Final Results ---
2026-04-22 03:51:01,030 INFO train: val_bpb:          0.499812
2026-04-22 03:51:01,030 INFO train: training_seconds: 36000.1
2026-04-22 03:51:01,030 INFO train: total_seconds:    36081.1
2026-04-22 03:51:01,030 INFO train: peak_vram_mb:     11702.0
2026-04-22 03:51:01,031 INFO train: mfu_percent:      3.52
2026-04-22 03:51:01,031 INFO train: total_tokens_M:   4534.0
2026-04-22 03:51:01,031 INFO train: num_steps:        34592
2026-04-22 03:51:01,031 INFO train: num_params_M:     50.3
2026-04-22 03:51:01,031 INFO train: depth:            8
2026-04-22 03:51:01,746 INFO train: Checkpoint saved to /mmfs1/projects/changhui.yan/m.afzalsiddique/codes/autoresearch-master/checkpoints/best_50m.pt
