2026-04-29 12:07:28,906 [INFO] run_generation: Logging to /mmfs1/projects/changhui.yan/m.afzalsiddique/codes/recipe-nlg-github-replicate/recipenlg/logs/20260429-120728_run_generation.log
2026-04-29 12:07:28,907 [INFO] run_generation: PID=3145682 cwd=/mmfs1/projects/changhui.yan/m.afzalsiddique/codes/recipe-nlg-github-replicate/recipenlg
2026-04-29 12:07:28,907 [INFO] run_generation: Args: {
  "model_name_or_path": "generation/model_out",
  "input_jsonl": "generation/data/gold_test_100.json",
  "output_json": "generation/data/generated_recipenlg.json",
  "interactive": "False",
  "top_p": "0.9",
  "top_k": "0",
  "temperature": "1.0",
  "num_return_sequences": "10",
  "max_new_tokens": "950",
  "do_sample": "True",
  "seed": "42",
  "no_cuda": "False"
}
2026-04-29 12:07:28,987 [INFO] run_generation: Device=cuda
2026-04-29 12:07:30,677 [INFO] run_generation: Model max positions: 1024
2026-04-29 12:07:30,677 [INFO] run_generation: Decoding kwargs: {'do_sample': True, 'top_p': 0.9, 'top_k': 0, 'temperature': 1.0, 'max_new_tokens': 950, 'num_return_sequences': 10, 'eos_token_id': 50266, 'pad_token_id': 50266}
2026-04-29 12:07:30,678 [INFO] run_generation: Loaded 100 gold prompts from generation/data/gold_test_100.json
2026-04-29 12:08:38,384 [INFO] run_generation: Generated 10/100 gold prompts (100 total recipes)
2026-04-29 12:09:45,508 [INFO] run_generation: Generated 20/100 gold prompts (200 total recipes)
2026-04-29 12:10:52,809 [INFO] run_generation: Generated 30/100 gold prompts (300 total recipes)
2026-04-29 12:12:00,040 [INFO] run_generation: Generated 40/100 gold prompts (400 total recipes)
2026-04-29 12:12:13,524 [INFO] run_generation: Prompt 42: clamping max_new_tokens 950 -> 924 (prompt_len=100)
2026-04-29 12:13:07,258 [INFO] run_generation: Generated 50/100 gold prompts (500 total recipes)
2026-04-29 12:13:34,208 [INFO] run_generation: Prompt 54: clamping max_new_tokens 950 -> 943 (prompt_len=81)
2026-04-29 12:14:14,576 [INFO] run_generation: Generated 60/100 gold prompts (600 total recipes)
2026-04-29 12:15:22,081 [INFO] run_generation: Generated 70/100 gold prompts (700 total recipes)
2026-04-29 12:15:35,625 [INFO] run_generation: Prompt 72: clamping max_new_tokens 950 -> 942 (prompt_len=82)
2026-04-29 12:15:49,054 [INFO] run_generation: Prompt 74: clamping max_new_tokens 950 -> 948 (prompt_len=76)
2026-04-29 12:16:29,432 [INFO] run_generation: Generated 80/100 gold prompts (800 total recipes)
2026-04-29 12:17:30,083 [INFO] run_generation: Prompt 89: clamping max_new_tokens 950 -> 946 (prompt_len=78)
2026-04-29 12:17:36,780 [INFO] run_generation: Generated 90/100 gold prompts (900 total recipes)
2026-04-29 12:17:36,781 [INFO] run_generation: Prompt 90: clamping max_new_tokens 950 -> 936 (prompt_len=88)
2026-04-29 12:18:03,609 [INFO] run_generation: Prompt 94: clamping max_new_tokens 950 -> 945 (prompt_len=79)
2026-04-29 12:18:44,088 [INFO] run_generation: Generated 100/100 gold prompts (1000 total recipes)
2026-04-29 12:18:44,114 [INFO] run_generation: Wrote 1000 generated recipes to generation/data/generated_recipenlg.json
