2026-05-02 09:59:43,180 [INFO] run_generation: Logging to /mmfs1/projects/changhui.yan/m.afzalsiddique/codes/recipe-nlg-github-replicate/recipenlg/logs/20260502-095943_run_generation.log
2026-05-02 09:59:43,180 [INFO] run_generation: PID=365162 cwd=/mmfs1/projects/changhui.yan/m.afzalsiddique/codes/recipe-nlg-github-replicate/recipenlg
2026-05-02 09:59:43,180 [INFO] run_generation: Args: {
  "model_name_or_path": "generation/model_out",
  "input_jsonl": "generation/data/gold_test_100.json",
  "output_json": "generation/data/generated_recipenlg.json",
  "interactive": "False",
  "top_p": "0.9",
  "top_k": "0",
  "temperature": "1.0",
  "num_return_sequences": "10",
  "max_new_tokens": "950",
  "do_sample": "True",
  "seed": "42",
  "no_cuda": "False"
}
2026-05-02 09:59:43,256 [INFO] run_generation: Device=cuda
2026-05-02 09:59:45,862 [INFO] run_generation: Model max positions: 1024
2026-05-02 09:59:45,863 [INFO] run_generation: Decoding kwargs: {'do_sample': True, 'top_p': 0.9, 'top_k': 0, 'temperature': 1.0, 'max_new_tokens': 950, 'num_return_sequences': 10, 'eos_token_id': 50266, 'pad_token_id': 50256}
2026-05-02 09:59:45,865 [INFO] run_generation: Loaded 100 gold prompts from generation/data/gold_test_100.json
2026-05-02 10:00:04,674 [INFO] run_generation: Generated 10/100 gold prompts (100 total recipes)
2026-05-02 10:00:19,546 [INFO] run_generation: Generated 20/100 gold prompts (200 total recipes)
2026-05-02 10:00:35,468 [INFO] run_generation: Generated 30/100 gold prompts (300 total recipes)
2026-05-02 10:00:48,979 [INFO] run_generation: Generated 40/100 gold prompts (400 total recipes)
2026-05-02 10:00:56,124 [INFO] run_generation: Prompt 42: clamping max_new_tokens 950 -> 924 (prompt_len=100)
2026-05-02 10:01:16,588 [INFO] run_generation: Generated 50/100 gold prompts (500 total recipes)
2026-05-02 10:01:22,250 [INFO] run_generation: Prompt 54: clamping max_new_tokens 950 -> 943 (prompt_len=81)
2026-05-02 10:01:32,601 [INFO] run_generation: Generated 60/100 gold prompts (600 total recipes)
2026-05-02 10:01:48,183 [INFO] run_generation: Generated 70/100 gold prompts (700 total recipes)
2026-05-02 10:01:49,958 [INFO] run_generation: Prompt 72: clamping max_new_tokens 950 -> 942 (prompt_len=82)
2026-05-02 10:01:56,131 [INFO] run_generation: Prompt 74: clamping max_new_tokens 950 -> 948 (prompt_len=76)
2026-05-02 10:02:08,420 [INFO] run_generation: Generated 80/100 gold prompts (800 total recipes)
2026-05-02 10:02:23,063 [INFO] run_generation: Prompt 89: clamping max_new_tokens 950 -> 946 (prompt_len=78)
2026-05-02 10:02:25,562 [INFO] run_generation: Generated 90/100 gold prompts (900 total recipes)
2026-05-02 10:02:25,562 [INFO] run_generation: Prompt 90: clamping max_new_tokens 950 -> 936 (prompt_len=88)
2026-05-02 10:02:33,219 [INFO] run_generation: Prompt 94: clamping max_new_tokens 950 -> 945 (prompt_len=79)
2026-05-02 10:02:45,214 [INFO] run_generation: Generated 100/100 gold prompts (1000 total recipes)
2026-05-02 10:02:45,224 [INFO] run_generation: Wrote 1000 generated recipes to generation/data/generated_recipenlg.json
