2026-05-01 18:44:57,231 [INFO] run_generation: Logging to /mmfs1/projects/changhui.yan/m.afzalsiddique/codes/recipe-nlg-github-replicate/recipenlg/logs/20260501-184454_run_generation.log
2026-05-01 18:44:57,232 [INFO] run_generation: PID=229714 cwd=/mmfs1/projects/changhui.yan/m.afzalsiddique/codes/recipe-nlg-github-replicate/recipenlg
2026-05-01 18:44:57,232 [INFO] run_generation: Args: {
  "model_name_or_path": "generation/model_out",
  "input_jsonl": "generation/data/gold_test_100.json",
  "output_json": "generation/data/generated_recipenlg.json",
  "interactive": "False",
  "top_p": "0.9",
  "top_k": "0",
  "temperature": "1.0",
  "num_return_sequences": "10",
  "max_new_tokens": "950",
  "do_sample": "True",
  "seed": "42",
  "no_cuda": "False"
}
2026-05-01 18:44:57,319 [INFO] run_generation: Device=cuda
2026-05-01 18:44:59,996 [INFO] run_generation: Model max positions: 1024
2026-05-01 18:44:59,996 [INFO] run_generation: Decoding kwargs: {'do_sample': True, 'top_p': 0.9, 'top_k': 0, 'temperature': 1.0, 'max_new_tokens': 950, 'num_return_sequences': 10, 'eos_token_id': 50266, 'pad_token_id': 50256}
2026-05-01 18:45:00,020 [INFO] run_generation: Loaded 100 gold prompts from generation/data/gold_test_100.json
2026-05-01 18:45:18,219 [INFO] run_generation: Generated 10/100 gold prompts (100 total recipes)
2026-05-01 18:45:31,212 [INFO] run_generation: Generated 20/100 gold prompts (200 total recipes)
2026-05-01 18:45:47,422 [INFO] run_generation: Generated 30/100 gold prompts (300 total recipes)
2026-05-01 18:46:00,662 [INFO] run_generation: Generated 40/100 gold prompts (400 total recipes)
2026-05-01 18:46:04,741 [INFO] run_generation: Prompt 42: clamping max_new_tokens 950 -> 924 (prompt_len=100)
2026-05-01 18:46:23,701 [INFO] run_generation: Generated 50/100 gold prompts (500 total recipes)
2026-05-01 18:46:28,967 [INFO] run_generation: Prompt 54: clamping max_new_tokens 950 -> 943 (prompt_len=81)
2026-05-01 18:46:42,155 [INFO] run_generation: Generated 60/100 gold prompts (600 total recipes)
2026-05-01 18:46:58,121 [INFO] run_generation: Generated 70/100 gold prompts (700 total recipes)
2026-05-01 18:47:00,121 [INFO] run_generation: Prompt 72: clamping max_new_tokens 950 -> 942 (prompt_len=82)
2026-05-01 18:47:05,981 [INFO] run_generation: Prompt 74: clamping max_new_tokens 950 -> 948 (prompt_len=76)
2026-05-01 18:47:18,711 [INFO] run_generation: Generated 80/100 gold prompts (800 total recipes)
2026-05-01 18:47:34,785 [INFO] run_generation: Prompt 89: clamping max_new_tokens 950 -> 946 (prompt_len=78)
2026-05-01 18:47:36,866 [INFO] run_generation: Generated 90/100 gold prompts (900 total recipes)
2026-05-01 18:47:36,867 [INFO] run_generation: Prompt 90: clamping max_new_tokens 950 -> 936 (prompt_len=88)
2026-05-01 18:47:45,959 [INFO] run_generation: Prompt 94: clamping max_new_tokens 950 -> 945 (prompt_len=79)
2026-05-01 18:47:55,220 [INFO] run_generation: Generated 100/100 gold prompts (1000 total recipes)
2026-05-01 18:47:55,230 [INFO] run_generation: Wrote 1000 generated recipes to generation/data/generated_recipenlg.json
